Archive member included to satisfy reference by file (symbol)

/ARM/gcc-arm-none-eabi-6-2017-q1-update/bin/../lib/gcc/arm-none-eabi/6.3.1/../../../../arm-none-eabi/lib/thumb/v7e-m/fpv4-sp/hard/libc_nano.a(lib_a-exit.o)
                              /ARM/gcc-arm-none-eabi-6-2017-q1-update/bin/../lib/gcc/arm-none-eabi/6.3.1/../../../../arm-none-eabi/lib/thumb/v7e-m/fpv4-sp/hard/crt0.o (exit)
/ARM/gcc-arm-none-eabi-6-2017-q1-update/bin/../lib/gcc/arm-none-eabi/6.3.1/../../../../arm-none-eabi/lib/thumb/v7e-m/fpv4-sp/hard/libc_nano.a(lib_a-impure.o)
                              /ARM/gcc-arm-none-eabi-6-2017-q1-update/bin/../lib/gcc/arm-none-eabi/6.3.1/../../../../arm-none-eabi/lib/thumb/v7e-m/fpv4-sp/hard/libc_nano.a(lib_a-exit.o) (_global_impure_ptr)
/ARM/gcc-arm-none-eabi-6-2017-q1-update/bin/../lib/gcc/arm-none-eabi/6.3.1/../../../../arm-none-eabi/lib/thumb/v7e-m/fpv4-sp/hard/libc_nano.a(lib_a-init.o)
                              /ARM/gcc-arm-none-eabi-6-2017-q1-update/bin/../lib/gcc/arm-none-eabi/6.3.1/../../../../arm-none-eabi/lib/thumb/v7e-m/fpv4-sp/hard/crt0.o (__libc_init_array)
/ARM/gcc-arm-none-eabi-6-2017-q1-update/bin/../lib/gcc/arm-none-eabi/6.3.1/../../../../arm-none-eabi/lib/thumb/v7e-m/fpv4-sp/hard/libc_nano.a(lib_a-memset.o)
                              /ARM/gcc-arm-none-eabi-6-2017-q1-update/bin/../lib/gcc/arm-none-eabi/6.3.1/../../../../arm-none-eabi/lib/thumb/v7e-m/fpv4-sp/hard/crt0.o (memset)
/ARM/gcc-arm-none-eabi-6-2017-q1-update/bin/../lib/gcc/arm-none-eabi/6.3.1/../../../../arm-none-eabi/lib/thumb/v7e-m/fpv4-sp/hard/libnosys.a(_exit.o)
                              /ARM/gcc-arm-none-eabi-6-2017-q1-update/bin/../lib/gcc/arm-none-eabi/6.3.1/../../../../arm-none-eabi/lib/thumb/v7e-m/fpv4-sp/hard/libc_nano.a(lib_a-exit.o) (_exit)
/ARM/gcc-arm-none-eabi-6-2017-q1-update/bin/../lib/gcc/arm-none-eabi/6.3.1/thumb/v7e-m/fpv4-sp/hard/libgcc.a(_arm_addsubdf3.o)
                              _build/nrf52832_xxaa_main.c.o (__aeabi_dsub)
/ARM/gcc-arm-none-eabi-6-2017-q1-update/bin/../lib/gcc/arm-none-eabi/6.3.1/thumb/v7e-m/fpv4-sp/hard/libgcc.a(_arm_muldivdf3.o)
                              _build/nrf52832_xxaa_main.c.o (__aeabi_dmul)
/ARM/gcc-arm-none-eabi-6-2017-q1-update/bin/../lib/gcc/arm-none-eabi/6.3.1/thumb/v7e-m/fpv4-sp/hard/libgcc.a(_arm_fixunsdfsi.o)
                              _build/nrf52832_xxaa_main.c.o (__aeabi_d2uiz)
/ARM/gcc-arm-none-eabi-6-2017-q1-update/bin/../lib/gcc/arm-none-eabi/6.3.1/thumb/v7e-m/fpv4-sp/hard/libgcc.a(_aeabi_uldivmod.o)
                              _build/nrf52832_xxaa_bsp.c.o (__aeabi_uldivmod)
/ARM/gcc-arm-none-eabi-6-2017-q1-update/bin/../lib/gcc/arm-none-eabi/6.3.1/thumb/v7e-m/fpv4-sp/hard/libgcc.a(_udivmoddi4.o)
                              /ARM/gcc-arm-none-eabi-6-2017-q1-update/bin/../lib/gcc/arm-none-eabi/6.3.1/thumb/v7e-m/fpv4-sp/hard/libgcc.a(_aeabi_uldivmod.o) (__udivmoddi4)
/ARM/gcc-arm-none-eabi-6-2017-q1-update/bin/../lib/gcc/arm-none-eabi/6.3.1/thumb/v7e-m/fpv4-sp/hard/libgcc.a(_dvmd_tls.o)
                              /ARM/gcc-arm-none-eabi-6-2017-q1-update/bin/../lib/gcc/arm-none-eabi/6.3.1/thumb/v7e-m/fpv4-sp/hard/libgcc.a(_aeabi_uldivmod.o) (__aeabi_ldiv0)
/ARM/gcc-arm-none-eabi-6-2017-q1-update/bin/../lib/gcc/arm-none-eabi/6.3.1/../../../../arm-none-eabi/lib/thumb/v7e-m/fpv4-sp/hard/libc_nano.a(lib_a-memcmp.o)
                              _build/nrf52832_xxaa_id_manager.c.o (memcmp)
/ARM/gcc-arm-none-eabi-6-2017-q1-update/bin/../lib/gcc/arm-none-eabi/6.3.1/../../../../arm-none-eabi/lib/thumb/v7e-m/fpv4-sp/hard/libc_nano.a(lib_a-memcpy-stub.o)
                              _build/nrf52832_xxaa_app_scheduler.c.o (memcpy)
/ARM/gcc-arm-none-eabi-6-2017-q1-update/bin/../lib/gcc/arm-none-eabi/6.3.1/../../../../arm-none-eabi/lib/thumb/v7e-m/fpv4-sp/hard/libc_nano.a(lib_a-memmove.o)
                              _build/nrf52832_xxaa_ble_hrs.c.o (memmove)
/ARM/gcc-arm-none-eabi-6-2017-q1-update/bin/../lib/gcc/arm-none-eabi/6.3.1/../../../../arm-none-eabi/lib/thumb/v7e-m/fpv4-sp/hard/libc_nano.a(lib_a-strcpy.o)
                              _build/nrf52832_xxaa_SEGGER_RTT.c.o (strcpy)
/ARM/gcc-arm-none-eabi-6-2017-q1-update/bin/../lib/gcc/arm-none-eabi/6.3.1/../../../../arm-none-eabi/lib/thumb/v7e-m/fpv4-sp/hard/libc_nano.a(lib_a-strlen.o)
                              _build/nrf52832_xxaa_main.c.o (strlen)

Allocating common symbols
Common symbol       size              file

dig_P7              0x2               _build/nrf52832_xxaa_BME280.c.o
dig_T1              0x2               _build/nrf52832_xxaa_BME280.c.o
dig_H4              0x2               _build/nrf52832_xxaa_BME280.c.o
dig_T2              0x2               _build/nrf52832_xxaa_BME280.c.o
dig_H1              0x1               _build/nrf52832_xxaa_BME280.c.o
var1                0x4               _build/nrf52832_xxaa_BME280.c.o
varP1               0x4               _build/nrf52832_xxaa_BME280.c.o
calib26             0x1a              _build/nrf52832_xxaa_BME280.c.o
[...]
Memory Configuration

Name             Origin             Length             Attributes
FLASH            0x000000000001f000 0x0000000000061000 xr
RAM              0x0000000020002558 0x000000000000daa8 xrw
*default*        0x0000000000000000 0xffffffffffffffff

Linker script and memory map


.text           0x000000000001f000    0x140e0
 *(.isr_vector)
 .isr_vector    0x000000000001f000      0x200 _build/nrf52832_xxaa_gcc_startup_nrf52.S.o
                0x000000000001f000                __isr_vector
 *(.text*)
 .text          0x000000000001f200       0x6c /ARM/gcc-arm-none-eabi-6-2017-q1-update/bin/../lib/gcc/arm-none-eabi/6.3.1/thumb/v7e-m/fpv4-sp/hard/crtbegin.o
 .text          0x000000000001f26c       0x74 /ARM/gcc-arm-none-eabi-6-2017-q1-update/bin/../lib/gcc/arm-none-eabi/6.3.1/../../../../arm-none-eabi/lib/thumb/v7e-m/fpv4-sp/hard/crt0.o
                0x000000000001f26c                _mainCRTStartup
                0x000000000001f26c                _start
 .text.exit     0x000000000001f2e0       0x28 /ARM/gcc-arm-none-eabi-6-2017-q1-update/bin/../lib/gcc/arm-none-eabi/6.3.1/../../../../arm-none-eabi/lib/thumb/v7e-m/fpv4-sp/hard/libc_nano.a(lib_a-exit.o)
                0x000000000001f2e0                exit
 .text.__libc_init_array
                0x000000000001f308       0x48 /ARM/gcc-arm-none-eabi-6-2017-q1-update/bin/../lib/gcc/arm-none-eabi/6.3.1/../../../../arm-none-eabi/lib/thumb/v7e-m/fpv4-sp/hard/libc_nano.a(lib_a-init.o)
                0x000000000001f308                __libc_init_array
 .text.memset   0x000000000001f350       0x10 /ARM/gcc-arm-none-eabi-6-2017-q1-update/bin/../lib/gcc/arm-none-eabi/6.3.1/../../../../arm-none-eabi/lib/thumb/v7e-m/fpv4-sp/hard/libc_nano.a(lib_a-memset.o)
                0x000000000001f350                memset
 .text._exit    0x000000000001f360        0x4 /ARM/gcc-arm-none-eabi-6-2017-q1-update/bin/../lib/gcc/arm-none-eabi/6.3.1/../../../../arm-none-eabi/lib/thumb/v7e-m/fpv4-sp/hard/libnosys.a(_exit.o)
                0x000000000001f360                _exit
 .text.nrf_gpio_pin_port_decode
                0x000000000001f364       0x18 _build/nrf52832_xxaa_boards.c.o
 .text.nrf_gpio_cfg
                0x000000000001f37c       0x52 _build/nrf52832_xxaa_boards.c.o
 .text.nrf_gpio_cfg_output
                0x000000000001f3ce       0x24 _build/nrf52832_xxaa_boards.c.o
 .text.nrf_gpio_pin_set
                0x000000000001f3f2       0x2a _build/nrf52832_xxaa_boards.c.o
 .text.nrf_gpio_pin_clear
                0x000000000001f41c       0x2a _build/nrf52832_xxaa_boards.c.o
 .text.nrf_gpio_pin_toggle
                0x000000000001f446       0x46 _build/nrf52832_xxaa_boards.c.o
 .text.nrf_gpio_pin_write
                0x000000000001f48c       0x26 _build/nrf52832_xxaa_boards.c.o
 .text.nrf_gpio_pin_out_read
                0x000000000001f4b2       0x2c _build/nrf52832_xxaa_boards.c.o
 .text.nrf_gpio_port_out_read
                0x000000000001f4de       0x1a _build/nrf52832_xxaa_boards.c.o
 .text.nrf_gpio_port_out_set
                0x000000000001f4f8       0x1e _build/nrf52832_xxaa_boards.c.o
 .text.nrf_gpio_port_out_clear
                0x000000000001f516       0x1e _build/nrf52832_xxaa_boards.c.o
 .text.bsp_board_led_state_get
                0x000000000001f534       0x48 _build/nrf52832_xxaa_boards.c.o
                0x000000000001f534                bsp_board_led_state_get
 .text.bsp_board_led_on
                0x000000000001f57c       0x24 _build/nrf52832_xxaa_boards.c.o
                0x000000000001f57c                bsp_board_led_on
 .text.bsp_board_led_off
                0x000000000001f5a0       0x24 _build/nrf52832_xxaa_boards.c.o
                0x000000000001f5a0                bsp_board_led_off
 .text.bsp_board_leds_off
                0x000000000001f5c4       0x28 _build/nrf52832_xxaa_boards.c.o
                0x000000000001f5c4                bsp_board_leds_off
 .text.bsp_board_leds_on
                0x000000000001f5ec       0x28 _build/nrf52832_xxaa_boards.c.o
                0x000000000001f5ec                bsp_board_leds_on
 .text.bsp_board_led_invert
                0x000000000001f614       0x24 _build/nrf52832_xxaa_boards.c.o
                0x000000000001f614                bsp_board_led_invert
 .text.bsp_board_leds_init
                0x000000000001f638       0x38 _build/nrf52832_xxaa_boards.c.o
                0x000000000001f638                bsp_board_leds_init
 .text.bsp_board_pin_to_button_idx
                0x000000000001f670       0x48 _build/nrf52832_xxaa_boards.c.o
                0x000000000001f670                bsp_board_pin_to_button_idx
 .text.bsp_board_button_idx_to_pin
                0x000000000001f6b8       0x20 _build/nrf52832_xxaa_boards.c.o
                0x000000000001f6b8                bsp_board_button_idx_to_pin
 .text.sd_ble_gap_disconnect
                0x000000000001f6d8        0x8 _build/nrf52832_xxaa_main.c.o
 .text.sd_ble_gap_appearance_set
                0x000000000001f6e0        0x8 _build/nrf52832_xxaa_main.c.o
 .text.sd_ble_gap_ppcp_set
                0x000000000001f6e8        0x8 _build/nrf52832_xxaa_main.c.o
 .text.sd_ble_gap_device_name_set
                0x000000000001f6f0        0x8 _build/nrf52832_xxaa_main.c.o
 .text.sd_ble_gatts_rw_authorize_reply
                0x000000000001f6f8        0x8 _build/nrf52832_xxaa_main.c.o
 .text.sd_ble_cfg_set
                0x000000000001f700        0x8 _build/nrf52832_xxaa_main.c.o
 .text.sd_ble_user_mem_reply
                0x000000000001f708        0x8 _build/nrf52832_xxaa_main.c.o
 .text.sd_power_system_off
                0x000000000001f710        0x8 _build/nrf52832_xxaa_main.c.o
 .text.nrf_delay_us
                0x000000000001f718       0xa8 _build/nrf52832_xxaa_main.c.o
 .text.nrf_delay_ms
                0x000000000001f7c0       0x20 _build/nrf52832_xxaa_main.c.o
 .text.flash_green
                0x000000000001f7e0       0x1a _build/nrf52832_xxaa_main.c.o
                0x000000000001f7e0                flash_green
 .text.flash_red
                0x000000000001f7fa       0x1a _build/nrf52832_xxaa_main.c.o
                0x000000000001f7fa                flash_red
 .text.leds_init
                0x000000000001f814       0x38 _build/nrf52832_xxaa_main.c.o
 .text.delete_bonds
                0x000000000001f84c       0x30 _build/nrf52832_xxaa_main.c.o
 .text.advertising_start
                0x000000000001f87c       0x36 _build/nrf52832_xxaa_main.c.o
                0x000000000001f87c                advertising_start
 .text.fds_evt_handler
                0x000000000001f8b2       0x14 _build/nrf52832_xxaa_main.c.o
 *fill*         0x000000000001f8c6        0x2 
 .text.pm_evt_handler
                0x000000000001f8c8      0x118 _build/nrf52832_xxaa_main.c.o
 .text.RTC1_timer_init
                0x000000000001f9e0       0x58 _build/nrf52832_xxaa_main.c.o
 .text.RTC1_timer_start
                0x000000000001fa38       0x3c _build/nrf52832_xxaa_main.c.o
 .text.gap_params_init
                0x000000000001fa74       0xb8 _build/nrf52832_xxaa_main.c.o
 .text.gatt_evt_handler
                0x000000000001fb2c       0x20 _build/nrf52832_xxaa_main.c.o
 .text.gatt_init
                0x000000000001fb4c       0x3c _build/nrf52832_xxaa_main.c.o
 .text.ble_services_init
                0x000000000001fb88      0x204 _build/nrf52832_xxaa_main.c.o
 .text.on_conn_params_evt
                0x000000000001fd8c       0x44 _build/nrf52832_xxaa_main.c.o
 .text.conn_params_error_handler
                0x000000000001fdd0       0x16 _build/nrf52832_xxaa_main.c.o
 *fill*         0x000000000001fde6        0x2 
 .text.conn_params_init
                0x000000000001fde8       0x70 _build/nrf52832_xxaa_main.c.o
 .text.sleep_mode_enter
                0x000000000001fe58       0x68 _build/nrf52832_xxaa_main.c.o
 .text.on_adv_evt
                0x000000000001fec0       0x48 _build/nrf52832_xxaa_main.c.o
 .text.on_ble_evt
                0x000000000001ff08      0x238 _build/nrf52832_xxaa_main.c.o
 .text.ble_evt_dispatch
                0x0000000000020140       0x58 _build/nrf52832_xxaa_main.c.o
 .text.sys_evt_dispatch
                0x0000000000020198       0x1c _build/nrf52832_xxaa_main.c.o
 .text.ble_stack_init
                0x00000000000201b4      0x1b4 _build/nrf52832_xxaa_main.c.o
 .text.bsp_event_handler
                0x0000000000020368       0x98 _build/nrf52832_xxaa_main.c.o
                0x0000000000020368                bsp_event_handler
 .text.peer_manager_init
                0x0000000000020400       0xe8 _build/nrf52832_xxaa_main.c.o
 .text.advertising_init
                0x00000000000204e8       0x8c _build/nrf52832_xxaa_main.c.o
 .text.FLASH_Write_Record
                0x0000000000020574      0x190 _build/nrf52832_xxaa_main.c.o
                0x0000000000020574                FLASH_Write_Record
 .text.add_to_flash
                0x0000000000020704       0xc8 _build/nrf52832_xxaa_main.c.o
                0x0000000000020704                add_to_flash
 .text.update_battery
                0x00000000000207cc       0xb0 _build/nrf52832_xxaa_main.c.o
 *fill*         0x000000000002087c        0x4 
 .text.update_fast
                0x0000000000020880      0x1fc _build/nrf52832_xxaa_main.c.o
 .text.timeout_handler
                0x0000000000020a7c       0x18 _build/nrf52832_xxaa_main.c.o
 .text.main     0x0000000000020a94       0xbc _build/nrf52832_xxaa_main.c.o
                0x0000000000020a94                main
 .text.I2C_init
                0x0000000000020b50       0x58 _build/nrf52832_xxaa_I2C.c.o
                0x0000000000020b50                I2C_init
 .text.writeByte
                0x0000000000020ba8       0x68 _build/nrf52832_xxaa_I2C.c.o
                0x0000000000020ba8                writeByte
 .text.writeBytes
                0x0000000000020c10       0x5c _build/nrf52832_xxaa_I2C.c.o
                0x0000000000020c10                writeBytes
 .text.readByte
                0x0000000000020c6c       0xa0 _build/nrf52832_xxaa_I2C.c.o
                0x0000000000020c6c                readByte
 .text.I2C_handler
                0x0000000000020d0c       0x2c _build/nrf52832_xxaa_I2C.c.o
                0x0000000000020d0c                I2C_handler
 .text.readBytes
                0x0000000000020d38       0x80 _build/nrf52832_xxaa_I2C.c.o
                0x0000000000020d38                readBytes
 .text.nrf_delay_us
                0x0000000000020db8       0xa8 _build/nrf52832_xxaa_BME280.c.o
 .text.nrf_delay_ms
                0x0000000000020e60       0x20 _build/nrf52832_xxaa_BME280.c.o
 .text.BME280_Turn_On
                0x0000000000020e80       0x4c _build/nrf52832_xxaa_BME280.c.o
                0x0000000000020e80                BME280_Turn_On
 .text.BME280_Configure
                0x0000000000020ecc      0x25c _build/nrf52832_xxaa_BME280.c.o
                0x0000000000020ecc                BME280_Configure
 .text.BME280_Get_Data
                0x0000000000021128      0x16c _build/nrf52832_xxaa_BME280.c.o
                0x0000000000021128                BME280_Get_Data
 .text.BME280_Compensate_H
                0x0000000000021294       0xd0 _build/nrf52832_xxaa_BME280.c.o
                0x0000000000021294                BME280_Compensate_H
 .text.BME280_Compensate_T
                0x0000000000021364       0x24 _build/nrf52832_xxaa_BME280.c.o
                0x0000000000021364                BME280_Compensate_T
 .text.BME280_Compensate_P
                0x0000000000021388      0x1ac _build/nrf52832_xxaa_BME280.c.o
                0x0000000000021388                BME280_Compensate_P
 .text.ADC_init
                0x0000000000021534       0x74 _build/nrf52832_xxaa_ADC.c.o
                0x0000000000021534                ADC_init
 .text.ADC_callback
                0x00000000000215a8       0xa8 _build/nrf52832_xxaa_ADC.c.o
                0x00000000000215a8                ADC_callback
 .text.Current_VBATT
                0x0000000000021650       0x18 _build/nrf52832_xxaa_ADC.c.o
                0x0000000000021650                Current_VBATT
 .text.nrf_delay_us
                0x0000000000021668       0xa8 _build/nrf52832_xxaa_SPIFlash.c.o
 .text.nrf_delay_ms
                0x0000000000021710       0x20 _build/nrf52832_xxaa_SPIFlash.c.o
 .text.FLASH_Init
                0x0000000000021730       0x2c _build/nrf52832_xxaa_SPIFlash.c.o
                0x0000000000021730                FLASH_Init
 .text.FLASH_Print_ID
                0x000000000002175c       0x58 _build/nrf52832_xxaa_SPIFlash.c.o
                0x000000000002175c                FLASH_Print_ID
 .text.FLASH_Is_Write_Enabled
                0x00000000000217b4       0x50 _build/nrf52832_xxaa_SPIFlash.c.o
                0x00000000000217b4                FLASH_Is_Write_Enabled
 .text.FLASH_Is_Busy
                0x0000000000021804       0x4c _build/nrf52832_xxaa_SPIFlash.c.o
                0x0000000000021804                FLASH_Is_Busy
 .text.FLASH_Page_Write
                0x0000000000021850      0x158 _build/nrf52832_xxaa_SPIFlash.c.o
                0x0000000000021850                FLASH_Page_Write
 .text.FLASH_Page_Is_Empty
                0x00000000000219a8       0xac _build/nrf52832_xxaa_SPIFlash.c.o
                0x00000000000219a8                FLASH_Page_Is_Empty
 .text.FLASH_Get_First_Available_Location
                0x0000000000021a54       0x38 _build/nrf52832_xxaa_SPIFlash.c.o
                0x0000000000021a54                FLASH_Get_First_Available_Location
 .text.page_to_address
                0x0000000000021a8c       0x18 _build/nrf52832_xxaa_SPIFlash.c.o
                0x0000000000021a8c                page_to_address
 .text.FLASH_Set_Write_Enable
                0x0000000000021aa4       0x48 _build/nrf52832_xxaa_SPIFlash.c.o
                0x0000000000021aa4                FLASH_Set_Write_Enable
 .text.VEML6040_Turn_On
                0x0000000000021aec       0x26 _build/nrf52832_xxaa_VEML6040.c.o
                0x0000000000021aec                VEML6040_Turn_On
 .text.VEML6040_Get_Data
                0x0000000000021b12       0xa6 _build/nrf52832_xxaa_VEML6040.c.o
                0x0000000000021b12                VEML6040_Get_Data
 .text.nrf_delay_us
                0x0000000000021bb8       0xa8 _build/nrf52832_xxaa_BMA280.c.o
 .text.nrf_delay_ms
                0x0000000000021c60       0x20 _build/nrf52832_xxaa_BMA280.c.o
 .text.BMA280_Turn_On_Fast
                0x0000000000021c80       0x70 _build/nrf52832_xxaa_BMA280.c.o
                0x0000000000021c80                BMA280_Turn_On_Fast
 .text.BMA280_Turn_On_Slow
                0x0000000000021cf0       0x42 _build/nrf52832_xxaa_BMA280.c.o
                0x0000000000021cf0                BMA280_Turn_On_Slow
 .text.BMA280_Get_Data
                0x0000000000021d32       0x58 _build/nrf52832_xxaa_BMA280.c.o
                0x0000000000021d32                BMA280_Get_Data
 *fill*         0x0000000000021d8a        0x2 
 .text.BMA280_Calibrate
                0x0000000000021d8c      0x1a0 _build/nrf52832_xxaa_BMA280.c.o
                0x0000000000021d8c                BMA280_Calibrate
 .text.detection_delay_timeout_handler
                0x0000000000021f2c       0xc8 _build/nrf52832_xxaa_app_button.c.o
 .text.gpiote_event_handler
                0x0000000000021ff4       0xa0 _build/nrf52832_xxaa_app_button.c.o
 .text.app_button_init
                0x0000000000022094       0xd4 _build/nrf52832_xxaa_app_button.c.o
                0x0000000000022094                app_button_init
 .text.app_button_enable
                0x0000000000022168       0x44 _build/nrf52832_xxaa_app_button.c.o
                0x0000000000022168                app_button_enable
 .text.NVIC_EnableIRQ
                0x00000000000221ac       0x34 _build/nrf52832_xxaa_app_timer.c.o
 .text.NVIC_DisableIRQ
                0x00000000000221e0       0x34 _build/nrf52832_xxaa_app_timer.c.o
 .text.NVIC_SetPendingIRQ
                0x0000000000022214       0x34 _build/nrf52832_xxaa_app_timer.c.o
 .text.NVIC_ClearPendingIRQ
                0x0000000000022248       0x34 _build/nrf52832_xxaa_app_timer.c.o
 .text.NVIC_SetPriority
                0x000000000002227c       0x54 _build/nrf52832_xxaa_app_timer.c.o
 .text.nrf_delay_us
                0x00000000000222d0       0xa8 _build/nrf52832_xxaa_app_timer.c.o
 .text.rtc1_init
                0x0000000000022378       0x24 _build/nrf52832_xxaa_app_timer.c.o
 .text.rtc1_start
                0x000000000002239c       0x44 _build/nrf52832_xxaa_app_timer.c.o
 .text.rtc1_stop
                0x00000000000223e0       0x54 _build/nrf52832_xxaa_app_timer.c.o
 .text.rtc1_counter_get
                0x0000000000022434       0x18 _build/nrf52832_xxaa_app_timer.c.o
 .text.ticks_diff_get
                0x000000000002244c       0x20 _build/nrf52832_xxaa_app_timer.c.o
 .text.rtc1_compare0_set
                0x000000000002246c       0x20 _build/nrf52832_xxaa_app_timer.c.o
 .text.timer_list_insert
                0x000000000002248c       0xb4 _build/nrf52832_xxaa_app_timer.c.o
 .text.timer_list_remove
                0x0000000000022540       0xc0 _build/nrf52832_xxaa_app_timer.c.o
 .text.timer_timeouts_check_sched
                0x0000000000022600        0xe _build/nrf52832_xxaa_app_timer.c.o
 .text.timer_list_handler_sched
                0x000000000002260e        0xe _build/nrf52832_xxaa_app_timer.c.o
 .text.timeout_handler_exec
                0x000000000002261c       0x1c _build/nrf52832_xxaa_app_timer.c.o
 .text.timer_timeouts_check
                0x0000000000022638       0xc8 _build/nrf52832_xxaa_app_timer.c.o
 .text.elapsed_ticks_acquire
                0x0000000000022700       0x80 _build/nrf52832_xxaa_app_timer.c.o
 .text.expired_timers_handler
                0x0000000000022780       0x9c _build/nrf52832_xxaa_app_timer.c.o
 .text.list_insertions_handler
                0x000000000002281c      0x1b8 _build/nrf52832_xxaa_app_timer.c.o
 .text.compare_reg_update
                0x00000000000229d4       0xb4 _build/nrf52832_xxaa_app_timer.c.o
 .text.timer_list_handler
                0x0000000000022a88       0x74 _build/nrf52832_xxaa_app_timer.c.o
 .text.user_op_enque
                0x0000000000022afc       0x20 _build/nrf52832_xxaa_app_timer.c.o
 .text.user_op_alloc
                0x0000000000022b1c       0x5c _build/nrf52832_xxaa_app_timer.c.o
 .text.timer_start_op_schedule
                0x0000000000022b78       0x7a _build/nrf52832_xxaa_app_timer.c.o
 .text.timer_stop_op_schedule
                0x0000000000022bf2       0x5c _build/nrf52832_xxaa_app_timer.c.o
 *fill*         0x0000000000022c4e        0x2 
 .text.RTC1_IRQHandler
                0x0000000000022c50       0x40 _build/nrf52832_xxaa_app_timer.c.o
                0x0000000000022c50                RTC1_IRQHandler
 .text.SWI0_EGU0_IRQHandler
                0x0000000000022c90        0xc _build/nrf52832_xxaa_app_timer.c.o
                0x0000000000022c90                SWI0_EGU0_IRQHandler
 .text.app_timer_init
                0x0000000000022c9c       0x6c _build/nrf52832_xxaa_app_timer.c.o
                0x0000000000022c9c                app_timer_init
 .text.app_timer_create
                0x0000000000022d08       0x68 _build/nrf52832_xxaa_app_timer.c.o
                0x0000000000022d08                app_timer_create
 .text.app_timer_start
                0x0000000000022d70       0x68 _build/nrf52832_xxaa_app_timer.c.o
                0x0000000000022d70                app_timer_start
 .text.app_timer_stop
                0x0000000000022dd8       0x48 _build/nrf52832_xxaa_app_timer.c.o
                0x0000000000022dd8                app_timer_stop
 .text.is_word_aligned
                0x0000000000022e20       0x24 _build/nrf52832_xxaa_fds.c.o
 .text.flag_set
                0x0000000000022e44       0x28 _build/nrf52832_xxaa_fds.c.o
 .text.flag_clear
                0x0000000000022e6c       0x34 _build/nrf52832_xxaa_fds.c.o
 .text.flag_is_set
                0x0000000000022ea0       0x30 _build/nrf52832_xxaa_fds.c.o
 .text.event_send
                0x0000000000022ed0       0x40 _build/nrf52832_xxaa_fds.c.o
 .text.event_prepare
                0x0000000000022f10       0xdc _build/nrf52832_xxaa_fds.c.o
 .text.header_is_valid
                0x0000000000022fec       0x34 _build/nrf52832_xxaa_fds.c.o
 .text.address_is_valid
                0x0000000000023020       0x48 _build/nrf52832_xxaa_fds.c.o
 .text.chunk_is_aligned
                0x0000000000023068       0x48 _build/nrf52832_xxaa_fds.c.o
 .text.page_identify
                0x00000000000230b0       0x4c _build/nrf52832_xxaa_fds.c.o
 .text.page_is_erased
                0x00000000000230fc       0x3e _build/nrf52832_xxaa_fds.c.o
 *fill*         0x000000000002313a        0x2 
 .text.page_has_space
                0x000000000002313c       0x54 _build/nrf52832_xxaa_fds.c.o
 .text.page_from_record
                0x0000000000023190       0x68 _build/nrf52832_xxaa_fds.c.o
 .text.page_scan
                0x00000000000231f8       0xa4 _build/nrf52832_xxaa_fds.c.o
 .text.page_offsets_update
                0x000000000002329c       0x3c _build/nrf52832_xxaa_fds.c.o
 .text.page_tag_write_swap
                0x00000000000232d8       0x2c _build/nrf52832_xxaa_fds.c.o
 .text.page_tag_write_data
                0x0000000000023304       0x2c _build/nrf52832_xxaa_fds.c.o
 .text.write_space_reserve
                0x0000000000023330       0x9c _build/nrf52832_xxaa_fds.c.o
 .text.write_space_free
                0x00000000000233cc       0x44 _build/nrf52832_xxaa_fds.c.o
 .text.record_id_new
                0x0000000000023410       0x20 _build/nrf52832_xxaa_fds.c.o
 .text.record_find_next
                0x0000000000023430       0x94 _build/nrf52832_xxaa_fds.c.o
 .text.record_find_by_desc
                0x00000000000234c4       0xb8 _build/nrf52832_xxaa_fds.c.o
 .text.record_find
                0x000000000002357c       0xd4 _build/nrf52832_xxaa_fds.c.o
 .text.queue_advance
                0x0000000000023650       0x54 _build/nrf52832_xxaa_fds.c.o
 .text.chunk_queue_next
                0x00000000000236a4       0x38 _build/nrf52832_xxaa_fds.c.o
                0x00000000000236a4                chunk_queue_next
 .text.chunk_queue_get_and_advance
                0x00000000000236dc       0x48 _build/nrf52832_xxaa_fds.c.o
 .text.chunk_queue_skip
                0x0000000000023724       0x44 _build/nrf52832_xxaa_fds.c.o
 .text.op_enqueue
                0x0000000000023768       0xd4 _build/nrf52832_xxaa_fds.c.o
 .text.pages_init
                0x000000000002383c      0x188 _build/nrf52832_xxaa_fds.c.o
 .text.record_header_write_begin
                0x00000000000239c4       0x40 _build/nrf52832_xxaa_fds.c.o
 .text.record_header_write_id
                0x0000000000023a04       0x50 _build/nrf52832_xxaa_fds.c.o
 .text.record_header_write_finalize
                0x0000000000023a54       0x50 _build/nrf52832_xxaa_fds.c.o
 .text.record_header_flag_dirty
                0x0000000000023aa4       0x50 _build/nrf52832_xxaa_fds.c.o
 .text.record_find_and_delete
                0x0000000000023af4       0x62 _build/nrf52832_xxaa_fds.c.o
 *fill*         0x0000000000023b56        0x2 
 .text.file_find_and_delete
                0x0000000000023b58       0x4c _build/nrf52832_xxaa_fds.c.o
 .text.record_write_chunk
                0x0000000000023ba4       0x7c _build/nrf52832_xxaa_fds.c.o
 .text.gc_init  0x0000000000023c20       0x64 _build/nrf52832_xxaa_fds.c.o
 .text.gc_page_next
                0x0000000000023c84       0x78 _build/nrf52832_xxaa_fds.c.o
 .text.gc_swap_erase
                0x0000000000023cfc       0x30 _build/nrf52832_xxaa_fds.c.o
 .text.gc_page_erase
                0x0000000000023d2c       0x5c _build/nrf52832_xxaa_fds.c.o
 .text.gc_record_copy
                0x0000000000023d88       0x54 _build/nrf52832_xxaa_fds.c.o
 .text.gc_record_find_next
                0x0000000000023ddc       0x38 _build/nrf52832_xxaa_fds.c.o
 .text.gc_swap_promote
                0x0000000000023e14       0x2c _build/nrf52832_xxaa_fds.c.o
 .text.gc_tag_new_swap
                0x0000000000023e40       0x20 _build/nrf52832_xxaa_fds.c.o
 .text.gc_next_page
                0x0000000000023e60       0x40 _build/nrf52832_xxaa_fds.c.o
 .text.gc_update_swap_offset
                0x0000000000023ea0       0x38 _build/nrf52832_xxaa_fds.c.o
 .text.gc_swap_pages
                0x0000000000023ed8       0x64 _build/nrf52832_xxaa_fds.c.o
 .text.gc_state_advance
                0x0000000000023f3c       0x74 _build/nrf52832_xxaa_fds.c.o
 .text.init_execute
                0x0000000000023fb0      0x168 _build/nrf52832_xxaa_fds.c.o
 .text.write_execute
                0x0000000000024118      0x10c _build/nrf52832_xxaa_fds.c.o
 .text.delete_execute
                0x0000000000024224       0x64 _build/nrf52832_xxaa_fds.c.o
 .text.gc_execute
                0x0000000000024288       0x98 _build/nrf52832_xxaa_fds.c.o
 .text.queue_process
                0x0000000000024320       0xdc _build/nrf52832_xxaa_fds.c.o
 .text.queue_start
                0x00000000000243fc       0x26 _build/nrf52832_xxaa_fds.c.o
 .text.fs_event_handler
                0x0000000000024422       0x1c _build/nrf52832_xxaa_fds.c.o
 *fill*         0x000000000002443e        0x2 
 .text.write_enqueue
                0x0000000000024440      0x170 _build/nrf52832_xxaa_fds.c.o
 .text.fds_register
                0x00000000000245b0       0x4c _build/nrf52832_xxaa_fds.c.o
                0x00000000000245b0                fds_register
 .text.fds_init
                0x00000000000245fc       0xec _build/nrf52832_xxaa_fds.c.o
                0x00000000000245fc                fds_init
 .text.fds_record_open
                0x00000000000246e8       0x78 _build/nrf52832_xxaa_fds.c.o
                0x00000000000246e8                fds_record_open
 .text.fds_record_close
                0x0000000000024760       0x7c _build/nrf52832_xxaa_fds.c.o
                0x0000000000024760                fds_record_close
 .text.fds_reserve
                0x00000000000247dc       0x58 _build/nrf52832_xxaa_fds.c.o
                0x00000000000247dc                fds_reserve
 .text.fds_reserve_cancel
                0x0000000000024834       0x88 _build/nrf52832_xxaa_fds.c.o
                0x0000000000024834                fds_reserve_cancel
 .text.fds_record_write
                0x00000000000248bc       0x20 _build/nrf52832_xxaa_fds.c.o
                0x00000000000248bc                fds_record_write
 .text.fds_record_write_reserved
                0x00000000000248dc       0x2c _build/nrf52832_xxaa_fds.c.o
                0x00000000000248dc                fds_record_write_reserved
 .text.fds_record_update
                0x0000000000024908       0x2a _build/nrf52832_xxaa_fds.c.o
                0x0000000000024908                fds_record_update
 .text.fds_file_delete
                0x0000000000024932       0x60 _build/nrf52832_xxaa_fds.c.o
                0x0000000000024932                fds_file_delete
 *fill*         0x0000000000024992        0x2 
 .text.fds_gc   0x0000000000024994       0x58 _build/nrf52832_xxaa_fds.c.o
                0x0000000000024994                fds_gc
 .text.fds_record_find
                0x00000000000249ec       0x2c _build/nrf52832_xxaa_fds.c.o
                0x00000000000249ec                fds_record_find
 .text.fds_record_find_by_key
                0x0000000000024a18       0x26 _build/nrf52832_xxaa_fds.c.o
                0x0000000000024a18                fds_record_find_by_key
 .text.fds_record_find_in_file
                0x0000000000024a3e       0x26 _build/nrf52832_xxaa_fds.c.o
                0x0000000000024a3e                fds_record_find_in_file
 .text.fds_record_id_from_desc
                0x0000000000024a64       0x30 _build/nrf52832_xxaa_fds.c.o
                0x0000000000024a64                fds_record_id_from_desc
 .text.fs_flash_page_end_addr
                0x0000000000024a94       0x2e _build/nrf52832_xxaa_fstorage.c.o
 .text.sd_flash_write
                0x0000000000024ac2        0x8 _build/nrf52832_xxaa_fstorage.c.o
 .text.sd_flash_page_erase
                0x0000000000024aca        0x8 _build/nrf52832_xxaa_fstorage.c.o
 .text.send_event
                0x0000000000024ad2       0x72 _build/nrf52832_xxaa_fstorage.c.o
 .text.check_config
                0x0000000000024b44       0x38 _build/nrf52832_xxaa_fstorage.c.o
 .text.store_execute
                0x0000000000024b7c       0x58 _build/nrf52832_xxaa_fstorage.c.o
 .text.erase_execute
                0x0000000000024bd4       0x1c _build/nrf52832_xxaa_fstorage.c.o
 .text.queue_advance
                0x0000000000024bf0       0x50 _build/nrf52832_xxaa_fstorage.c.o
 .text.queue_process
                0x0000000000024c40       0x8c _build/nrf52832_xxaa_fstorage.c.o
 .text.queue_start
                0x0000000000024ccc       0x38 _build/nrf52832_xxaa_fstorage.c.o
 .text.on_operation_success
                0x0000000000024d04       0xb0 _build/nrf52832_xxaa_fstorage.c.o
 .text.on_operation_failure
                0x0000000000024db4       0x3c _build/nrf52832_xxaa_fstorage.c.o
 .text.queue_get_next_free
                0x0000000000024df0       0x80 _build/nrf52832_xxaa_fstorage.c.o
 .text.fs_init  0x0000000000024e70      0x11c _build/nrf52832_xxaa_fstorage.c.o
                0x0000000000024e70                fs_init
 .text.fs_store
                0x0000000000024f8c       0xd4 _build/nrf52832_xxaa_fstorage.c.o
                0x0000000000024f8c                fs_store
 .text.fs_erase
                0x0000000000025060       0xc4 _build/nrf52832_xxaa_fstorage.c.o
                0x0000000000025060                fs_erase
 .text.fs_queued_op_count_get
                0x0000000000025124       0x2c _build/nrf52832_xxaa_fstorage.c.o
                0x0000000000025124                fs_queued_op_count_get
 .text.fs_sys_event_handler
                0x0000000000025150       0x88 _build/nrf52832_xxaa_fstorage.c.o
                0x0000000000025150                fs_sys_event_handler
 .text.app_error_handler_bare
                0x00000000000251d8       0x2c _build/nrf52832_xxaa_app_error.c.o
                0x00000000000251d8                app_error_handler_bare
 .text.NVIC_SystemReset
                0x0000000000025204       0x28 _build/nrf52832_xxaa_app_error_weak.c.o
 .text.app_error_fault_handler
                0x000000000002522c       0x18 _build/nrf52832_xxaa_app_error_weak.c.o
                0x000000000002522c                app_error_fault_handler
 .text.app_util_disable_irq
                0x0000000000025244       0x20 _build/nrf52832_xxaa_app_util_platform.c.o
                0x0000000000025244                app_util_disable_irq
 .text.app_util_enable_irq
                0x0000000000025264       0x28 _build/nrf52832_xxaa_app_util_platform.c.o
                0x0000000000025264                app_util_enable_irq
 .text.app_util_critical_region_enter
                0x000000000002528c       0x14 _build/nrf52832_xxaa_app_util_platform.c.o
                0x000000000002528c                app_util_critical_region_enter
 .text.app_util_critical_region_exit
                0x00000000000252a0       0x16 _build/nrf52832_xxaa_app_util_platform.c.o
                0x00000000000252a0                app_util_critical_region_exit
 .text.sdk_mapped_flags_set_by_index
                0x00000000000252b6       0x2a _build/nrf52832_xxaa_sdk_mapped_flags.c.o
 .text.sdk_mapped_flags_clear_by_index
                0x00000000000252e0       0x2c _build/nrf52832_xxaa_sdk_mapped_flags.c.o
 .text.sdk_mapped_flags_get_by_index
                0x000000000002530c       0x30 _build/nrf52832_xxaa_sdk_mapped_flags.c.o
 .text.sdk_mapped_flags_first_key_index_get
                0x000000000002533c       0x3a _build/nrf52832_xxaa_sdk_mapped_flags.c.o
                0x000000000002533c                sdk_mapped_flags_first_key_index_get
 .text.sdk_mapped_flags_update_by_key
                0x0000000000025376       0x30 _build/nrf52832_xxaa_sdk_mapped_flags.c.o
                0x0000000000025376                sdk_mapped_flags_update_by_key
 .text.sdk_mapped_flags_bulk_update_by_key
                0x00000000000253a6       0x90 _build/nrf52832_xxaa_sdk_mapped_flags.c.o
                0x00000000000253a6                sdk_mapped_flags_bulk_update_by_key
 .text.sdk_mapped_flags_get_by_key
                0x0000000000025436       0x50 _build/nrf52832_xxaa_sdk_mapped_flags.c.o
                0x0000000000025436                sdk_mapped_flags_get_by_key
 .text.sdk_mapped_flags_key_list_get
                0x0000000000025486       0x6e _build/nrf52832_xxaa_sdk_mapped_flags.c.o
                0x0000000000025486                sdk_mapped_flags_key_list_get
 .text.nrf_gpio_pin_port_decode
                0x00000000000254f4       0x18 _build/nrf52832_xxaa_bsp.c.o
 .text.nrf_gpio_cfg_sense_set
                0x000000000002550c       0x58 _build/nrf52832_xxaa_bsp.c.o
 .text.bsp_button_event_handler
                0x0000000000025564      0x118 _build/nrf52832_xxaa_bsp.c.o
 .text.button_timer_handler
                0x000000000002567c       0x1c _build/nrf52832_xxaa_bsp.c.o
 .text.leds_off
                0x0000000000025698       0x40 _build/nrf52832_xxaa_bsp.c.o
 .text.bsp_led_indication
                0x00000000000256d8      0x458 _build/nrf52832_xxaa_bsp.c.o
 .text.leds_timer_handler
                0x0000000000025b30       0x30 _build/nrf52832_xxaa_bsp.c.o
 .text.alert_timer_handler
                0x0000000000025b60       0x16 _build/nrf52832_xxaa_bsp.c.o
 *fill*         0x0000000000025b76        0x2 
 .text.bsp_indication_set
                0x0000000000025b78       0x34 _build/nrf52832_xxaa_bsp.c.o
                0x0000000000025b78                bsp_indication_set
 .text.bsp_init
                0x0000000000025bac       0xd8 _build/nrf52832_xxaa_bsp.c.o
                0x0000000000025bac                bsp_init
 .text.bsp_event_to_button_action_assign
                0x0000000000025c84       0x9c _build/nrf52832_xxaa_bsp.c.o
                0x0000000000025c84                bsp_event_to_button_action_assign
 .text.bsp_wakeup_button_enable
                0x0000000000025d20       0x22 _build/nrf52832_xxaa_bsp.c.o
                0x0000000000025d20                bsp_wakeup_button_enable
 .text.connection_buttons_configure
                0x0000000000025d42       0x64 _build/nrf52832_xxaa_bsp_btn_ble.c.o
 .text.advertising_buttons_configure
                0x0000000000025da6       0x64 _build/nrf52832_xxaa_bsp_btn_ble.c.o
 .text.bsp_btn_ble_sleep_mode_prepare
                0x0000000000025e0a       0x40 _build/nrf52832_xxaa_bsp_btn_ble.c.o
                0x0000000000025e0a                bsp_btn_ble_sleep_mode_prepare
 *fill*         0x0000000000025e4a        0x2 
 .text.bsp_btn_ble_on_ble_evt
                0x0000000000025e4c       0x88 _build/nrf52832_xxaa_bsp_btn_ble.c.o
                0x0000000000025e4c                bsp_btn_ble_on_ble_evt
 .text.nrf_spi_event_clear
                0x0000000000025ed4       0x2e _build/nrf52832_xxaa_nrf_drv_spi.c.o
 .text.nrf_spi_event_check
                0x0000000000025f02       0x2a _build/nrf52832_xxaa_nrf_drv_spi.c.o
 .text.nrf_spi_int_enable
                0x0000000000025f2c       0x1e _build/nrf52832_xxaa_nrf_drv_spi.c.o
 .text.nrf_spi_int_disable
                0x0000000000025f4a       0x1e _build/nrf52832_xxaa_nrf_drv_spi.c.o
 .text.nrf_spi_enable
                0x0000000000025f68       0x1c _build/nrf52832_xxaa_nrf_drv_spi.c.o
 .text.nrf_spi_pins_set
                0x0000000000025f84       0x32 _build/nrf52832_xxaa_nrf_drv_spi.c.o
 .text.nrf_spi_txd_set
                0x0000000000025fb6       0x20 _build/nrf52832_xxaa_nrf_drv_spi.c.o
 .text.nrf_spi_rxd_get
                0x0000000000025fd6       0x1c _build/nrf52832_xxaa_nrf_drv_spi.c.o
 .text.nrf_spi_frequency_set
                0x0000000000025ff2       0x1e _build/nrf52832_xxaa_nrf_drv_spi.c.o
 .text.nrf_spi_configure
                0x0000000000026010       0x60 _build/nrf52832_xxaa_nrf_drv_spi.c.o
 .text.nrf_gpio_pin_port_decode
                0x0000000000026070       0x18 _build/nrf52832_xxaa_nrf_drv_spi.c.o
 .text.nrf_gpio_cfg
                0x0000000000026088       0x52 _build/nrf52832_xxaa_nrf_drv_spi.c.o
 .text.nrf_gpio_cfg_output
                0x00000000000260da       0x24 _build/nrf52832_xxaa_nrf_drv_spi.c.o
 .text.nrf_gpio_cfg_input
                0x00000000000260fe       0x2a _build/nrf52832_xxaa_nrf_drv_spi.c.o
 .text.nrf_gpio_pin_set
                0x0000000000026128       0x2a _build/nrf52832_xxaa_nrf_drv_spi.c.o
 .text.nrf_gpio_pin_clear
                0x0000000000026152       0x2a _build/nrf52832_xxaa_nrf_drv_spi.c.o
 .text.nrf_gpio_port_out_set
                0x000000000002617c       0x1e _build/nrf52832_xxaa_nrf_drv_spi.c.o
 .text.nrf_gpio_port_out_clear
                0x000000000002619a       0x1e _build/nrf52832_xxaa_nrf_drv_spi.c.o
 .text.nrf_drv_spi_init
                0x00000000000261b8      0x188 _build/nrf52832_xxaa_nrf_drv_spi.c.o
                0x00000000000261b8                nrf_drv_spi_init
 .text.nrf_drv_spi_transfer
                0x0000000000026340       0x3a _build/nrf52832_xxaa_nrf_drv_spi.c.o
                0x0000000000026340                nrf_drv_spi_transfer
 .text.finish_transfer
                0x000000000002637a       0x40 _build/nrf52832_xxaa_nrf_drv_spi.c.o
 .text.transfer_byte
                0x00000000000263ba       0xf6 _build/nrf52832_xxaa_nrf_drv_spi.c.o
 .text.spi_xfer
                0x00000000000264b0       0xcc _build/nrf52832_xxaa_nrf_drv_spi.c.o
 .text.nrf_drv_spi_xfer
                0x000000000002657c       0xc8 _build/nrf52832_xxaa_nrf_drv_spi.c.o
                0x000000000002657c                nrf_drv_spi_xfer
 .text.irq_handler_spi
                0x0000000000026644       0x36 _build/nrf52832_xxaa_nrf_drv_spi.c.o
 *fill*         0x000000000002667a        0x2 
 .text.SPIM1_SPIS1_TWIM1_TWIS1_SPI1_TWI1_IRQHandler
                0x000000000002667c       0x20 _build/nrf52832_xxaa_nrf_drv_spi.c.o
                0x000000000002667c                SPIM1_SPIS1_TWIM1_TWIS1_SPI1_TWI1_IRQHandler
 .text.nrf_clock_int_disable
                0x000000000002669c       0x1e _build/nrf52832_xxaa_nrf_drv_clock.c.o
 .text.nrf_clock_event_clear
                0x00000000000266ba       0x2c _build/nrf52832_xxaa_nrf_drv_clock.c.o
 .text.nrf_clock_event_check
                0x00000000000266e6       0x28 _build/nrf52832_xxaa_nrf_drv_clock.c.o
 .text.item_dequeue
                0x000000000002670e       0x2a _build/nrf52832_xxaa_nrf_drv_clock.c.o
 .text.clock_clk_started_notify
                0x0000000000026738       0x48 _build/nrf52832_xxaa_nrf_drv_clock.c.o
 .text.POWER_CLOCK_IRQHandler
                0x0000000000026780       0x5c _build/nrf52832_xxaa_nrf_drv_clock.c.o
                0x0000000000026780                POWER_CLOCK_IRQHandler
 .text.NVIC_EnableIRQ
                0x00000000000267dc       0x34 _build/nrf52832_xxaa_nrf_drv_common.c.o
 .text.NVIC_ClearPendingIRQ
                0x0000000000026810       0x34 _build/nrf52832_xxaa_nrf_drv_common.c.o
 .text.NVIC_SetPriority
                0x0000000000026844       0x54 _build/nrf52832_xxaa_nrf_drv_common.c.o
 .text.nrf_drv_common_irq_enable
                0x0000000000026898       0x3a _build/nrf52832_xxaa_nrf_drv_common.c.o
                0x0000000000026898                nrf_drv_common_irq_enable
 .text.nrf_gpiote_event_is_set
                0x00000000000268d2       0x28 _build/nrf52832_xxaa_nrf_drv_gpiote.c.o
 .text.nrf_gpiote_event_clear
                0x00000000000268fa       0x32 _build/nrf52832_xxaa_nrf_drv_gpiote.c.o
 .text.nrf_gpiote_event_addr_get
                0x000000000002692c       0x20 _build/nrf52832_xxaa_nrf_drv_gpiote.c.o
 .text.nrf_gpiote_int_enable
                0x000000000002694c       0x20 _build/nrf52832_xxaa_nrf_drv_gpiote.c.o
 .text.nrf_gpiote_int_is_enabled
                0x000000000002696c       0x24 _build/nrf52832_xxaa_nrf_drv_gpiote.c.o
 .text.nrf_gpiote_event_enable
                0x0000000000026990       0x34 _build/nrf52832_xxaa_nrf_drv_gpiote.c.o
 .text.nrf_gpiote_event_configure
                0x00000000000269c4       0x6c _build/nrf52832_xxaa_nrf_drv_gpiote.c.o
 .text.nrf_gpiote_event_pin_get
                0x0000000000026a30       0x2c _build/nrf52832_xxaa_nrf_drv_gpiote.c.o
 .text.nrf_gpiote_event_polarity_get
                0x0000000000026a5c       0x2c _build/nrf52832_xxaa_nrf_drv_gpiote.c.o
 .text.nrf_gpio_pin_port_decode
                0x0000000000026a88       0x18 _build/nrf52832_xxaa_nrf_drv_gpiote.c.o
 .text.nrf_gpio_cfg
                0x0000000000026aa0       0x52 _build/nrf52832_xxaa_nrf_drv_gpiote.c.o
 .text.nrf_gpio_cfg_input
                0x0000000000026af2       0x2a _build/nrf52832_xxaa_nrf_drv_gpiote.c.o
 .text.nrf_gpio_cfg_watcher
                0x0000000000026b1c       0x3a _build/nrf52832_xxaa_nrf_drv_gpiote.c.o
 .text.nrf_gpio_cfg_sense_set
                0x0000000000026b56       0x58 _build/nrf52832_xxaa_nrf_drv_gpiote.c.o
 .text.nrf_gpio_pin_read
                0x0000000000026bae       0x2c _build/nrf52832_xxaa_nrf_drv_gpiote.c.o
 .text.nrf_gpio_pin_sense_get
                0x0000000000026bda       0x2e _build/nrf52832_xxaa_nrf_drv_gpiote.c.o
 .text.nrf_gpio_port_in_read
                0x0000000000026c08       0x1a _build/nrf52832_xxaa_nrf_drv_gpiote.c.o
 .text.nrf_gpio_ports_read
                0x0000000000026c22       0x52 _build/nrf52832_xxaa_nrf_drv_gpiote.c.o
 .text.nrf_bitmask_bit_is_set
                0x0000000000026c74       0x3a _build/nrf52832_xxaa_nrf_drv_gpiote.c.o
 .text.nrf_bitmask_bit_set
                0x0000000000026cae       0x4a _build/nrf52832_xxaa_nrf_drv_gpiote.c.o
 .text.pin_in_use_by_te
                0x0000000000026cf8       0x44 _build/nrf52832_xxaa_nrf_drv_gpiote.c.o
 .text.pin_in_use_by_port
                0x0000000000026d3c       0x30 _build/nrf52832_xxaa_nrf_drv_gpiote.c.o
 .text.pin_in_use_by_gpiote
                0x0000000000026d6c       0x2c _build/nrf52832_xxaa_nrf_drv_gpiote.c.o
 .text.pin_in_use_by_te_set
                0x0000000000026d98       0x58 _build/nrf52832_xxaa_nrf_drv_gpiote.c.o
 .text.pin_in_use_clear
                0x0000000000026df0       0x24 _build/nrf52832_xxaa_nrf_drv_gpiote.c.o
 .text.channel_port_get
                0x0000000000026e14       0x24 _build/nrf52832_xxaa_nrf_drv_gpiote.c.o
 .text.channel_handler_get
                0x0000000000026e38       0x20 _build/nrf52832_xxaa_nrf_drv_gpiote.c.o
 .text.channel_port_alloc
                0x0000000000026e58       0x74 _build/nrf52832_xxaa_nrf_drv_gpiote.c.o
 .text.channel_free
                0x0000000000026ecc       0x3c _build/nrf52832_xxaa_nrf_drv_gpiote.c.o
 .text.nrf_drv_gpiote_init
                0x0000000000026f08       0x80 _build/nrf52832_xxaa_nrf_drv_gpiote.c.o
                0x0000000000026f08                nrf_drv_gpiote_init
 .text.nrf_drv_gpiote_is_init
                0x0000000000026f88       0x24 _build/nrf52832_xxaa_nrf_drv_gpiote.c.o
                0x0000000000026f88                nrf_drv_gpiote_is_init
 .text.nrf_drv_gpiote_in_init
                0x0000000000026fac       0xb4 _build/nrf52832_xxaa_nrf_drv_gpiote.c.o
                0x0000000000026fac                nrf_drv_gpiote_in_init
 .text.nrf_drv_gpiote_in_event_enable
                0x0000000000027060       0xd0 _build/nrf52832_xxaa_nrf_drv_gpiote.c.o
                0x0000000000027060                nrf_drv_gpiote_in_event_enable
 .text.nrf_drv_gpiote_in_is_set
                0x0000000000027130       0x22 _build/nrf52832_xxaa_nrf_drv_gpiote.c.o
                0x0000000000027130                nrf_drv_gpiote_in_is_set
 *fill*         0x0000000000027152        0x2 
 .text.GPIOTE_IRQHandler
                0x0000000000027154      0x2e8 _build/nrf52832_xxaa_nrf_drv_gpiote.c.o
                0x0000000000027154                GPIOTE_IRQHandler
 .text.nrf_twi_task_trigger
                0x000000000002743c       0x22 _build/nrf52832_xxaa_nrf_drv_twi.c.o
 .text.nrf_twi_event_clear
                0x000000000002745e       0x2e _build/nrf52832_xxaa_nrf_drv_twi.c.o
 .text.nrf_twi_event_check
                0x000000000002748c       0x2a _build/nrf52832_xxaa_nrf_drv_twi.c.o
 .text.nrf_twi_int_enable
                0x00000000000274b6       0x1e _build/nrf52832_xxaa_nrf_drv_twi.c.o
 .text.nrf_twi_int_disable
                0x00000000000274d4       0x1e _build/nrf52832_xxaa_nrf_drv_twi.c.o
 .text.nrf_twi_enable
                0x00000000000274f2       0x1c _build/nrf52832_xxaa_nrf_drv_twi.c.o
 .text.nrf_twi_disable
                0x000000000002750e       0x1c _build/nrf52832_xxaa_nrf_drv_twi.c.o
 .text.nrf_twi_pins_set
                0x000000000002752a       0x28 _build/nrf52832_xxaa_nrf_drv_twi.c.o
 .text.nrf_twi_frequency_set
                0x0000000000027552       0x1e _build/nrf52832_xxaa_nrf_drv_twi.c.o
 .text.nrf_twi_errorsrc_get_and_clear
                0x0000000000027570       0x26 _build/nrf52832_xxaa_nrf_drv_twi.c.o
 .text.nrf_twi_address_set
                0x0000000000027596       0x20 _build/nrf52832_xxaa_nrf_drv_twi.c.o
 .text.nrf_twi_rxd_get
                0x00000000000275b6       0x1c _build/nrf52832_xxaa_nrf_drv_twi.c.o
 .text.nrf_twi_txd_set
                0x00000000000275d2       0x20 _build/nrf52832_xxaa_nrf_drv_twi.c.o
 .text.nrf_twi_shorts_set
                0x00000000000275f2       0x1e _build/nrf52832_xxaa_nrf_drv_twi.c.o
 .text.nrf_drv_get_IRQn
                0x0000000000027610       0x1e _build/nrf52832_xxaa_nrf_drv_twi.c.o
 .text.nrf_gpio_pin_port_decode
                0x000000000002762e       0x18 _build/nrf52832_xxaa_nrf_drv_twi.c.o
 .text.nrf_gpio_pin_set
                0x0000000000027646       0x2a _build/nrf52832_xxaa_nrf_drv_twi.c.o
 .text.nrf_gpio_pin_clear
                0x0000000000027670       0x2a _build/nrf52832_xxaa_nrf_drv_twi.c.o
 .text.nrf_gpio_pin_read
                0x000000000002769a       0x2c _build/nrf52832_xxaa_nrf_drv_twi.c.o
 .text.nrf_gpio_port_in_read
                0x00000000000276c6       0x1a _build/nrf52832_xxaa_nrf_drv_twi.c.o
 .text.nrf_gpio_port_out_set
                0x00000000000276e0       0x1e _build/nrf52832_xxaa_nrf_drv_twi.c.o
 .text.nrf_gpio_port_out_clear
                0x00000000000276fe       0x1e _build/nrf52832_xxaa_nrf_drv_twi.c.o
 .text.nrf_delay_us
                0x000000000002771c       0xa8 _build/nrf52832_xxaa_nrf_drv_twi.c.o
 .text.twi_process_error
                0x00000000000277c4       0x4a _build/nrf52832_xxaa_nrf_drv_twi.c.o
 .text.twi_clear_bus
                0x000000000002780e       0xe0 _build/nrf52832_xxaa_nrf_drv_twi.c.o
 *fill*         0x00000000000278ee        0x2 
 .text.nrf_drv_twi_init
                0x00000000000278f0       0xf4 _build/nrf52832_xxaa_nrf_drv_twi.c.o
                0x00000000000278f0                nrf_drv_twi_init
 .text.nrf_drv_twi_enable
                0x00000000000279e4       0x3c _build/nrf52832_xxaa_nrf_drv_twi.c.o
                0x00000000000279e4                nrf_drv_twi_enable
 .text.twi_send_byte
                0x0000000000027a20       0x60 _build/nrf52832_xxaa_nrf_drv_twi.c.o
 .text.twi_receive_byte
                0x0000000000027a80       0x6e _build/nrf52832_xxaa_nrf_drv_twi.c.o
 .text.twi_transfer
                0x0000000000027aee      0x16c _build/nrf52832_xxaa_nrf_drv_twi.c.o
 .text.twi_tx_start_transfer
                0x0000000000027c5a      0x10e _build/nrf52832_xxaa_nrf_drv_twi.c.o
 .text.twi_rx_start_transfer
                0x0000000000027d68      0x104 _build/nrf52832_xxaa_nrf_drv_twi.c.o
 .text.twi_xfer
                0x0000000000027e6c      0x112 _build/nrf52832_xxaa_nrf_drv_twi.c.o
 *fill*         0x0000000000027f7e        0x2 
 .text.nrf_drv_twi_xfer
                0x0000000000027f80       0x54 _build/nrf52832_xxaa_nrf_drv_twi.c.o
                0x0000000000027f80                nrf_drv_twi_xfer
 .text.nrf_drv_twi_tx
                0x0000000000027fd4       0x50 _build/nrf52832_xxaa_nrf_drv_twi.c.o
                0x0000000000027fd4                nrf_drv_twi_tx
 .text.nrf_drv_twi_rx
                0x0000000000028024       0x48 _build/nrf52832_xxaa_nrf_drv_twi.c.o
                0x0000000000028024                nrf_drv_twi_rx
 .text.irq_handler_twi
                0x000000000002806c      0x13c _build/nrf52832_xxaa_nrf_drv_twi.c.o
 .text.SPIM0_SPIS0_TWIM0_TWIS0_SPI0_TWI0_IRQHandler
                0x00000000000281a8       0x18 _build/nrf52832_xxaa_nrf_drv_twi.c.o
                0x00000000000281a8                SPIM0_SPIS0_TWIM0_TWIS0_SPI0_TWI0_IRQHandler
 .text.nrf_uart_event_clear
                0x00000000000281c0       0x2e _build/nrf52832_xxaa_nrf_drv_uart.c.o
 .text.nrf_uart_event_check
                0x00000000000281ee       0x2a _build/nrf52832_xxaa_nrf_drv_uart.c.o
 .text.nrf_uart_int_enable_check
                0x0000000000028218       0x2a _build/nrf52832_xxaa_nrf_drv_uart.c.o
 .text.nrf_uart_int_disable
                0x0000000000028242       0x1e _build/nrf52832_xxaa_nrf_drv_uart.c.o
 .text.nrf_uart_errorsrc_get_and_clear
                0x0000000000028260       0x26 _build/nrf52832_xxaa_nrf_drv_uart.c.o
 .text.nrf_uart_rxd_get
                0x0000000000028286       0x1c _build/nrf52832_xxaa_nrf_drv_uart.c.o
 .text.nrf_uart_txd_set
                0x00000000000282a2       0x20 _build/nrf52832_xxaa_nrf_drv_uart.c.o
 .text.nrf_uart_task_trigger
                0x00000000000282c2       0x22 _build/nrf52832_xxaa_nrf_drv_uart.c.o
 .text.nrf_uarte_event_clear
                0x00000000000282e4       0x2e _build/nrf52832_xxaa_nrf_drv_uart.c.o
 .text.nrf_uarte_event_check
                0x0000000000028312       0x2a _build/nrf52832_xxaa_nrf_drv_uart.c.o
 .text.nrf_uarte_shorts_disable
                0x000000000002833c       0x28 _build/nrf52832_xxaa_nrf_drv_uart.c.o
 .text.nrf_uarte_errorsrc_get_and_clear
                0x0000000000028364       0x26 _build/nrf52832_xxaa_nrf_drv_uart.c.o
 .text.nrf_uarte_tx_amount_get
                0x000000000002838a       0x1a _build/nrf52832_xxaa_nrf_drv_uart.c.o
 .text.nrf_uarte_rx_amount_get
                0x00000000000283a4       0x1a _build/nrf52832_xxaa_nrf_drv_uart.c.o
 .text.tx_byte  0x00000000000283be       0x44 _build/nrf52832_xxaa_nrf_drv_uart.c.o
 .text.rx_byte  0x0000000000028402       0x58 _build/nrf52832_xxaa_nrf_drv_uart.c.o
 .text.rx_done_event
                0x000000000002845a       0x32 _build/nrf52832_xxaa_nrf_drv_uart.c.o
 .text.tx_done_event
                0x000000000002848c       0x38 _build/nrf52832_xxaa_nrf_drv_uart.c.o
 .text.uart_irq_handler
                0x00000000000284c4      0x1d0 _build/nrf52832_xxaa_nrf_drv_uart.c.o
 .text.uarte_irq_handler
                0x0000000000028694      0x158 _build/nrf52832_xxaa_nrf_drv_uart.c.o
 .text.UARTE0_UART0_IRQHandler
                0x00000000000287ec       0x2c _build/nrf52832_xxaa_nrf_drv_uart.c.o
                0x00000000000287ec                UARTE0_UART0_IRQHandler
 .text.nrf_saadc_task_trigger
                0x0000000000028818       0x24 _build/nrf52832_xxaa_nrf_drv_saadc.c.o
 .text.nrf_saadc_event_check
                0x000000000002883c       0x2c _build/nrf52832_xxaa_nrf_drv_saadc.c.o
 .text.nrf_saadc_event_clear
                0x0000000000028868       0x34 _build/nrf52832_xxaa_nrf_drv_saadc.c.o
 .text.nrf_saadc_channel_input_set
                0x000000000002889c       0x40 _build/nrf52832_xxaa_nrf_drv_saadc.c.o
 .text.nrf_saadc_int_enable
                0x00000000000288dc       0x20 _build/nrf52832_xxaa_nrf_drv_saadc.c.o
 .text.nrf_saadc_int_disable
                0x00000000000288fc       0x20 _build/nrf52832_xxaa_nrf_drv_saadc.c.o
 .text.nrf_saadc_enable
                0x000000000002891c       0x1c _build/nrf52832_xxaa_nrf_drv_saadc.c.o
 .text.nrf_saadc_disable
                0x0000000000028938       0x1c _build/nrf52832_xxaa_nrf_drv_saadc.c.o
 .text.nrf_saadc_buffer_init
                0x0000000000028954       0x2c _build/nrf52832_xxaa_nrf_drv_saadc.c.o
 .text.nrf_saadc_resolution_set
                0x0000000000028980       0x24 _build/nrf52832_xxaa_nrf_drv_saadc.c.o
 .text.nrf_saadc_oversample_set
                0x00000000000289a4       0x24 _build/nrf52832_xxaa_nrf_drv_saadc.c.o
 .text.SAADC_IRQHandler
                0x00000000000289c8      0x240 _build/nrf52832_xxaa_nrf_drv_saadc.c.o
                0x00000000000289c8                SAADC_IRQHandler
 .text.nrf_drv_saadc_init
                0x0000000000028c08       0xd0 _build/nrf52832_xxaa_nrf_drv_saadc.c.o
                0x0000000000028c08                nrf_drv_saadc_init
 .text.nrf_drv_saadc_channel_init
                0x0000000000028cd8       0xb8 _build/nrf52832_xxaa_nrf_drv_saadc.c.o
                0x0000000000028cd8                nrf_drv_saadc_channel_init
 .text.nrf_drv_saadc_buffer_convert
                0x0000000000028d90      0x104 _build/nrf52832_xxaa_nrf_drv_saadc.c.o
                0x0000000000028d90                nrf_drv_saadc_buffer_convert
 .text.nrf_drv_saadc_sample
                0x0000000000028e94       0x44 _build/nrf52832_xxaa_nrf_drv_saadc.c.o
                0x0000000000028e94                nrf_drv_saadc_sample
 .text.nrf_saadc_channel_input_set
                0x0000000000028ed8       0x40 _build/nrf52832_xxaa_nrf_saadc.c.o
 .text.nrf_saadc_channel_init
                0x0000000000028f18       0x88 _build/nrf52832_xxaa_nrf_saadc.c.o
                0x0000000000028f18                nrf_saadc_channel_init
 .text.nrf_timer_event_clear
                0x0000000000028fa0       0x2e _build/nrf52832_xxaa_nrf_drv_timer.c.o
 .text.nrf_timer_event_check
                0x0000000000028fce       0x2a _build/nrf52832_xxaa_nrf_drv_timer.c.o
 .text.nrf_timer_int_enable_check
                0x0000000000028ff8       0x2a _build/nrf52832_xxaa_nrf_drv_timer.c.o
 .text.nrf_timer_compare_event_get
                0x0000000000029022       0x20 _build/nrf52832_xxaa_nrf_drv_timer.c.o
 .text.nrf_timer_compare_int_get
                0x0000000000029042       0x1e _build/nrf52832_xxaa_nrf_drv_timer.c.o
 .text.irq_handler
                0x0000000000029060       0x76 _build/nrf52832_xxaa_nrf_drv_timer.c.o
 *fill*         0x00000000000290d6        0x2 
 .text.TIMER0_IRQHandler
                0x00000000000290d8       0x1c _build/nrf52832_xxaa_nrf_drv_timer.c.o
                0x00000000000290d8                TIMER0_IRQHandler
 .text.sd_ble_gap_adv_start
                0x00000000000290f4        0x8 _build/nrf52832_xxaa_ble_advertising.c.o
 .text.sd_ble_gap_adv_stop
                0x00000000000290fc        0x8 _build/nrf52832_xxaa_ble_advertising.c.o
 .text.whitelist_has_entries
                0x0000000000029104       0x18 _build/nrf52832_xxaa_ble_advertising.c.o
 .text.addr_is_valid
                0x000000000002911c       0x38 _build/nrf52832_xxaa_ble_advertising.c.o
 .text.adv_mode_next_get
                0x0000000000029154       0x34 _build/nrf52832_xxaa_ble_advertising.c.o
 .text.on_connected
                0x0000000000029188       0x28 _build/nrf52832_xxaa_ble_advertising.c.o
 .text.on_disconnected
                0x00000000000291b0       0x4c _build/nrf52832_xxaa_ble_advertising.c.o
 .text.on_timeout
                0x00000000000291fc       0x4c _build/nrf52832_xxaa_ble_advertising.c.o
 .text.flash_access_in_progress
                0x0000000000029248       0x22 _build/nrf52832_xxaa_ble_advertising.c.o
 *fill*         0x000000000002926a        0x2 
 .text.adv_mode_next_avail_get
                0x000000000002926c       0x84 _build/nrf52832_xxaa_ble_advertising.c.o
 .text.set_adv_mode_directed
                0x00000000000292f0       0x3c _build/nrf52832_xxaa_ble_advertising.c.o
 .text.set_adv_mode_directed_slow
                0x000000000002932c       0x48 _build/nrf52832_xxaa_ble_advertising.c.o
 .text.set_adv_mode_fast
                0x0000000000029374       0x84 _build/nrf52832_xxaa_ble_advertising.c.o
 .text.set_adv_mode_slow
                0x00000000000293f8       0x84 _build/nrf52832_xxaa_ble_advertising.c.o
 .text.ble_advertising_conn_cfg_tag_set
                0x000000000002947c       0x20 _build/nrf52832_xxaa_ble_advertising.c.o
                0x000000000002947c                ble_advertising_conn_cfg_tag_set
 .text.ble_advertising_init
                0x000000000002949c      0x20c _build/nrf52832_xxaa_ble_advertising.c.o
                0x000000000002949c                ble_advertising_init
 .text.ble_advertising_start
                0x00000000000296a8      0x1d4 _build/nrf52832_xxaa_ble_advertising.c.o
                0x00000000000296a8                ble_advertising_start
 .text.ble_advertising_on_ble_evt
                0x000000000002987c       0x3a _build/nrf52832_xxaa_ble_advertising.c.o
                0x000000000002987c                ble_advertising_on_ble_evt
 *fill*         0x00000000000298b6        0x2 
 .text.ble_advertising_on_sys_evt
                0x00000000000298b8       0x5c _build/nrf52832_xxaa_ble_advertising.c.o
                0x00000000000298b8                ble_advertising_on_sys_evt
 .text.ble_advertising_restart_without_whitelist
                0x0000000000029914       0x70 _build/nrf52832_xxaa_ble_advertising.c.o
                0x0000000000029914                ble_advertising_restart_without_whitelist
 .text.sd_ble_gap_addr_get
                0x0000000000029984        0x8 _build/nrf52832_xxaa_ble_advdata.c.o
 .text.sd_ble_gap_adv_data_set
                0x000000000002998c        0x8 _build/nrf52832_xxaa_ble_advdata.c.o
 .text.sd_ble_gap_appearance_get
                0x0000000000029994        0x8 _build/nrf52832_xxaa_ble_advdata.c.o
 .text.sd_ble_gap_device_name_get
                0x000000000002999c        0x8 _build/nrf52832_xxaa_ble_advdata.c.o
 .text.sd_ble_uuid_encode
                0x00000000000299a4        0x8 _build/nrf52832_xxaa_ble_advdata.c.o
 .text.uint16_encode
                0x00000000000299ac       0x30 _build/nrf52832_xxaa_ble_advdata.c.o
 .text.ble_device_addr_encode
                0x00000000000299dc       0xce _build/nrf52832_xxaa_ble_advdata.c.o
 .text.name_encode
                0x0000000000029aaa      0x11a _build/nrf52832_xxaa_ble_advdata.c.o
 .text.appearance_encode
                0x0000000000029bc4       0x98 _build/nrf52832_xxaa_ble_advdata.c.o
 .text.flags_encode
                0x0000000000029c5c       0x80 _build/nrf52832_xxaa_ble_advdata.c.o
 .text.tx_power_level_encode
                0x0000000000029cdc       0x80 _build/nrf52832_xxaa_ble_advdata.c.o
 .text.uuid_list_sized_encode
                0x0000000000029d5c      0x138 _build/nrf52832_xxaa_ble_advdata.c.o
 .text.uuid_list_encode
                0x0000000000029e94       0x5c _build/nrf52832_xxaa_ble_advdata.c.o
 .text.conn_int_check
                0x0000000000029ef0       0x82 _build/nrf52832_xxaa_ble_advdata.c.o
 .text.conn_int_encode
                0x0000000000029f72       0xbe _build/nrf52832_xxaa_ble_advdata.c.o
 .text.manuf_specific_data_encode
                0x000000000002a030       0xde _build/nrf52832_xxaa_ble_advdata.c.o
 .text.service_data_encode
                0x000000000002a10e       0xfe _build/nrf52832_xxaa_ble_advdata.c.o
 .text.adv_data_encode
                0x000000000002a20c      0x1bc _build/nrf52832_xxaa_ble_advdata.c.o
                0x000000000002a20c                adv_data_encode
 .text.advdata_check
                0x000000000002a3c8       0x26 _build/nrf52832_xxaa_ble_advdata.c.o
 .text.srdata_check
                0x000000000002a3ee       0x22 _build/nrf52832_xxaa_ble_advdata.c.o
 .text.ble_advdata_set
                0x000000000002a410       0xc0 _build/nrf52832_xxaa_ble_advdata.c.o
                0x000000000002a410                ble_advdata_set
 .text.sd_ble_gap_conn_param_update
                0x000000000002a4d0        0x8 _build/nrf52832_xxaa_ble_conn_params.c.o
 .text.sd_ble_gap_disconnect
                0x000000000002a4d8        0x8 _build/nrf52832_xxaa_ble_conn_params.c.o
 .text.sd_ble_gap_ppcp_set
                0x000000000002a4e0        0x8 _build/nrf52832_xxaa_ble_conn_params.c.o
 .text.sd_ble_gap_ppcp_get
                0x000000000002a4e8        0x8 _build/nrf52832_xxaa_ble_conn_params.c.o
 .text.is_conn_params_ok
                0x000000000002a4f0       0x38 _build/nrf52832_xxaa_ble_conn_params.c.o
 .text.update_timeout_handler
                0x000000000002a528       0xb4 _build/nrf52832_xxaa_ble_conn_params.c.o
 .text.ble_conn_params_init
                0x000000000002a5dc       0x98 _build/nrf52832_xxaa_ble_conn_params.c.o
                0x000000000002a5dc                ble_conn_params_init
 .text.conn_params_negotiation
                0x000000000002a674       0xac _build/nrf52832_xxaa_ble_conn_params.c.o
 .text.on_connect
                0x000000000002a720       0x48 _build/nrf52832_xxaa_ble_conn_params.c.o
 .text.on_disconnect
                0x000000000002a768       0x50 _build/nrf52832_xxaa_ble_conn_params.c.o
 .text.on_write
                0x000000000002a7b8       0x68 _build/nrf52832_xxaa_ble_conn_params.c.o
 .text.on_conn_params_update
                0x000000000002a820       0x28 _build/nrf52832_xxaa_ble_conn_params.c.o
 .text.ble_conn_params_on_ble_evt
                0x000000000002a848       0x4c _build/nrf52832_xxaa_ble_conn_params.c.o
                0x000000000002a848                ble_conn_params_on_ble_evt
 .text.record_activate
                0x000000000002a894       0x68 _build/nrf52832_xxaa_ble_conn_state.c.o
 .text.record_invalidate
                0x000000000002a8fc       0x2c _build/nrf52832_xxaa_ble_conn_state.c.o
 .text.record_set_disconnected
                0x000000000002a928       0x28 _build/nrf52832_xxaa_ble_conn_state.c.o
 .text.record_purge_disconnected
                0x000000000002a950       0x6c _build/nrf52832_xxaa_ble_conn_state.c.o
 .text.user_flag_is_acquired
                0x000000000002a9bc       0x34 _build/nrf52832_xxaa_ble_conn_state.c.o
 .text.user_flag_acquire
                0x000000000002a9f0       0x2c _build/nrf52832_xxaa_ble_conn_state.c.o
 .text.ble_conn_state_on_ble_evt
                0x000000000002aa1c       0xc0 _build/nrf52832_xxaa_ble_conn_state.c.o
                0x000000000002aa1c                ble_conn_state_on_ble_evt
 .text.ble_conn_state_role
                0x000000000002aadc       0x54 _build/nrf52832_xxaa_ble_conn_state.c.o
                0x000000000002aadc                ble_conn_state_role
 .text.ble_conn_state_encrypted
                0x000000000002ab30       0x2c _build/nrf52832_xxaa_ble_conn_state.c.o
                0x000000000002ab30                ble_conn_state_encrypted
 .text.ble_conn_state_mitm_protected
                0x000000000002ab5c       0x2c _build/nrf52832_xxaa_ble_conn_state.c.o
                0x000000000002ab5c                ble_conn_state_mitm_protected
 .text.ble_conn_state_conn_handles
                0x000000000002ab88       0x28 _build/nrf52832_xxaa_ble_conn_state.c.o
                0x000000000002ab88                ble_conn_state_conn_handles
 .text.ble_conn_state_user_flag_acquire
                0x000000000002abb0       0x42 _build/nrf52832_xxaa_ble_conn_state.c.o
                0x000000000002abb0                ble_conn_state_user_flag_acquire
 *fill*         0x000000000002abf2        0x2 
 .text.ble_conn_state_user_flag_get
                0x000000000002abf4       0x4c _build/nrf52832_xxaa_ble_conn_state.c.o
                0x000000000002abf4                ble_conn_state_user_flag_get
 .text.ble_conn_state_user_flag_set
                0x000000000002ac40       0x48 _build/nrf52832_xxaa_ble_conn_state.c.o
                0x000000000002ac40                ble_conn_state_user_flag_set
 .text.ble_conn_state_user_flag_collection
                0x000000000002ac88       0x34 _build/nrf52832_xxaa_ble_conn_state.c.o
                0x000000000002ac88                ble_conn_state_user_flag_collection
 .text.uint16_decode
                0x000000000002acbc       0x2a _build/nrf52832_xxaa_ble_srv_common.c.o
 .text.ble_srv_is_notification_enabled
                0x000000000002ace6       0x2a _build/nrf52832_xxaa_ble_srv_common.c.o
                0x000000000002ace6                ble_srv_is_notification_enabled
 .text.ble_srv_report_ref_encode
                0x000000000002ad10       0x56 _build/nrf52832_xxaa_ble_srv_common.c.o
                0x000000000002ad10                ble_srv_report_ref_encode
 .text.ble_srv_ascii_to_utf8
                0x000000000002ad66       0x26 _build/nrf52832_xxaa_ble_srv_common.c.o
                0x000000000002ad66                ble_srv_ascii_to_utf8
 .text.sdk_mapped_flags_any_set
                0x000000000002ad8c       0x20 _build/nrf52832_xxaa_gatt_cache_manager.c.o
 .text.internal_state_reset
                0x000000000002adac       0x18 _build/nrf52832_xxaa_gatt_cache_manager.c.o
 .text.evt_send
                0x000000000002adc4       0x34 _build/nrf52832_xxaa_gatt_cache_manager.c.o
 .text.cccd_written
                0x000000000002adf8       0x3c _build/nrf52832_xxaa_gatt_cache_manager.c.o
 .text.local_db_apply_in_evt
                0x000000000002ae34       0xc8 _build/nrf52832_xxaa_gatt_cache_manager.c.o
 .text.local_db_update_in_evt
                0x000000000002aefc       0xe0 _build/nrf52832_xxaa_gatt_cache_manager.c.o
 .text.service_changed_send_in_evt
                0x000000000002afdc       0xe0 _build/nrf52832_xxaa_gatt_cache_manager.c.o
 .text.gcm_gscm_evt_handler
                0x000000000002b0bc       0x98 _build/nrf52832_xxaa_gatt_cache_manager.c.o
                0x000000000002b0bc                gcm_gscm_evt_handler
 .text.gcm_im_evt_handler
                0x000000000002b154       0x4c _build/nrf52832_xxaa_gatt_cache_manager.c.o
                0x000000000002b154                gcm_im_evt_handler
 .text.gcm_smd_evt_handler
                0x000000000002b1a0       0x26 _build/nrf52832_xxaa_gatt_cache_manager.c.o
                0x000000000002b1a0                gcm_smd_evt_handler
 *fill*         0x000000000002b1c6        0x2 
 .text.gcm_init
                0x000000000002b1c8       0x7c _build/nrf52832_xxaa_gatt_cache_manager.c.o
                0x000000000002b1c8                gcm_init
 .text.apply_pending_flags_check
                0x000000000002b244       0x98 _build/nrf52832_xxaa_gatt_cache_manager.c.o
 .text.update_pending_flags_check
                0x000000000002b2dc       0x98 _build/nrf52832_xxaa_gatt_cache_manager.c.o
 .text.service_changed_pending_flags_check
                0x000000000002b374       0xc4 _build/nrf52832_xxaa_gatt_cache_manager.c.o
 .text.gcm_ble_evt_handler
                0x000000000002b438       0x98 _build/nrf52832_xxaa_gatt_cache_manager.c.o
                0x000000000002b438                gcm_ble_evt_handler
 .text.gcm_local_database_has_changed
                0x000000000002b4d0       0x7c _build/nrf52832_xxaa_gatt_cache_manager.c.o
                0x000000000002b4d0                gcm_local_database_has_changed
 .text.sd_ble_gatts_service_changed
                0x000000000002b54c        0x8 _build/nrf52832_xxaa_gatts_cache_manager.c.o
 .text.sd_ble_gatts_sys_attr_set
                0x000000000002b554        0x8 _build/nrf52832_xxaa_gatts_cache_manager.c.o
 .text.sd_ble_gatts_sys_attr_get
                0x000000000002b55c        0x8 _build/nrf52832_xxaa_gatts_cache_manager.c.o
 .text.internal_state_reset
                0x000000000002b564       0x24 _build/nrf52832_xxaa_gatts_cache_manager.c.o
 .text.evt_send
                0x000000000002b588       0x34 _build/nrf52832_xxaa_gatts_cache_manager.c.o
 .text.service_changed_pending_set
                0x000000000002b5bc       0x68 _build/nrf52832_xxaa_gatts_cache_manager.c.o
 .text.gscm_pdb_evt_handler
                0x000000000002b624       0x64 _build/nrf52832_xxaa_gatts_cache_manager.c.o
                0x000000000002b624                gscm_pdb_evt_handler
 .text.gscm_init
                0x000000000002b688       0x18 _build/nrf52832_xxaa_gatts_cache_manager.c.o
                0x000000000002b688                gscm_init
 .text.gscm_local_db_cache_update
                0x000000000002b6a0       0xd0 _build/nrf52832_xxaa_gatts_cache_manager.c.o
                0x000000000002b6a0                gscm_local_db_cache_update
 .text.gscm_local_db_cache_apply
                0x000000000002b770       0xda _build/nrf52832_xxaa_gatts_cache_manager.c.o
                0x000000000002b770                gscm_local_db_cache_apply
 *fill*         0x000000000002b84a        0x2 
 .text.gscm_local_database_has_changed
                0x000000000002b84c       0x20 _build/nrf52832_xxaa_gatts_cache_manager.c.o
                0x000000000002b84c                gscm_local_database_has_changed
 .text.gscm_service_changed_ind_needed
                0x000000000002b86c       0x3c _build/nrf52832_xxaa_gatts_cache_manager.c.o
                0x000000000002b86c                gscm_service_changed_ind_needed
 .text.gscm_service_changed_ind_send
                0x000000000002b8a8       0x50 _build/nrf52832_xxaa_gatts_cache_manager.c.o
                0x000000000002b8a8                gscm_service_changed_ind_send
 .text.gscm_db_change_notification_done
                0x000000000002b8f8       0x34 _build/nrf52832_xxaa_gatts_cache_manager.c.o
                0x000000000002b8f8                gscm_db_change_notification_done
 .text.sd_ecb_block_encrypt
                0x000000000002b92c        0x8 _build/nrf52832_xxaa_id_manager.c.o
 .text.internal_state_reset
                0x000000000002b934       0x48 _build/nrf52832_xxaa_id_manager.c.o
 .text.evt_send
                0x000000000002b97c       0x34 _build/nrf52832_xxaa_id_manager.c.o
 .text.get_free_connection
                0x000000000002b9b0       0x5c _build/nrf52832_xxaa_id_manager.c.o
                0x000000000002b9b0                get_free_connection
 .text.get_connection_by_conn_handle
                0x000000000002ba0c       0x60 _build/nrf52832_xxaa_id_manager.c.o
                0x000000000002ba0c                get_connection_by_conn_handle
 .text.new_connection
                0x000000000002ba6c       0xa8 _build/nrf52832_xxaa_id_manager.c.o
                0x000000000002ba6c                new_connection
 .text.is_valid_irk
                0x000000000002bb14       0x38 _build/nrf52832_xxaa_id_manager.c.o
                0x000000000002bb14                is_valid_irk
 .text.addr_compare
                0x000000000002bb4c       0x5a _build/nrf52832_xxaa_id_manager.c.o
                0x000000000002bb4c                addr_compare
 .text.im_ble_evt_handler
                0x000000000002bba6      0x120 _build/nrf52832_xxaa_id_manager.c.o
                0x000000000002bba6                im_ble_evt_handler
 .text.im_is_duplicate_bonding_data
                0x000000000002bcc6       0x76 _build/nrf52832_xxaa_id_manager.c.o
                0x000000000002bcc6                im_is_duplicate_bonding_data
 .text.im_pdb_evt_handler
                0x000000000002bd3c       0xa2 _build/nrf52832_xxaa_id_manager.c.o
                0x000000000002bd3c                im_pdb_evt_handler
 *fill*         0x000000000002bdde        0x2 
 .text.im_init  0x000000000002bde0       0x34 _build/nrf52832_xxaa_id_manager.c.o
                0x000000000002bde0                im_init
 .text.im_peer_id_get_by_conn_handle
                0x000000000002be14       0x40 _build/nrf52832_xxaa_id_manager.c.o
                0x000000000002be14                im_peer_id_get_by_conn_handle
 .text.im_ble_addr_get
                0x000000000002be54       0x50 _build/nrf52832_xxaa_id_manager.c.o
                0x000000000002be54                im_ble_addr_get
 .text.im_master_ids_compare
                0x000000000002bea4       0x54 _build/nrf52832_xxaa_id_manager.c.o
                0x000000000002bea4                im_master_ids_compare
 .text.im_peer_id_get_by_master_id
                0x000000000002bef8       0x58 _build/nrf52832_xxaa_id_manager.c.o
                0x000000000002bef8                im_peer_id_get_by_master_id
 .text.im_conn_handle_get
                0x000000000002bf50       0x5c _build/nrf52832_xxaa_id_manager.c.o
                0x000000000002bf50                im_conn_handle_get
 .text.im_master_id_is_valid
                0x000000000002bfac       0x46 _build/nrf52832_xxaa_id_manager.c.o
                0x000000000002bfac                im_master_id_is_valid
 *fill*         0x000000000002bff2        0x2 
 .text.peer_id_set
                0x000000000002bff4       0x40 _build/nrf52832_xxaa_id_manager.c.o
 .text.im_new_peer_id
                0x000000000002c034       0x24 _build/nrf52832_xxaa_id_manager.c.o
                0x000000000002c034                im_new_peer_id
 .text.im_peer_free
                0x000000000002c058       0x46 _build/nrf52832_xxaa_id_manager.c.o
                0x000000000002c058                im_peer_free
 .text.ah       0x000000000002c09e       0xac _build/nrf52832_xxaa_id_manager.c.o
                0x000000000002c09e                ah
 .text.im_address_resolve
                0x000000000002c14a       0x70 _build/nrf52832_xxaa_id_manager.c.o
                0x000000000002c14a                im_address_resolve
 .text.sd_ble_gap_data_length_update
                0x000000000002c1ba        0x8 _build/nrf52832_xxaa_nrf_ble_gatt.c.o
 .text.sd_ble_gattc_exchange_mtu_request
                0x000000000002c1c2        0x8 _build/nrf52832_xxaa_nrf_ble_gatt.c.o
 .text.sd_ble_gatts_exchange_mtu_reply
                0x000000000002c1ca        0x8 _build/nrf52832_xxaa_nrf_ble_gatt.c.o
 .text.link_init
                0x000000000002c1d2       0x38 _build/nrf52832_xxaa_nrf_ble_gatt.c.o
 .text.data_length_update
                0x000000000002c20a       0x48 _build/nrf52832_xxaa_nrf_ble_gatt.c.o
 .text.on_connected_evt
                0x000000000002c252       0x9a _build/nrf52832_xxaa_nrf_ble_gatt.c.o
 .text.on_disconnected_evt
                0x000000000002c2ec       0x24 _build/nrf52832_xxaa_nrf_ble_gatt.c.o
 .text.on_exchange_mtu_rsp_evt
                0x000000000002c310       0x86 _build/nrf52832_xxaa_nrf_ble_gatt.c.o
 .text.on_exchange_mtu_request_evt
                0x000000000002c396       0x8c _build/nrf52832_xxaa_nrf_ble_gatt.c.o
 .text.on_data_length_update_evt
                0x000000000002c422       0x7c _build/nrf52832_xxaa_nrf_ble_gatt.c.o
 .text.on_data_length_update_request_evt
                0x000000000002c49e       0x62 _build/nrf52832_xxaa_nrf_ble_gatt.c.o
 .text.nrf_ble_gatt_init
                0x000000000002c500       0x58 _build/nrf52832_xxaa_nrf_ble_gatt.c.o
                0x000000000002c500                nrf_ble_gatt_init
 .text.nrf_ble_gatt_on_ble_evt
                0x000000000002c558       0xc8 _build/nrf52832_xxaa_nrf_ble_gatt.c.o
                0x000000000002c558                nrf_ble_gatt_on_ble_evt
 .text.pds_evt_send
                0x000000000002c620       0x2c _build/nrf52832_xxaa_peer_data_storage.c.o
 .text.peer_id_to_file_id
                0x000000000002c64c       0x1e _build/nrf52832_xxaa_peer_data_storage.c.o
 .text.file_id_to_peer_id
                0x000000000002c66a       0x1e _build/nrf52832_xxaa_peer_data_storage.c.o
 .text.peer_data_id_to_record_key
                0x000000000002c688       0x20 _build/nrf52832_xxaa_peer_data_storage.c.o
 .text.record_key_to_peer_data_id
                0x000000000002c6a8       0x1a _build/nrf52832_xxaa_peer_data_storage.c.o
 .text.file_id_within_pm_range
                0x000000000002c6c2       0x34 _build/nrf52832_xxaa_peer_data_storage.c.o
 .text.record_key_within_pm_range
                0x000000000002c6f6       0x34 _build/nrf52832_xxaa_peer_data_storage.c.o
 .text.peer_data_id_is_valid
                0x000000000002c72a       0x46 _build/nrf52832_xxaa_peer_data_storage.c.o
 .text.peer_data_delete
                0x000000000002c770       0xdc _build/nrf52832_xxaa_peer_data_storage.c.o
 .text.peer_data_find
                0x000000000002c84c       0x62 _build/nrf52832_xxaa_peer_data_storage.c.o
 .text.peer_ids_load
                0x000000000002c8ae       0x6a _build/nrf52832_xxaa_peer_data_storage.c.o
 .text.fds_evt_handler
                0x000000000002c918      0x1cc _build/nrf52832_xxaa_peer_data_storage.c.o
 .text.pds_init
                0x000000000002cae4       0x48 _build/nrf52832_xxaa_peer_data_storage.c.o
                0x000000000002cae4                pds_init
 .text.pds_peer_data_read
                0x000000000002cb2c       0xbe _build/nrf52832_xxaa_peer_data_storage.c.o
                0x000000000002cb2c                pds_peer_data_read
 *fill*         0x000000000002cbea        0x2 
 .text.pds_peer_data_iterate_prepare
                0x000000000002cbec       0x18 _build/nrf52832_xxaa_peer_data_storage.c.o
                0x000000000002cbec                pds_peer_data_iterate_prepare
 .text.pds_peer_data_iterate
                0x000000000002cc04       0x8c _build/nrf52832_xxaa_peer_data_storage.c.o
                0x000000000002cc04                pds_peer_data_iterate
 .text.pds_space_reserve
                0x000000000002cc90       0x56 _build/nrf52832_xxaa_peer_data_storage.c.o
                0x000000000002cc90                pds_space_reserve
 .text.pds_space_reserve_cancel
                0x000000000002cce6       0x26 _build/nrf52832_xxaa_peer_data_storage.c.o
                0x000000000002cce6                pds_space_reserve_cancel
 .text.pds_peer_data_store
                0x000000000002cd0c      0x13c _build/nrf52832_xxaa_peer_data_storage.c.o
                0x000000000002cd0c                pds_peer_data_store
 .text.pds_peer_id_allocate
                0x000000000002ce48       0x12 _build/nrf52832_xxaa_peer_data_storage.c.o
                0x000000000002ce48                pds_peer_id_allocate
 .text.pds_peer_id_free
                0x000000000002ce5a       0x2a _build/nrf52832_xxaa_peer_data_storage.c.o
                0x000000000002ce5a                pds_peer_id_free
 .text.pds_peer_id_is_allocated
                0x000000000002ce84       0x1c _build/nrf52832_xxaa_peer_data_storage.c.o
                0x000000000002ce84                pds_peer_id_is_allocated
 .text.pds_next_peer_id_get
                0x000000000002cea0       0x1c _build/nrf52832_xxaa_peer_data_storage.c.o
                0x000000000002cea0                pds_next_peer_id_get
 .text.pds_next_deleted_peer_id_get
                0x000000000002cebc       0x1c _build/nrf52832_xxaa_peer_data_storage.c.o
                0x000000000002cebc                pds_next_deleted_peer_id_get
 .text.write_buffer_record_invalidate
                0x000000000002ced8       0x58 _build/nrf52832_xxaa_peer_database.c.o
 .text.write_buffer_record_find_next
                0x000000000002cf30       0x58 _build/nrf52832_xxaa_peer_database.c.o
 .text.write_buffer_record_find
                0x000000000002cf88       0x56 _build/nrf52832_xxaa_peer_database.c.o
 .text.write_buffer_record_find_unused
                0x000000000002cfde       0x14 _build/nrf52832_xxaa_peer_database.c.o
 *fill*         0x000000000002cff2        0x2 
 .text.write_buffer_record_release
                0x000000000002cff4       0x44 _build/nrf52832_xxaa_peer_database.c.o
 .text.write_buffer_record_get
                0x000000000002d038       0x46 _build/nrf52832_xxaa_peer_database.c.o
 *fill*         0x000000000002d07e        0x2 
 .text.pdb_evt_send
                0x000000000002d080       0x34 _build/nrf52832_xxaa_peer_database.c.o
 .text.internal_state_reset
                0x000000000002d0b4       0x38 _build/nrf52832_xxaa_peer_database.c.o
 .text.pdb_pds_evt_handler
                0x000000000002d0ec      0x268 _build/nrf52832_xxaa_peer_database.c.o
                0x000000000002d0ec                pdb_pds_evt_handler
 .text.pdb_init
                0x000000000002d354       0x50 _build/nrf52832_xxaa_peer_database.c.o
                0x000000000002d354                pdb_init
 .text.pdb_peer_allocate
                0x000000000002d3a4        0xe _build/nrf52832_xxaa_peer_database.c.o
                0x000000000002d3a4                pdb_peer_allocate
 .text.pdb_peer_free
                0x000000000002d3b2       0x94 _build/nrf52832_xxaa_peer_database.c.o
                0x000000000002d3b2                pdb_peer_free
 .text.pdb_peer_data_ptr_get
                0x000000000002d446       0x26 _build/nrf52832_xxaa_peer_database.c.o
                0x000000000002d446                pdb_peer_data_ptr_get
 .text.peer_data_point_to_buffer
                0x000000000002d46c       0x44 _build/nrf52832_xxaa_peer_database.c.o
 .text.peer_data_const_point_to_buffer
                0x000000000002d4b0       0x26 _build/nrf52832_xxaa_peer_database.c.o
 *fill*         0x000000000002d4d6        0x2 
 .text.write_buf_length_words_set
                0x000000000002d4d8       0x70 _build/nrf52832_xxaa_peer_database.c.o
 .text.pdb_write_buf_get
                0x000000000002d548      0x188 _build/nrf52832_xxaa_peer_database.c.o
                0x000000000002d548                pdb_write_buf_get
 .text.pdb_write_buf_release
                0x000000000002d6d0       0x5a _build/nrf52832_xxaa_peer_database.c.o
                0x000000000002d6d0                pdb_write_buf_release
 *fill*         0x000000000002d72a        0x2 
 .text.pdb_write_buf_store_prepare
                0x000000000002d72c       0xb0 _build/nrf52832_xxaa_peer_database.c.o
                0x000000000002d72c                pdb_write_buf_store_prepare
 .text.pdb_write_buf_store
                0x000000000002d7dc      0x15c _build/nrf52832_xxaa_peer_database.c.o
                0x000000000002d7dc                pdb_write_buf_store
 .text.pdb_next_peer_id_get
                0x000000000002d938       0x1c _build/nrf52832_xxaa_peer_database.c.o
                0x000000000002d938                pdb_next_peer_id_get
 .text.pdb_next_deleted_peer_id_get
                0x000000000002d954       0x1c _build/nrf52832_xxaa_peer_database.c.o
                0x000000000002d954                pdb_next_deleted_peer_id_get
 .text.pdb_raw_store
                0x000000000002d970       0x24 _build/nrf52832_xxaa_peer_database.c.o
                0x000000000002d970                pdb_raw_store
 .text.internal_state_reset
                0x000000000002d994       0x1a _build/nrf52832_xxaa_peer_id.c.o
 *fill*         0x000000000002d9ae        0x2 
 .text.peer_id_init
                0x000000000002d9b0       0x2c _build/nrf52832_xxaa_peer_id.c.o
                0x000000000002d9b0                peer_id_init
 .text.claim    0x000000000002d9dc       0x68 _build/nrf52832_xxaa_peer_id.c.o
 .text.release  0x000000000002da44       0x24 _build/nrf52832_xxaa_peer_id.c.o
 .text.peer_id_allocate
                0x000000000002da68       0x24 _build/nrf52832_xxaa_peer_id.c.o
                0x000000000002da68                peer_id_allocate
 .text.peer_id_delete
                0x000000000002da8c       0x40 _build/nrf52832_xxaa_peer_id.c.o
                0x000000000002da8c                peer_id_delete
 .text.peer_id_free
                0x000000000002dacc       0x30 _build/nrf52832_xxaa_peer_id.c.o
                0x000000000002dacc                peer_id_free
 .text.peer_id_is_allocated
                0x000000000002dafc       0x2c _build/nrf52832_xxaa_peer_id.c.o
                0x000000000002dafc                peer_id_is_allocated
 .text.peer_id_is_deleted
                0x000000000002db28       0x2c _build/nrf52832_xxaa_peer_id.c.o
                0x000000000002db28                peer_id_is_deleted
 .text.next_id_get
                0x000000000002db54       0x50 _build/nrf52832_xxaa_peer_id.c.o
                0x000000000002db54                next_id_get
 .text.peer_id_get_next_used
                0x000000000002dba4       0x58 _build/nrf52832_xxaa_peer_id.c.o
                0x000000000002dba4                peer_id_get_next_used
 .text.peer_id_get_next_deleted
                0x000000000002dbfc       0x24 _build/nrf52832_xxaa_peer_id.c.o
                0x000000000002dbfc                peer_id_get_next_deleted
 .text.evt_send
                0x000000000002dc20       0x3c _build/nrf52832_xxaa_peer_manager.c.o
 .text.pm_pdb_evt_handler
                0x000000000002dc5c      0x26c _build/nrf52832_xxaa_peer_manager.c.o
                0x000000000002dc5c                pm_pdb_evt_handler
 .text.pm_sm_evt_handler
                0x000000000002dec8      0x218 _build/nrf52832_xxaa_peer_manager.c.o
                0x000000000002dec8                pm_sm_evt_handler
 .text.pm_gcm_evt_handler
                0x000000000002e0e0       0xdc _build/nrf52832_xxaa_peer_manager.c.o
                0x000000000002e0e0                pm_gcm_evt_handler
 .text.pm_im_evt_handler
                0x000000000002e1bc       0x74 _build/nrf52832_xxaa_peer_manager.c.o
                0x000000000002e1bc                pm_im_evt_handler
 .text.pm_on_ble_evt
                0x000000000002e230       0x38 _build/nrf52832_xxaa_peer_manager.c.o
                0x000000000002e230                pm_on_ble_evt
 .text.internal_state_reset
                0x000000000002e268       0x38 _build/nrf52832_xxaa_peer_manager.c.o
 .text.pm_init  0x000000000002e2a0       0xd0 _build/nrf52832_xxaa_peer_manager.c.o
                0x000000000002e2a0                pm_init
 .text.pm_register
                0x000000000002e370       0x5c _build/nrf52832_xxaa_peer_manager.c.o
                0x000000000002e370                pm_register
 .text.pm_sec_params_set
                0x000000000002e3cc       0x30 _build/nrf52832_xxaa_peer_manager.c.o
                0x000000000002e3cc                pm_sec_params_set
 .text.pm_conn_sec_config_reply
                0x000000000002e3fc       0x1e _build/nrf52832_xxaa_peer_manager.c.o
                0x000000000002e3fc                pm_conn_sec_config_reply
 *fill*         0x000000000002e41a        0x2 
 .text.pm_local_database_has_changed
                0x000000000002e41c       0x20 _build/nrf52832_xxaa_peer_manager.c.o
                0x000000000002e41c                pm_local_database_has_changed
 .text.pm_peer_delete
                0x000000000002e43c       0x34 _build/nrf52832_xxaa_peer_manager.c.o
                0x000000000002e43c                pm_peer_delete
 .text.pm_peers_delete
                0x000000000002e470       0x9c _build/nrf52832_xxaa_peer_manager.c.o
                0x000000000002e470                pm_peers_delete
 .text.pm_buffer_init
                0x000000000002e50c       0x7c _build/nrf52832_xxaa_pm_buffer.c.o
                0x000000000002e50c                pm_buffer_init
 .text.pm_buffer_block_acquire
                0x000000000002e588       0xa4 _build/nrf52832_xxaa_pm_buffer.c.o
                0x000000000002e588                pm_buffer_block_acquire
 .text.pm_buffer_ptr_get
                0x000000000002e62c       0x5e _build/nrf52832_xxaa_pm_buffer.c.o
                0x000000000002e62c                pm_buffer_ptr_get
 .text.pm_buffer_release
                0x000000000002e68a       0x56 _build/nrf52832_xxaa_pm_buffer.c.o
                0x000000000002e68a                pm_buffer_release
 .text.lock_by_mask
                0x000000000002e6e0       0x54 _build/nrf52832_xxaa_pm_mutex.c.o
 .text.pm_mutex_init
                0x000000000002e734       0x2a _build/nrf52832_xxaa_pm_mutex.c.o
                0x000000000002e734                pm_mutex_init
 .text.pm_mutex_lock
                0x000000000002e75e       0x40 _build/nrf52832_xxaa_pm_mutex.c.o
                0x000000000002e75e                pm_mutex_lock
 .text.pm_mutex_unlock
                0x000000000002e79e       0x6e _build/nrf52832_xxaa_pm_mutex.c.o
                0x000000000002e79e                pm_mutex_unlock
 .text.pm_mutex_lock_first_available
                0x000000000002e80c       0x5a _build/nrf52832_xxaa_pm_mutex.c.o
                0x000000000002e80c                pm_mutex_lock_first_available
 .text.pm_mutex_lock_status_get
                0x000000000002e866       0x4a _build/nrf52832_xxaa_pm_mutex.c.o
                0x000000000002e866                pm_mutex_lock_status_get
 .text.sd_ble_gap_authenticate
                0x000000000002e8b0        0x8 _build/nrf52832_xxaa_security_dispatcher.c.o
 .text.sd_ble_gap_sec_params_reply
                0x000000000002e8b8        0x8 _build/nrf52832_xxaa_security_dispatcher.c.o
 .text.sd_ble_gap_encrypt
                0x000000000002e8c0        0x8 _build/nrf52832_xxaa_security_dispatcher.c.o
 .text.sd_ble_gap_sec_info_reply
                0x000000000002e8c8        0x8 _build/nrf52832_xxaa_security_dispatcher.c.o
 .text.evt_send
                0x000000000002e8d0       0x34 _build/nrf52832_xxaa_security_dispatcher.c.o
 .text.sec_start_send
                0x000000000002e904       0x3a _build/nrf52832_xxaa_security_dispatcher.c.o
 .text.smd_pdb_evt_handler
                0x000000000002e93e       0x4e _build/nrf52832_xxaa_security_dispatcher.c.o
                0x000000000002e93e                smd_pdb_evt_handler
 .text.sec_params_request_process
                0x000000000002e98c       0x2c _build/nrf52832_xxaa_security_dispatcher.c.o
 .text.sec_proc_start
                0x000000000002e9b8       0x8c _build/nrf52832_xxaa_security_dispatcher.c.o
 .text.sec_info_request_process
                0x000000000002ea44      0x114 _build/nrf52832_xxaa_security_dispatcher.c.o
 .text.sec_request_process
                0x000000000002eb58       0x5c _build/nrf52832_xxaa_security_dispatcher.c.o
 .text.auth_status_success_process
                0x000000000002ebb4      0x110 _build/nrf52832_xxaa_security_dispatcher.c.o
 .text.pairing_failure
                0x000000000002ecc4       0xb4 _build/nrf52832_xxaa_security_dispatcher.c.o
 .text.encryption_failure
                0x000000000002ed78       0x54 _build/nrf52832_xxaa_security_dispatcher.c.o
 .text.link_secure_failure
                0x000000000002edcc       0x7c _build/nrf52832_xxaa_security_dispatcher.c.o
 .text.disconnect_process
                0x000000000002ee48       0x32 _build/nrf52832_xxaa_security_dispatcher.c.o
 .text.auth_status_failure_process
                0x000000000002ee7a       0x2a _build/nrf52832_xxaa_security_dispatcher.c.o
 .text.auth_status_process
                0x000000000002eea4       0x28 _build/nrf52832_xxaa_security_dispatcher.c.o
 .text.conn_sec_update_process
                0x000000000002eecc       0x88 _build/nrf52832_xxaa_security_dispatcher.c.o
 .text.flag_id_init
                0x000000000002ef54       0x24 _build/nrf52832_xxaa_security_dispatcher.c.o
 .text.smd_init
                0x000000000002ef78       0x50 _build/nrf52832_xxaa_security_dispatcher.c.o
                0x000000000002ef78                smd_init
 .text.smd_params_reply
                0x000000000002efc8      0x1c0 _build/nrf52832_xxaa_security_dispatcher.c.o
                0x000000000002efc8                smd_params_reply
 .text.link_secure_central_existing_peer
                0x000000000002f188      0x154 _build/nrf52832_xxaa_security_dispatcher.c.o
 .text.link_secure_central_new_peer
                0x000000000002f2dc       0xae _build/nrf52832_xxaa_security_dispatcher.c.o
 .text.link_secure_central
                0x000000000002f38a       0xc6 _build/nrf52832_xxaa_security_dispatcher.c.o
 .text.link_secure_peripheral
                0x000000000002f450       0x22 _build/nrf52832_xxaa_security_dispatcher.c.o
 .text.smd_link_secure
                0x000000000002f472       0x50 _build/nrf52832_xxaa_security_dispatcher.c.o
                0x000000000002f472                smd_link_secure
 *fill*         0x000000000002f4c2        0x2 
 .text.smd_ble_evt_handler
                0x000000000002f4c4       0xa0 _build/nrf52832_xxaa_security_dispatcher.c.o
                0x000000000002f4c4                smd_ble_evt_handler
 .text.sdk_mapped_flags_any_set
                0x000000000002f564       0x20 _build/nrf52832_xxaa_security_manager.c.o
 .text.evt_send
                0x000000000002f584       0x2c _build/nrf52832_xxaa_security_manager.c.o
 .text.flags_set_from_err_code
                0x000000000002f5b0       0xcc _build/nrf52832_xxaa_security_manager.c.o
 .text.events_send_from_err_code
                0x000000000002f67c       0x5a _build/nrf52832_xxaa_security_manager.c.o
 *fill*         0x000000000002f6d6        0x2 
 .text.link_secure
                0x000000000002f6d8      0x104 _build/nrf52832_xxaa_security_manager.c.o
 .text.send_config_req
                0x000000000002f7dc       0x32 _build/nrf52832_xxaa_security_manager.c.o
 *fill*         0x000000000002f80e        0x2 
 .text.smd_params_reply_perform
                0x000000000002f810       0xc4 _build/nrf52832_xxaa_security_manager.c.o
 .text.sm_smd_evt_handler
                0x000000000002f8d4       0xf4 _build/nrf52832_xxaa_security_manager.c.o
                0x000000000002f8d4                sm_smd_evt_handler
 .text.link_secure_pending_process
                0x000000000002f9c8       0xd4 _build/nrf52832_xxaa_security_manager.c.o
 .text.params_reply_pending_process
                0x000000000002fa9c       0x80 _build/nrf52832_xxaa_security_manager.c.o
 .text.sm_pdb_evt_handler
                0x000000000002fb1c       0x84 _build/nrf52832_xxaa_security_manager.c.o
                0x000000000002fb1c                sm_pdb_evt_handler
 .text.flag_id_init
                0x000000000002fba0       0x24 _build/nrf52832_xxaa_security_manager.c.o
 .text.sm_init  0x000000000002fbc4       0x68 _build/nrf52832_xxaa_security_manager.c.o
                0x000000000002fbc4                sm_init
 .text.sm_ble_evt_handler
                0x000000000002fc2c       0x24 _build/nrf52832_xxaa_security_manager.c.o
                0x000000000002fc2c                sm_ble_evt_handler
 .text.sec_params_verify
                0x000000000002fc50      0x17c _build/nrf52832_xxaa_security_manager.c.o
 .text.sm_sec_params_set
                0x000000000002fdcc       0x4c _build/nrf52832_xxaa_security_manager.c.o
                0x000000000002fdcc                sm_sec_params_set
 .text.sm_conn_sec_config_reply
                0x000000000002fe18       0x40 _build/nrf52832_xxaa_security_manager.c.o
                0x000000000002fe18                sm_conn_sec_config_reply
 .text.sd_ble_gatts_service_add
                0x000000000002fe58        0x8 _build/nrf52832_xxaa_ble_bas.c.o
 .text.sd_ble_gatts_characteristic_add
                0x000000000002fe60        0x8 _build/nrf52832_xxaa_ble_bas.c.o
 .text.sd_ble_gatts_descriptor_add
                0x000000000002fe68        0x8 _build/nrf52832_xxaa_ble_bas.c.o
 .text.sd_ble_gatts_value_set
                0x000000000002fe70        0x8 _build/nrf52832_xxaa_ble_bas.c.o
 .text.sd_ble_gatts_hvx
                0x000000000002fe78        0x8 _build/nrf52832_xxaa_ble_bas.c.o
 .text.on_connect
                0x000000000002fe80       0x1e _build/nrf52832_xxaa_ble_bas.c.o
 .text.on_disconnect
                0x000000000002fe9e       0x1e _build/nrf52832_xxaa_ble_bas.c.o
 .text.on_write