Archive member included to satisfy reference by file (symbol)

/ARM/gcc-arm-none-eabi-6-2017-q1-update/bin/../lib/gcc/arm-none-eabi/6.3.1/../../../../arm-none-eabi/lib/thumb/v7e-m/fpv4-sp/hard/libc_nano.a(lib_a-exit.o)
                              /ARM/gcc-arm-none-eabi-6-2017-q1-update/bin/../lib/gcc/arm-none-eabi/6.3.1/../../../../arm-none-eabi/lib/thumb/v7e-m/fpv4-sp/hard/crt0.o (exit)
/ARM/gcc-arm-none-eabi-6-2017-q1-update/bin/../lib/gcc/arm-none-eabi/6.3.1/../../../../arm-none-eabi/lib/thumb/v7e-m/fpv4-sp/hard/libc_nano.a(lib_a-impure.o)
                              /ARM/gcc-arm-none-eabi-6-2017-q1-update/bin/../lib/gcc/arm-none-eabi/6.3.1/../../../../arm-none-eabi/lib/thumb/v7e-m/fpv4-sp/hard/libc_nano.a(lib_a-exit.o) (_global_impure_ptr)
/ARM/gcc-arm-none-eabi-6-2017-q1-update/bin/../lib/gcc/arm-none-eabi/6.3.1/../../../../arm-none-eabi/lib/thumb/v7e-m/fpv4-sp/hard/libc_nano.a(lib_a-init.o)
                              /ARM/gcc-arm-none-eabi-6-2017-q1-update/bin/../lib/gcc/arm-none-eabi/6.3.1/../../../../arm-none-eabi/lib/thumb/v7e-m/fpv4-sp/hard/crt0.o (__libc_init_array)
/ARM/gcc-arm-none-eabi-6-2017-q1-update/bin/../lib/gcc/arm-none-eabi/6.3.1/../../../../arm-none-eabi/lib/thumb/v7e-m/fpv4-sp/hard/libc_nano.a(lib_a-memset.o)
                              /ARM/gcc-arm-none-eabi-6-2017-q1-update/bin/../lib/gcc/arm-none-eabi/6.3.1/../../../../arm-none-eabi/lib/thumb/v7e-m/fpv4-sp/hard/crt0.o (memset)
/ARM/gcc-arm-none-eabi-6-2017-q1-update/bin/../lib/gcc/arm-none-eabi/6.3.1/../../../../arm-none-eabi/lib/thumb/v7e-m/fpv4-sp/hard/libnosys.a(_exit.o)
                              /ARM/gcc-arm-none-eabi-6-2017-q1-update/bin/../lib/gcc/arm-none-eabi/6.3.1/../../../../arm-none-eabi/lib/thumb/v7e-m/fpv4-sp/hard/libc_nano.a(lib_a-exit.o) (_exit)
/ARM/gcc-arm-none-eabi-6-2017-q1-update/bin/../lib/gcc/arm-none-eabi/6.3.1/thumb/v7e-m/fpv4-sp/hard/libgcc.a(_arm_addsubdf3.o)
                              _build/nrf52832_xxaa_main.c.o (__aeabi_dsub)
/ARM/gcc-arm-none-eabi-6-2017-q1-update/bin/../lib/gcc/arm-none-eabi/6.3.1/thumb/v7e-m/fpv4-sp/hard/libgcc.a(_arm_muldivdf3.o)
                              _build/nrf52832_xxaa_main.c.o (__aeabi_dmul)
/ARM/gcc-arm-none-eabi-6-2017-q1-update/bin/../lib/gcc/arm-none-eabi/6.3.1/thumb/v7e-m/fpv4-sp/hard/libgcc.a(_arm_fixunsdfsi.o)
                              _build/nrf52832_xxaa_main.c.o (__aeabi_d2uiz)
/ARM/gcc-arm-none-eabi-6-2017-q1-update/bin/../lib/gcc/arm-none-eabi/6.3.1/thumb/v7e-m/fpv4-sp/hard/libgcc.a(_aeabi_uldivmod.o)
                              _build/nrf52832_xxaa_bsp.c.o (__aeabi_uldivmod)
/ARM/gcc-arm-none-eabi-6-2017-q1-update/bin/../lib/gcc/arm-none-eabi/6.3.1/thumb/v7e-m/fpv4-sp/hard/libgcc.a(_udivmoddi4.o)
                              /ARM/gcc-arm-none-eabi-6-2017-q1-update/bin/../lib/gcc/arm-none-eabi/6.3.1/thumb/v7e-m/fpv4-sp/hard/libgcc.a(_aeabi_uldivmod.o) (__udivmoddi4)
/ARM/gcc-arm-none-eabi-6-2017-q1-update/bin/../lib/gcc/arm-none-eabi/6.3.1/thumb/v7e-m/fpv4-sp/hard/libgcc.a(_dvmd_tls.o)
                              /ARM/gcc-arm-none-eabi-6-2017-q1-update/bin/../lib/gcc/arm-none-eabi/6.3.1/thumb/v7e-m/fpv4-sp/hard/libgcc.a(_aeabi_uldivmod.o) (__aeabi_ldiv0)
/ARM/gcc-arm-none-eabi-6-2017-q1-update/bin/../lib/gcc/arm-none-eabi/6.3.1/../../../../arm-none-eabi/lib/thumb/v7e-m/fpv4-sp/hard/libc_nano.a(lib_a-memcmp.o)
                              _build/nrf52832_xxaa_id_manager.c.o (memcmp)
/ARM/gcc-arm-none-eabi-6-2017-q1-update/bin/../lib/gcc/arm-none-eabi/6.3.1/../../../../arm-none-eabi/lib/thumb/v7e-m/fpv4-sp/hard/libc_nano.a(lib_a-memcpy-stub.o)
                              _build/nrf52832_xxaa_app_scheduler.c.o (memcpy)
/ARM/gcc-arm-none-eabi-6-2017-q1-update/bin/../lib/gcc/arm-none-eabi/6.3.1/../../../../arm-none-eabi/lib/thumb/v7e-m/fpv4-sp/hard/libc_nano.a(lib_a-memmove.o)
                              _build/nrf52832_xxaa_ble_hrs.c.o (memmove)
/ARM/gcc-arm-none-eabi-6-2017-q1-update/bin/../lib/gcc/arm-none-eabi/6.3.1/../../../../arm-none-eabi/lib/thumb/v7e-m/fpv4-sp/hard/libc_nano.a(lib_a-strcpy.o)
                              _build/nrf52832_xxaa_SEGGER_RTT.c.o (strcpy)
/ARM/gcc-arm-none-eabi-6-2017-q1-update/bin/../lib/gcc/arm-none-eabi/6.3.1/../../../../arm-none-eabi/lib/thumb/v7e-m/fpv4-sp/hard/libc_nano.a(lib_a-strlen.o)
                              _build/nrf52832_xxaa_main.c.o (strlen)

Allocating common symbols
Common symbol       size              file

dig_P7              0x2               _build/nrf52832_xxaa_BME280.c.o
dig_T1              0x2               _build/nrf52832_xxaa_BME280.c.o
dig_H4              0x2               _build/nrf52832_xxaa_BME280.c.o
dig_T2              0x2               _build/nrf52832_xxaa_BME280.c.o
dig_H1              0x1               _build/nrf52832_xxaa_BME280.c.o
var1                0x4               _build/nrf52832_xxaa_BME280.c.o
varP1               0x4               _build/nrf52832_xxaa_BME280.c.o
calib26             0x1a              _build/nrf52832_xxaa_BME280.c.o
[...]
Memory Configuration

Name             Origin             Length             Attributes
FLASH            0x000000000001f000 0x0000000000061000 xr
RAM              0x0000000020002558 0x000000000000daa8 xrw
*default*        0x0000000000000000 0xffffffffffffffff

Linker script and memory map


.text           0x000000000001f000    0x14878
 *(.isr_vector)
 .isr_vector    0x000000000001f000      0x200 _build/nrf52832_xxaa_gcc_startup_nrf52.S.o
                0x000000000001f000                __isr_vector
 *(.text*)
 .text          0x000000000001f200       0x6c /ARM/gcc-arm-none-eabi-6-2017-q1-update/bin/../lib/gcc/arm-none-eabi/6.3.1/thumb/v7e-m/fpv4-sp/hard/crtbegin.o
 .text          0x000000000001f26c       0x74 /ARM/gcc-arm-none-eabi-6-2017-q1-update/bin/../lib/gcc/arm-none-eabi/6.3.1/../../../../arm-none-eabi/lib/thumb/v7e-m/fpv4-sp/hard/crt0.o
                0x000000000001f26c                _mainCRTStartup
                0x000000000001f26c                _start
 .text.exit     0x000000000001f2e0       0x28 /ARM/gcc-arm-none-eabi-6-2017-q1-update/bin/../lib/gcc/arm-none-eabi/6.3.1/../../../../arm-none-eabi/lib/thumb/v7e-m/fpv4-sp/hard/libc_nano.a(lib_a-exit.o)
                0x000000000001f2e0                exit
 .text.__libc_init_array
                0x000000000001f308       0x48 /ARM/gcc-arm-none-eabi-6-2017-q1-update/bin/../lib/gcc/arm-none-eabi/6.3.1/../../../../arm-none-eabi/lib/thumb/v7e-m/fpv4-sp/hard/libc_nano.a(lib_a-init.o)
                0x000000000001f308                __libc_init_array
 .text.memset   0x000000000001f350       0x10 /ARM/gcc-arm-none-eabi-6-2017-q1-update/bin/../lib/gcc/arm-none-eabi/6.3.1/../../../../arm-none-eabi/lib/thumb/v7e-m/fpv4-sp/hard/libc_nano.a(lib_a-memset.o)
                0x000000000001f350                memset
 .text._exit    0x000000000001f360        0x4 /ARM/gcc-arm-none-eabi-6-2017-q1-update/bin/../lib/gcc/arm-none-eabi/6.3.1/../../../../arm-none-eabi/lib/thumb/v7e-m/fpv4-sp/hard/libnosys.a(_exit.o)
                0x000000000001f360                _exit
 .text.nrf_gpio_pin_port_decode
                0x000000000001f364       0x18 _build/nrf52832_xxaa_boards.c.o
 .text.nrf_gpio_cfg
                0x000000000001f37c       0x52 _build/nrf52832_xxaa_boards.c.o
 .text.nrf_gpio_cfg_output
                0x000000000001f3ce       0x24 _build/nrf52832_xxaa_boards.c.o
 .text.nrf_gpio_pin_set
                0x000000000001f3f2       0x2a _build/nrf52832_xxaa_boards.c.o
 .text.nrf_gpio_pin_clear
                0x000000000001f41c       0x2a _build/nrf52832_xxaa_boards.c.o
 .text.nrf_gpio_pin_toggle
                0x000000000001f446       0x46 _build/nrf52832_xxaa_boards.c.o
 .text.nrf_gpio_pin_write
                0x000000000001f48c       0x26 _build/nrf52832_xxaa_boards.c.o
 .text.nrf_gpio_pin_out_read
                0x000000000001f4b2       0x2c _build/nrf52832_xxaa_boards.c.o
 .text.nrf_gpio_port_out_read
                0x000000000001f4de       0x1a _build/nrf52832_xxaa_boards.c.o
 .text.nrf_gpio_port_out_set
                0x000000000001f4f8       0x1e _build/nrf52832_xxaa_boards.c.o
 .text.nrf_gpio_port_out_clear
                0x000000000001f516       0x1e _build/nrf52832_xxaa_boards.c.o
 .text.bsp_board_led_state_get
                0x000000000001f534       0x48 _build/nrf52832_xxaa_boards.c.o
                0x000000000001f534                bsp_board_led_state_get
 .text.bsp_board_led_on
                0x000000000001f57c       0x24 _build/nrf52832_xxaa_boards.c.o
                0x000000000001f57c                bsp_board_led_on
 .text.bsp_board_led_off
                0x000000000001f5a0       0x24 _build/nrf52832_xxaa_boards.c.o
                0x000000000001f5a0                bsp_board_led_off
 .text.bsp_board_leds_off
                0x000000000001f5c4       0x28 _build/nrf52832_xxaa_boards.c.o
                0x000000000001f5c4                bsp_board_leds_off
 .text.bsp_board_leds_on
                0x000000000001f5ec       0x28 _build/nrf52832_xxaa_boards.c.o
                0x000000000001f5ec                bsp_board_leds_on
 .text.bsp_board_led_invert
                0x000000000001f614       0x24 _build/nrf52832_xxaa_boards.c.o
                0x000000000001f614                bsp_board_led_invert
 .text.bsp_board_leds_init
                0x000000000001f638       0x38 _build/nrf52832_xxaa_boards.c.o
                0x000000000001f638                bsp_board_leds_init
 .text.bsp_board_pin_to_button_idx
                0x000000000001f670       0x48 _build/nrf52832_xxaa_boards.c.o
                0x000000000001f670                bsp_board_pin_to_button_idx
 .text.bsp_board_button_idx_to_pin
                0x000000000001f6b8       0x20 _build/nrf52832_xxaa_boards.c.o
                0x000000000001f6b8                bsp_board_button_idx_to_pin
 .text.sd_ble_gap_disconnect
                0x000000000001f6d8        0x8 _build/nrf52832_xxaa_main.c.o
 .text.sd_ble_gap_appearance_set
                0x000000000001f6e0        0x8 _build/nrf52832_xxaa_main.c.o
 .text.sd_ble_gap_ppcp_set
                0x000000000001f6e8        0x8 _build/nrf52832_xxaa_main.c.o
 .text.sd_ble_gap_device_name_set
                0x000000000001f6f0        0x8 _build/nrf52832_xxaa_main.c.o
 .text.sd_ble_gatts_rw_authorize_reply
                0x000000000001f6f8        0x8 _build/nrf52832_xxaa_main.c.o
 .text.sd_ble_cfg_set
                0x000000000001f700        0x8 _build/nrf52832_xxaa_main.c.o
 .text.sd_ble_user_mem_reply
                0x000000000001f708        0x8 _build/nrf52832_xxaa_main.c.o
 .text.sd_power_system_off
                0x000000000001f710        0x8 _build/nrf52832_xxaa_main.c.o
 .text.nrf_delay_us
                0x000000000001f718       0xa8 _build/nrf52832_xxaa_main.c.o
 .text.nrf_delay_ms
                0x000000000001f7c0       0x20 _build/nrf52832_xxaa_main.c.o
 .text.flash_green
                0x000000000001f7e0       0x1a _build/nrf52832_xxaa_main.c.o
                0x000000000001f7e0                flash_green
 .text.flash_red
                0x000000000001f7fa       0x1a _build/nrf52832_xxaa_main.c.o
                0x000000000001f7fa                flash_red
 .text.leds_init
                0x000000000001f814       0x38 _build/nrf52832_xxaa_main.c.o
 .text.delete_bonds
                0x000000000001f84c       0x30 _build/nrf52832_xxaa_main.c.o
 .text.advertising_start
                0x000000000001f87c       0x36 _build/nrf52832_xxaa_main.c.o
                0x000000000001f87c                advertising_start
 .text.fds_evt_handler
                0x000000000001f8b2       0x14 _build/nrf52832_xxaa_main.c.o
 *fill*         0x000000000001f8c6        0x2 
 .text.pm_evt_handler
                0x000000000001f8c8      0x118 _build/nrf52832_xxaa_main.c.o
 .text.RTC1_timer_init
                0x000000000001f9e0       0x58 _build/nrf52832_xxaa_main.c.o
 .text.RTC1_timer_start
                0x000000000001fa38       0x3c _build/nrf52832_xxaa_main.c.o
 .text.gap_params_init
                0x000000000001fa74       0xb4 _build/nrf52832_xxaa_main.c.o
 .text.gatt_evt_handler
                0x000000000001fb28       0x20 _build/nrf52832_xxaa_main.c.o
 .text.gatt_init
                0x000000000001fb48       0x3c _build/nrf52832_xxaa_main.c.o
 .text.ble_services_init
                0x000000000001fb84      0x294 _build/nrf52832_xxaa_main.c.o
 .text.on_conn_params_evt
                0x000000000001fe18       0x44 _build/nrf52832_xxaa_main.c.o
 .text.conn_params_error_handler
                0x000000000001fe5c       0x16 _build/nrf52832_xxaa_main.c.o
 *fill*         0x000000000001fe72        0x2 
 .text.conn_params_init
                0x000000000001fe74       0x70 _build/nrf52832_xxaa_main.c.o
 .text.sleep_mode_enter
                0x000000000001fee4       0x68 _build/nrf52832_xxaa_main.c.o
 .text.on_adv_evt
                0x000000000001ff4c       0x48 _build/nrf52832_xxaa_main.c.o
 .text.update_status_flags
                0x000000000001ff94       0x5c _build/nrf52832_xxaa_main.c.o
                0x000000000001ff94                update_status_flags
 .text.on_ble_evt
                0x000000000001fff0      0x308 _build/nrf52832_xxaa_main.c.o
 .text.ble_evt_dispatch
                0x00000000000202f8       0x58 _build/nrf52832_xxaa_main.c.o
 .text.sys_evt_dispatch
                0x0000000000020350       0x1c _build/nrf52832_xxaa_main.c.o
 .text.ble_stack_init
                0x000000000002036c      0x1b4 _build/nrf52832_xxaa_main.c.o
 .text.bsp_event_handler
                0x0000000000020520       0x98 _build/nrf52832_xxaa_main.c.o
                0x0000000000020520                bsp_event_handler
 .text.peer_manager_init
                0x00000000000205b8       0xe8 _build/nrf52832_xxaa_main.c.o
 .text.advertising_init
                0x00000000000206a0       0x8c _build/nrf52832_xxaa_main.c.o
 .text.FLASH_Write_Record
                0x000000000002072c      0x190 _build/nrf52832_xxaa_main.c.o
                0x000000000002072c                FLASH_Write_Record
 .text.Send_Via_BLE
                0x00000000000208bc       0x64 _build/nrf52832_xxaa_main.c.o
 .text.save_or_stream
                0x0000000000020920       0xf0 _build/nrf52832_xxaa_main.c.o
                0x0000000000020920                save_or_stream
 .text.update_battery
                0x0000000000020a10       0xb4 _build/nrf52832_xxaa_main.c.o
 *fill*         0x0000000000020ac4        0x4 
 .text.update_fast
                0x0000000000020ac8      0x294 _build/nrf52832_xxaa_main.c.o
 .text.timeout_handler
                0x0000000000020d5c       0x14 _build/nrf52832_xxaa_main.c.o
 .text.main     0x0000000000020d70      0x1e4 _build/nrf52832_xxaa_main.c.o
                0x0000000000020d70                main
 .text.I2C_init
                0x0000000000020f54       0x58 _build/nrf52832_xxaa_I2C.c.o
                0x0000000000020f54                I2C_init
 .text.writeByte
                0x0000000000020fac       0x68 _build/nrf52832_xxaa_I2C.c.o
                0x0000000000020fac                writeByte
 .text.writeBytes
                0x0000000000021014       0x5c _build/nrf52832_xxaa_I2C.c.o
                0x0000000000021014                writeBytes
 .text.readByte
                0x0000000000021070       0xa0 _build/nrf52832_xxaa_I2C.c.o
                0x0000000000021070                readByte
 .text.I2C_handler
                0x0000000000021110       0x2c _build/nrf52832_xxaa_I2C.c.o
                0x0000000000021110                I2C_handler
 .text.readBytes
                0x000000000002113c       0x80 _build/nrf52832_xxaa_I2C.c.o
                0x000000000002113c                readBytes
 .text.nrf_delay_us
                0x00000000000211bc       0xa8 _build/nrf52832_xxaa_BME280.c.o
 .text.nrf_delay_ms
                0x0000000000021264       0x20 _build/nrf52832_xxaa_BME280.c.o
 .text.BME280_Turn_On
                0x0000000000021284       0x4c _build/nrf52832_xxaa_BME280.c.o
                0x0000000000021284                BME280_Turn_On
 .text.BME280_Configure
                0x00000000000212d0      0x25c _build/nrf52832_xxaa_BME280.c.o
                0x00000000000212d0                BME280_Configure
 .text.BME280_Get_Data
                0x000000000002152c      0x138 _build/nrf52832_xxaa_BME280.c.o
                0x000000000002152c                BME280_Get_Data
 .text.BME280_Compensate_H
                0x0000000000021664       0xd0 _build/nrf52832_xxaa_BME280.c.o
                0x0000000000021664                BME280_Compensate_H
 .text.BME280_Compensate_T
                0x0000000000021734       0x24 _build/nrf52832_xxaa_BME280.c.o
                0x0000000000021734                BME280_Compensate_T
 .text.BME280_Compensate_P
                0x0000000000021758      0x1ac _build/nrf52832_xxaa_BME280.c.o
                0x0000000000021758                BME280_Compensate_P
 .text.ADC_init
                0x0000000000021904       0x74 _build/nrf52832_xxaa_ADC.c.o
                0x0000000000021904                ADC_init
 .text.ADC_callback
                0x0000000000021978       0xa8 _build/nrf52832_xxaa_ADC.c.o
                0x0000000000021978                ADC_callback
 .text.Current_VBATT
                0x0000000000021a20       0x18 _build/nrf52832_xxaa_ADC.c.o
                0x0000000000021a20                Current_VBATT
 .text.nrf_delay_us
                0x0000000000021a38       0xa8 _build/nrf52832_xxaa_SPIFlash.c.o
 .text.nrf_delay_ms
                0x0000000000021ae0       0x20 _build/nrf52832_xxaa_SPIFlash.c.o
 .text.FLASH_Init
                0x0000000000021b00       0x2c _build/nrf52832_xxaa_SPIFlash.c.o
                0x0000000000021b00                FLASH_Init
 .text.FLASH_Print_ID
                0x0000000000021b2c       0x58 _build/nrf52832_xxaa_SPIFlash.c.o
                0x0000000000021b2c                FLASH_Print_ID
 .text.FLASH_Is_Write_Enabled
                0x0000000000021b84       0x50 _build/nrf52832_xxaa_SPIFlash.c.o
                0x0000000000021b84                FLASH_Is_Write_Enabled
 .text.FLASH_Is_Busy
                0x0000000000021bd4       0x4c _build/nrf52832_xxaa_SPIFlash.c.o
                0x0000000000021bd4                FLASH_Is_Busy
 .text.FLASH_Line_Read
                0x0000000000021c20       0x84 _build/nrf52832_xxaa_SPIFlash.c.o
                0x0000000000021c20                FLASH_Line_Read
 .text.FLASH_Page_Write
                0x0000000000021ca4      0x158 _build/nrf52832_xxaa_SPIFlash.c.o
                0x0000000000021ca4                FLASH_Page_Write
 .text.FLASH_Page_Is_Empty
                0x0000000000021dfc       0xac _build/nrf52832_xxaa_SPIFlash.c.o
                0x0000000000021dfc                FLASH_Page_Is_Empty
 .text.FLASH_Get_First_Available_Location
                0x0000000000021ea8       0x38 _build/nrf52832_xxaa_SPIFlash.c.o
                0x0000000000021ea8                FLASH_Get_First_Available_Location
 .text.page_to_address
                0x0000000000021ee0       0x18 _build/nrf52832_xxaa_SPIFlash.c.o
                0x0000000000021ee0                page_to_address
 .text.FLASH_Erase
                0x0000000000021ef8       0x48 _build/nrf52832_xxaa_SPIFlash.c.o
                0x0000000000021ef8                FLASH_Erase
 .text.FLASH_Set_Write_Enable
                0x0000000000021f40       0x48 _build/nrf52832_xxaa_SPIFlash.c.o
                0x0000000000021f40                FLASH_Set_Write_Enable
 .text.nrf_delay_us
                0x0000000000021f88       0xa8 _build/nrf52832_xxaa_BMA280.c.o
 .text.nrf_delay_ms
                0x0000000000022030       0x20 _build/nrf52832_xxaa_BMA280.c.o
 .text.BMA280_Turn_On_Fast
                0x0000000000022050       0x70 _build/nrf52832_xxaa_BMA280.c.o
                0x0000000000022050                BMA280_Turn_On_Fast
 .text.BMA280_Turn_On_Slow
                0x00000000000220c0       0x42 _build/nrf52832_xxaa_BMA280.c.o
                0x00000000000220c0                BMA280_Turn_On_Slow
 .text.BMA280_Get_Data
                0x0000000000022102       0x58 _build/nrf52832_xxaa_BMA280.c.o
                0x0000000000022102                BMA280_Get_Data
 *fill*         0x000000000002215a        0x2 
 .text.BMA280_Calibrate
                0x000000000002215c      0x1a0 _build/nrf52832_xxaa_BMA280.c.o
                0x000000000002215c                BMA280_Calibrate
 .text.FDC1004_Turn_On
                0x00000000000222fc       0xb0 _build/nrf52832_xxaa_FDC1004.c.o
                0x00000000000222fc                FDC1004_Turn_On
 .text.ConvertFDCToFloat
                0x00000000000223ac       0x7c _build/nrf52832_xxaa_FDC1004.c.o
                0x00000000000223ac                ConvertFDCToFloat
 .text.FDC1004_Get_Data
                0x0000000000022428      0x204 _build/nrf52832_xxaa_FDC1004.c.o
                0x0000000000022428                FDC1004_Get_Data
 .text.sd_ble_gatts_service_add
                0x000000000002262c        0x8 _build/nrf52832_xxaa_ble_ma.c.o
 .text.sd_ble_gatts_characteristic_add
                0x0000000000022634        0x8 _build/nrf52832_xxaa_ble_ma.c.o
 .text.sd_ble_gatts_hvx
                0x000000000002263c        0x8 _build/nrf52832_xxaa_ble_ma.c.o
 .text.on_connect
                0x0000000000022644       0x1e _build/nrf52832_xxaa_ble_ma.c.o
 .text.on_disconnect
                0x0000000000022662       0x1e _build/nrf52832_xxaa_ble_ma.c.o
 .text.on_ma_cccd_write
                0x0000000000022680       0x4a _build/nrf52832_xxaa_ble_ma.c.o
 .text.on_write
                0x00000000000226ca       0x2c _build/nrf52832_xxaa_ble_ma.c.o
 .text.ble_ma_on_ble_evt
                0x00000000000226f6       0x42 _build/nrf52832_xxaa_ble_ma.c.o
                0x00000000000226f6                ble_ma_on_ble_evt
 .text.mentaid_measurement_char_add
                0x0000000000022738      0x14c _build/nrf52832_xxaa_ble_ma.c.o
 .text.mentaid_status_char_add
                0x0000000000022884      0x118 _build/nrf52832_xxaa_ble_ma.c.o
 .text.mentaid_command_char_add
                0x000000000002299c       0xf0 _build/nrf52832_xxaa_ble_ma.c.o
 .text.ble_ma_init
                0x0000000000022a8c       0x96 _build/nrf52832_xxaa_ble_ma.c.o
                0x0000000000022a8c                ble_ma_init
 .text.ma_measurement_send_16
                0x0000000000022b22       0xd6 _build/nrf52832_xxaa_ble_ma.c.o
                0x0000000000022b22                ma_measurement_send_16
 .text.ma_status_send
                0x0000000000022bf8       0x7c _build/nrf52832_xxaa_ble_ma.c.o
                0x0000000000022bf8                ma_status_send
 .text.ble_ma_on_gatt_evt
                0x0000000000022c74       0x3e _build/nrf52832_xxaa_ble_ma.c.o
                0x0000000000022c74                ble_ma_on_gatt_evt
 *fill*         0x0000000000022cb2        0x2 
 .text.detection_delay_timeout_handler
                0x0000000000022cb4       0xc8 _build/nrf52832_xxaa_app_button.c.o
 .text.gpiote_event_handler
                0x0000000000022d7c       0xa0 _build/nrf52832_xxaa_app_button.c.o
 .text.app_button_init
                0x0000000000022e1c       0xd4 _build/nrf52832_xxaa_app_button.c.o
                0x0000000000022e1c                app_button_init
 .text.app_button_enable
                0x0000000000022ef0       0x44 _build/nrf52832_xxaa_app_button.c.o
                0x0000000000022ef0                app_button_enable
 .text.NVIC_EnableIRQ
                0x0000000000022f34       0x34 _build/nrf52832_xxaa_app_timer.c.o
 .text.NVIC_DisableIRQ
                0x0000000000022f68       0x34 _build/nrf52832_xxaa_app_timer.c.o
 .text.NVIC_SetPendingIRQ
                0x0000000000022f9c       0x34 _build/nrf52832_xxaa_app_timer.c.o
 .text.NVIC_ClearPendingIRQ
                0x0000000000022fd0       0x34 _build/nrf52832_xxaa_app_timer.c.o
 .text.NVIC_SetPriority
                0x0000000000023004       0x54 _build/nrf52832_xxaa_app_timer.c.o
 .text.nrf_delay_us
                0x0000000000023058       0xa8 _build/nrf52832_xxaa_app_timer.c.o
 .text.rtc1_init
                0x0000000000023100       0x24 _build/nrf52832_xxaa_app_timer.c.o
 .text.rtc1_start
                0x0000000000023124       0x44 _build/nrf52832_xxaa_app_timer.c.o
 .text.rtc1_stop
                0x0000000000023168       0x54 _build/nrf52832_xxaa_app_timer.c.o
 .text.rtc1_counter_get
                0x00000000000231bc       0x18 _build/nrf52832_xxaa_app_timer.c.o
 .text.ticks_diff_get
                0x00000000000231d4       0x20 _build/nrf52832_xxaa_app_timer.c.o
 .text.rtc1_compare0_set
                0x00000000000231f4       0x20 _build/nrf52832_xxaa_app_timer.c.o
 .text.timer_list_insert
                0x0000000000023214       0xb4 _build/nrf52832_xxaa_app_timer.c.o
 .text.timer_list_remove
                0x00000000000232c8       0xc0 _build/nrf52832_xxaa_app_timer.c.o
 .text.timer_timeouts_check_sched
                0x0000000000023388        0xe _build/nrf52832_xxaa_app_timer.c.o
 .text.timer_list_handler_sched
                0x0000000000023396        0xe _build/nrf52832_xxaa_app_timer.c.o
 .text.timeout_handler_exec
                0x00000000000233a4       0x1c _build/nrf52832_xxaa_app_timer.c.o
 .text.timer_timeouts_check
                0x00000000000233c0       0xc8 _build/nrf52832_xxaa_app_timer.c.o
 .text.elapsed_ticks_acquire
                0x0000000000023488       0x80 _build/nrf52832_xxaa_app_timer.c.o
 .text.expired_timers_handler
                0x0000000000023508       0x9c _build/nrf52832_xxaa_app_timer.c.o
 .text.list_insertions_handler
                0x00000000000235a4      0x1b8 _build/nrf52832_xxaa_app_timer.c.o
 .text.compare_reg_update
                0x000000000002375c       0xb4 _build/nrf52832_xxaa_app_timer.c.o
 .text.timer_list_handler
                0x0000000000023810       0x74 _build/nrf52832_xxaa_app_timer.c.o
 .text.user_op_enque
                0x0000000000023884       0x20 _build/nrf52832_xxaa_app_timer.c.o
 .text.user_op_alloc
                0x00000000000238a4       0x5c _build/nrf52832_xxaa_app_timer.c.o
 .text.timer_start_op_schedule
                0x0000000000023900       0x7a _build/nrf52832_xxaa_app_timer.c.o
 .text.timer_stop_op_schedule
                0x000000000002397a       0x5c _build/nrf52832_xxaa_app_timer.c.o
 *fill*         0x00000000000239d6        0x2 
 .text.RTC1_IRQHandler
                0x00000000000239d8       0x40 _build/nrf52832_xxaa_app_timer.c.o
                0x00000000000239d8                RTC1_IRQHandler
 .text.SWI0_EGU0_IRQHandler
                0x0000000000023a18        0xc _build/nrf52832_xxaa_app_timer.c.o
                0x0000000000023a18                SWI0_EGU0_IRQHandler
 .text.app_timer_init
                0x0000000000023a24       0x6c _build/nrf52832_xxaa_app_timer.c.o
                0x0000000000023a24                app_timer_init
 .text.app_timer_create
                0x0000000000023a90       0x68 _build/nrf52832_xxaa_app_timer.c.o
                0x0000000000023a90                app_timer_create
 .text.app_timer_start
                0x0000000000023af8       0x68 _build/nrf52832_xxaa_app_timer.c.o
                0x0000000000023af8                app_timer_start
 .text.app_timer_stop
                0x0000000000023b60       0x48 _build/nrf52832_xxaa_app_timer.c.o
                0x0000000000023b60                app_timer_stop
 .text.is_word_aligned
                0x0000000000023ba8       0x24 _build/nrf52832_xxaa_fds.c.o
 .text.flag_set
                0x0000000000023bcc       0x28 _build/nrf52832_xxaa_fds.c.o
 .text.flag_clear
                0x0000000000023bf4       0x34 _build/nrf52832_xxaa_fds.c.o
 .text.flag_is_set
                0x0000000000023c28       0x30 _build/nrf52832_xxaa_fds.c.o
 .text.event_send
                0x0000000000023c58       0x40 _build/nrf52832_xxaa_fds.c.o
 .text.event_prepare
                0x0000000000023c98       0xdc _build/nrf52832_xxaa_fds.c.o
 .text.header_is_valid
                0x0000000000023d74       0x34 _build/nrf52832_xxaa_fds.c.o
 .text.address_is_valid
                0x0000000000023da8       0x48 _build/nrf52832_xxaa_fds.c.o
 .text.chunk_is_aligned
                0x0000000000023df0       0x48 _build/nrf52832_xxaa_fds.c.o
 .text.page_identify
                0x0000000000023e38       0x4c _build/nrf52832_xxaa_fds.c.o
 .text.page_is_erased
                0x0000000000023e84       0x3e _build/nrf52832_xxaa_fds.c.o
 *fill*         0x0000000000023ec2        0x2 
 .text.page_has_space
                0x0000000000023ec4       0x54 _build/nrf52832_xxaa_fds.c.o
 .text.page_from_record
                0x0000000000023f18       0x68 _build/nrf52832_xxaa_fds.c.o
 .text.page_scan
                0x0000000000023f80       0xa4 _build/nrf52832_xxaa_fds.c.o
 .text.page_offsets_update
                0x0000000000024024       0x3c _build/nrf52832_xxaa_fds.c.o
 .text.page_tag_write_swap
                0x0000000000024060       0x2c _build/nrf52832_xxaa_fds.c.o
 .text.page_tag_write_data
                0x000000000002408c       0x2c _build/nrf52832_xxaa_fds.c.o
 .text.write_space_reserve
                0x00000000000240b8       0x9c _build/nrf52832_xxaa_fds.c.o
 .text.write_space_free
                0x0000000000024154       0x44 _build/nrf52832_xxaa_fds.c.o
 .text.record_id_new
                0x0000000000024198       0x20 _build/nrf52832_xxaa_fds.c.o
 .text.record_find_next
                0x00000000000241b8       0x94 _build/nrf52832_xxaa_fds.c.o
 .text.record_find_by_desc
                0x000000000002424c       0xb8 _build/nrf52832_xxaa_fds.c.o
 .text.record_find
                0x0000000000024304       0xd4 _build/nrf52832_xxaa_fds.c.o
 .text.queue_advance
                0x00000000000243d8       0x54 _build/nrf52832_xxaa_fds.c.o
 .text.chunk_queue_next
                0x000000000002442c       0x38 _build/nrf52832_xxaa_fds.c.o
                0x000000000002442c                chunk_queue_next
 .text.chunk_queue_get_and_advance
                0x0000000000024464       0x48 _build/nrf52832_xxaa_fds.c.o
 .text.chunk_queue_skip
                0x00000000000244ac       0x44 _build/nrf52832_xxaa_fds.c.o
 .text.op_enqueue
                0x00000000000244f0       0xd4 _build/nrf52832_xxaa_fds.c.o
 .text.pages_init
                0x00000000000245c4      0x188 _build/nrf52832_xxaa_fds.c.o
 .text.record_header_write_begin
                0x000000000002474c       0x40 _build/nrf52832_xxaa_fds.c.o
 .text.record_header_write_id
                0x000000000002478c       0x50 _build/nrf52832_xxaa_fds.c.o
 .text.record_header_write_finalize
                0x00000000000247dc       0x50 _build/nrf52832_xxaa_fds.c.o
 .text.record_header_flag_dirty
                0x000000000002482c       0x50 _build/nrf52832_xxaa_fds.c.o
 .text.record_find_and_delete
                0x000000000002487c       0x62 _build/nrf52832_xxaa_fds.c.o
 *fill*         0x00000000000248de        0x2 
 .text.file_find_and_delete
                0x00000000000248e0       0x4c _build/nrf52832_xxaa_fds.c.o
 .text.record_write_chunk
                0x000000000002492c       0x7c _build/nrf52832_xxaa_fds.c.o
 .text.gc_init  0x00000000000249a8       0x64 _build/nrf52832_xxaa_fds.c.o
 .text.gc_page_next
                0x0000000000024a0c       0x78 _build/nrf52832_xxaa_fds.c.o
 .text.gc_swap_erase
                0x0000000000024a84       0x30 _build/nrf52832_xxaa_fds.c.o
 .text.gc_page_erase
                0x0000000000024ab4       0x5c _build/nrf52832_xxaa_fds.c.o
 .text.gc_record_copy
                0x0000000000024b10       0x54 _build/nrf52832_xxaa_fds.c.o
 .text.gc_record_find_next
                0x0000000000024b64       0x38 _build/nrf52832_xxaa_fds.c.o
 .text.gc_swap_promote
                0x0000000000024b9c       0x2c _build/nrf52832_xxaa_fds.c.o
 .text.gc_tag_new_swap
                0x0000000000024bc8       0x20 _build/nrf52832_xxaa_fds.c.o
 .text.gc_next_page
                0x0000000000024be8       0x40 _build/nrf52832_xxaa_fds.c.o
 .text.gc_update_swap_offset
                0x0000000000024c28       0x38 _build/nrf52832_xxaa_fds.c.o
 .text.gc_swap_pages
                0x0000000000024c60       0x64 _build/nrf52832_xxaa_fds.c.o
 .text.gc_state_advance
                0x0000000000024cc4       0x74 _build/nrf52832_xxaa_fds.c.o
 .text.init_execute
                0x0000000000024d38      0x168 _build/nrf52832_xxaa_fds.c.o
 .text.write_execute
                0x0000000000024ea0      0x10c _build/nrf52832_xxaa_fds.c.o
 .text.delete_execute
                0x0000000000024fac       0x64 _build/nrf52832_xxaa_fds.c.o
 .text.gc_execute
                0x0000000000025010       0x98 _build/nrf52832_xxaa_fds.c.o
 .text.queue_process
                0x00000000000250a8       0xdc _build/nrf52832_xxaa_fds.c.o
 .text.queue_start
                0x0000000000025184       0x26 _build/nrf52832_xxaa_fds.c.o
 .text.fs_event_handler
                0x00000000000251aa       0x1c _build/nrf52832_xxaa_fds.c.o
 *fill*         0x00000000000251c6        0x2 
 .text.write_enqueue
                0x00000000000251c8      0x170 _build/nrf52832_xxaa_fds.c.o
 .text.fds_register
                0x0000000000025338       0x4c _build/nrf52832_xxaa_fds.c.o
                0x0000000000025338                fds_register
 .text.fds_init
                0x0000000000025384       0xec _build/nrf52832_xxaa_fds.c.o
                0x0000000000025384                fds_init
 .text.fds_record_open
                0x0000000000025470       0x78 _build/nrf52832_xxaa_fds.c.o
                0x0000000000025470                fds_record_open
 .text.fds_record_close
                0x00000000000254e8       0x7c _build/nrf52832_xxaa_fds.c.o
                0x00000000000254e8                fds_record_close
 .text.fds_reserve
                0x0000000000025564       0x58 _build/nrf52832_xxaa_fds.c.o
                0x0000000000025564                fds_reserve
 .text.fds_reserve_cancel
                0x00000000000255bc       0x88 _build/nrf52832_xxaa_fds.c.o
                0x00000000000255bc                fds_reserve_cancel
 .text.fds_record_write
                0x0000000000025644       0x20 _build/nrf52832_xxaa_fds.c.o
                0x0000000000025644                fds_record_write
 .text.fds_record_write_reserved
                0x0000000000025664       0x2c _build/nrf52832_xxaa_fds.c.o
                0x0000000000025664                fds_record_write_reserved
 .text.fds_record_update
                0x0000000000025690       0x2a _build/nrf52832_xxaa_fds.c.o
                0x0000000000025690                fds_record_update
 .text.fds_file_delete
                0x00000000000256ba       0x60 _build/nrf52832_xxaa_fds.c.o
                0x00000000000256ba                fds_file_delete
 *fill*         0x000000000002571a        0x2 
 .text.fds_gc   0x000000000002571c       0x58 _build/nrf52832_xxaa_fds.c.o
                0x000000000002571c                fds_gc
 .text.fds_record_find
                0x0000000000025774       0x2c _build/nrf52832_xxaa_fds.c.o
                0x0000000000025774                fds_record_find
 .text.fds_record_find_by_key
                0x00000000000257a0       0x26 _build/nrf52832_xxaa_fds.c.o
                0x00000000000257a0                fds_record_find_by_key
 .text.fds_record_find_in_file
                0x00000000000257c6       0x26 _build/nrf52832_xxaa_fds.c.o
                0x00000000000257c6                fds_record_find_in_file
 .text.fds_record_id_from_desc
                0x00000000000257ec       0x30 _build/nrf52832_xxaa_fds.c.o
                0x00000000000257ec                fds_record_id_from_desc
 .text.fs_flash_page_end_addr
                0x000000000002581c       0x2e _build/nrf52832_xxaa_fstorage.c.o
 .text.sd_flash_write
                0x000000000002584a        0x8 _build/nrf52832_xxaa_fstorage.c.o
 .text.sd_flash_page_erase
                0x0000000000025852        0x8 _build/nrf52832_xxaa_fstorage.c.o
 .text.send_event
                0x000000000002585a       0x72 _build/nrf52832_xxaa_fstorage.c.o
 .text.check_config
                0x00000000000258cc       0x38 _build/nrf52832_xxaa_fstorage.c.o
 .text.store_execute
                0x0000000000025904       0x58 _build/nrf52832_xxaa_fstorage.c.o
 .text.erase_execute
                0x000000000002595c       0x1c _build/nrf52832_xxaa_fstorage.c.o
 .text.queue_advance
                0x0000000000025978       0x50 _build/nrf52832_xxaa_fstorage.c.o
 .text.queue_process
                0x00000000000259c8       0x8c _build/nrf52832_xxaa_fstorage.c.o
 .text.queue_start
                0x0000000000025a54       0x38 _build/nrf52832_xxaa_fstorage.c.o
 .text.on_operation_success
                0x0000000000025a8c       0xb0 _build/nrf52832_xxaa_fstorage.c.o
 .text.on_operation_failure
                0x0000000000025b3c       0x3c _build/nrf52832_xxaa_fstorage.c.o
 .text.queue_get_next_free
                0x0000000000025b78       0x80 _build/nrf52832_xxaa_fstorage.c.o
 .text.fs_init  0x0000000000025bf8      0x11c _build/nrf52832_xxaa_fstorage.c.o
                0x0000000000025bf8                fs_init
 .text.fs_store
                0x0000000000025d14       0xd4 _build/nrf52832_xxaa_fstorage.c.o
                0x0000000000025d14                fs_store
 .text.fs_erase
                0x0000000000025de8       0xc4 _build/nrf52832_xxaa_fstorage.c.o
                0x0000000000025de8                fs_erase
 .text.fs_queued_op_count_get
                0x0000000000025eac       0x2c _build/nrf52832_xxaa_fstorage.c.o
                0x0000000000025eac                fs_queued_op_count_get
 .text.fs_sys_event_handler
                0x0000000000025ed8       0x88 _build/nrf52832_xxaa_fstorage.c.o
                0x0000000000025ed8                fs_sys_event_handler
 .text.app_error_handler_bare
                0x0000000000025f60       0x2c _build/nrf52832_xxaa_app_error.c.o
                0x0000000000025f60                app_error_handler_bare
 .text.NVIC_SystemReset
                0x0000000000025f8c       0x28 _build/nrf52832_xxaa_app_error_weak.c.o
 .text.app_error_fault_handler
                0x0000000000025fb4       0x18 _build/nrf52832_xxaa_app_error_weak.c.o
                0x0000000000025fb4                app_error_fault_handler
 .text.app_util_disable_irq
                0x0000000000025fcc       0x20 _build/nrf52832_xxaa_app_util_platform.c.o
                0x0000000000025fcc                app_util_disable_irq
 .text.app_util_enable_irq
                0x0000000000025fec       0x28 _build/nrf52832_xxaa_app_util_platform.c.o
                0x0000000000025fec                app_util_enable_irq
 .text.app_util_critical_region_enter
                0x0000000000026014       0x14 _build/nrf52832_xxaa_app_util_platform.c.o
                0x0000000000026014                app_util_critical_region_enter
 .text.app_util_critical_region_exit
                0x0000000000026028       0x16 _build/nrf52832_xxaa_app_util_platform.c.o
                0x0000000000026028                app_util_critical_region_exit
 .text.sdk_mapped_flags_set_by_index
                0x000000000002603e       0x2a _build/nrf52832_xxaa_sdk_mapped_flags.c.o
 .text.sdk_mapped_flags_clear_by_index
                0x0000000000026068       0x2c _build/nrf52832_xxaa_sdk_mapped_flags.c.o
 .text.sdk_mapped_flags_get_by_index
                0x0000000000026094       0x30 _build/nrf52832_xxaa_sdk_mapped_flags.c.o
 .text.sdk_mapped_flags_first_key_index_get
                0x00000000000260c4       0x3a _build/nrf52832_xxaa_sdk_mapped_flags.c.o
                0x00000000000260c4                sdk_mapped_flags_first_key_index_get
 .text.sdk_mapped_flags_update_by_key
                0x00000000000260fe       0x30 _build/nrf52832_xxaa_sdk_mapped_flags.c.o
                0x00000000000260fe                sdk_mapped_flags_update_by_key
 .text.sdk_mapped_flags_bulk_update_by_key
                0x000000000002612e       0x90 _build/nrf52832_xxaa_sdk_mapped_flags.c.o
                0x000000000002612e                sdk_mapped_flags_bulk_update_by_key
 .text.sdk_mapped_flags_get_by_key
                0x00000000000261be       0x50 _build/nrf52832_xxaa_sdk_mapped_flags.c.o
                0x00000000000261be                sdk_mapped_flags_get_by_key
 .text.sdk_mapped_flags_key_list_get
                0x000000000002620e       0x6e _build/nrf52832_xxaa_sdk_mapped_flags.c.o
                0x000000000002620e                sdk_mapped_flags_key_list_get
 .text.nrf_gpio_pin_port_decode
                0x000000000002627c       0x18 _build/nrf52832_xxaa_bsp.c.o
 .text.nrf_gpio_cfg_sense_set
                0x0000000000026294       0x58 _build/nrf52832_xxaa_bsp.c.o
 .text.bsp_button_event_handler
                0x00000000000262ec      0x118 _build/nrf52832_xxaa_bsp.c.o
 .text.button_timer_handler
                0x0000000000026404       0x1c _build/nrf52832_xxaa_bsp.c.o
 .text.leds_off
                0x0000000000026420       0x40 _build/nrf52832_xxaa_bsp.c.o
 .text.bsp_led_indication
                0x0000000000026460      0x458 _build/nrf52832_xxaa_bsp.c.o
 .text.leds_timer_handler
                0x00000000000268b8       0x30 _build/nrf52832_xxaa_bsp.c.o
 .text.alert_timer_handler
                0x00000000000268e8       0x16 _build/nrf52832_xxaa_bsp.c.o
 *fill*         0x00000000000268fe        0x2 
 .text.bsp_indication_set
                0x0000000000026900       0x34 _build/nrf52832_xxaa_bsp.c.o
                0x0000000000026900                bsp_indication_set
 .text.bsp_init
                0x0000000000026934       0xd8 _build/nrf52832_xxaa_bsp.c.o
                0x0000000000026934                bsp_init
 .text.bsp_event_to_button_action_assign
                0x0000000000026a0c       0x9c _build/nrf52832_xxaa_bsp.c.o
                0x0000000000026a0c                bsp_event_to_button_action_assign
 .text.bsp_wakeup_button_enable
                0x0000000000026aa8       0x22 _build/nrf52832_xxaa_bsp.c.o
                0x0000000000026aa8                bsp_wakeup_button_enable
 .text.connection_buttons_configure
                0x0000000000026aca       0x64 _build/nrf52832_xxaa_bsp_btn_ble.c.o
 .text.advertising_buttons_configure
                0x0000000000026b2e       0x64 _build/nrf52832_xxaa_bsp_btn_ble.c.o
 .text.bsp_btn_ble_sleep_mode_prepare
                0x0000000000026b92       0x40 _build/nrf52832_xxaa_bsp_btn_ble.c.o
                0x0000000000026b92                bsp_btn_ble_sleep_mode_prepare
 *fill*         0x0000000000026bd2        0x2 
 .text.bsp_btn_ble_on_ble_evt
                0x0000000000026bd4       0x88 _build/nrf52832_xxaa_bsp_btn_ble.c.o
                0x0000000000026bd4                bsp_btn_ble_on_ble_evt
 .text.nrf_spi_event_clear
                0x0000000000026c5c       0x2e _build/nrf52832_xxaa_nrf_drv_spi.c.o
 .text.nrf_spi_event_check
                0x0000000000026c8a       0x2a _build/nrf52832_xxaa_nrf_drv_spi.c.o
 .text.nrf_spi_int_enable
                0x0000000000026cb4       0x1e _build/nrf52832_xxaa_nrf_drv_spi.c.o
 .text.nrf_spi_int_disable
                0x0000000000026cd2       0x1e _build/nrf52832_xxaa_nrf_drv_spi.c.o
 .text.nrf_spi_enable
                0x0000000000026cf0       0x1c _build/nrf52832_xxaa_nrf_drv_spi.c.o
 .text.nrf_spi_pins_set
                0x0000000000026d0c       0x32 _build/nrf52832_xxaa_nrf_drv_spi.c.o
 .text.nrf_spi_txd_set
                0x0000000000026d3e       0x20 _build/nrf52832_xxaa_nrf_drv_spi.c.o
 .text.nrf_spi_rxd_get
                0x0000000000026d5e       0x1c _build/nrf52832_xxaa_nrf_drv_spi.c.o
 .text.nrf_spi_frequency_set
                0x0000000000026d7a       0x1e _build/nrf52832_xxaa_nrf_drv_spi.c.o
 .text.nrf_spi_configure
                0x0000000000026d98       0x60 _build/nrf52832_xxaa_nrf_drv_spi.c.o
 .text.nrf_gpio_pin_port_decode
                0x0000000000026df8       0x18 _build/nrf52832_xxaa_nrf_drv_spi.c.o
 .text.nrf_gpio_cfg
                0x0000000000026e10       0x52 _build/nrf52832_xxaa_nrf_drv_spi.c.o
 .text.nrf_gpio_cfg_output
                0x0000000000026e62       0x24 _build/nrf52832_xxaa_nrf_drv_spi.c.o
 .text.nrf_gpio_cfg_input
                0x0000000000026e86       0x2a _build/nrf52832_xxaa_nrf_drv_spi.c.o
 .text.nrf_gpio_pin_set
                0x0000000000026eb0       0x2a _build/nrf52832_xxaa_nrf_drv_spi.c.o
 .text.nrf_gpio_pin_clear
                0x0000000000026eda       0x2a _build/nrf52832_xxaa_nrf_drv_spi.c.o
 .text.nrf_gpio_port_out_set
                0x0000000000026f04       0x1e _build/nrf52832_xxaa_nrf_drv_spi.c.o
 .text.nrf_gpio_port_out_clear
                0x0000000000026f22       0x1e _build/nrf52832_xxaa_nrf_drv_spi.c.o
 .text.nrf_drv_spi_init
                0x0000000000026f40      0x188 _build/nrf52832_xxaa_nrf_drv_spi.c.o
                0x0000000000026f40                nrf_drv_spi_init
 .text.nrf_drv_spi_transfer
                0x00000000000270c8       0x3a _build/nrf52832_xxaa_nrf_drv_spi.c.o
                0x00000000000270c8                nrf_drv_spi_transfer
 .text.finish_transfer
                0x0000000000027102       0x40 _build/nrf52832_xxaa_nrf_drv_spi.c.o
 .text.transfer_byte
                0x0000000000027142       0xf6 _build/nrf52832_xxaa_nrf_drv_spi.c.o
 .text.spi_xfer
                0x0000000000027238       0xcc _build/nrf52832_xxaa_nrf_drv_spi.c.o
 .text.nrf_drv_spi_xfer
                0x0000000000027304       0xc8 _build/nrf52832_xxaa_nrf_drv_spi.c.o
                0x0000000000027304                nrf_drv_spi_xfer
 .text.irq_handler_spi
                0x00000000000273cc       0x36 _build/nrf52832_xxaa_nrf_drv_spi.c.o
 *fill*         0x0000000000027402        0x2 
 .text.SPIM1_SPIS1_TWIM1_TWIS1_SPI1_TWI1_IRQHandler
                0x0000000000027404       0x20 _build/nrf52832_xxaa_nrf_drv_spi.c.o
                0x0000000000027404                SPIM1_SPIS1_TWIM1_TWIS1_SPI1_TWI1_IRQHandler
 .text.nrf_clock_int_disable
                0x0000000000027424       0x1e _build/nrf52832_xxaa_nrf_drv_clock.c.o
 .text.nrf_clock_event_clear
                0x0000000000027442       0x2c _build/nrf52832_xxaa_nrf_drv_clock.c.o
 .text.nrf_clock_event_check
                0x000000000002746e       0x28 _build/nrf52832_xxaa_nrf_drv_clock.c.o
 .text.item_dequeue
                0x0000000000027496       0x2a _build/nrf52832_xxaa_nrf_drv_clock.c.o
 .text.clock_clk_started_notify
                0x00000000000274c0       0x48 _build/nrf52832_xxaa_nrf_drv_clock.c.o
 .text.POWER_CLOCK_IRQHandler
                0x0000000000027508       0x5c _build/nrf52832_xxaa_nrf_drv_clock.c.o
                0x0000000000027508                POWER_CLOCK_IRQHandler
 .text.NVIC_EnableIRQ
                0x0000000000027564       0x34 _build/nrf52832_xxaa_nrf_drv_common.c.o
 .text.NVIC_ClearPendingIRQ
                0x0000000000027598       0x34 _build/nrf52832_xxaa_nrf_drv_common.c.o
 .text.NVIC_SetPriority
                0x00000000000275cc       0x54 _build/nrf52832_xxaa_nrf_drv_common.c.o
 .text.nrf_drv_common_irq_enable
                0x0000000000027620       0x3a _build/nrf52832_xxaa_nrf_drv_common.c.o
                0x0000000000027620                nrf_drv_common_irq_enable
 .text.nrf_gpiote_event_is_set
                0x000000000002765a       0x28 _build/nrf52832_xxaa_nrf_drv_gpiote.c.o
 .text.nrf_gpiote_event_clear
                0x0000000000027682       0x32 _build/nrf52832_xxaa_nrf_drv_gpiote.c.o
 .text.nrf_gpiote_event_addr_get
                0x00000000000276b4       0x20 _build/nrf52832_xxaa_nrf_drv_gpiote.c.o
 .text.nrf_gpiote_int_enable
                0x00000000000276d4       0x20 _build/nrf52832_xxaa_nrf_drv_gpiote.c.o
 .text.nrf_gpiote_int_is_enabled
                0x00000000000276f4       0x24 _build/nrf52832_xxaa_nrf_drv_gpiote.c.o
 .text.nrf_gpiote_event_enable
                0x0000000000027718       0x34 _build/nrf52832_xxaa_nrf_drv_gpiote.c.o
 .text.nrf_gpiote_event_configure
                0x000000000002774c       0x6c _build/nrf52832_xxaa_nrf_drv_gpiote.c.o
 .text.nrf_gpiote_event_pin_get
                0x00000000000277b8       0x2c _build/nrf52832_xxaa_nrf_drv_gpiote.c.o
 .text.nrf_gpiote_event_polarity_get
                0x00000000000277e4       0x2c _build/nrf52832_xxaa_nrf_drv_gpiote.c.o
 .text.nrf_gpio_pin_port_decode
                0x0000000000027810       0x18 _build/nrf52832_xxaa_nrf_drv_gpiote.c.o
 .text.nrf_gpio_cfg
                0x0000000000027828       0x52 _build/nrf52832_xxaa_nrf_drv_gpiote.c.o
 .text.nrf_gpio_cfg_input
                0x000000000002787a       0x2a _build/nrf52832_xxaa_nrf_drv_gpiote.c.o
 .text.nrf_gpio_cfg_watcher
                0x00000000000278a4       0x3a _build/nrf52832_xxaa_nrf_drv_gpiote.c.o
 .text.nrf_gpio_cfg_sense_set
                0x00000000000278de       0x58 _build/nrf52832_xxaa_nrf_drv_gpiote.c.o
 .text.nrf_gpio_pin_read
                0x0000000000027936       0x2c _build/nrf52832_xxaa_nrf_drv_gpiote.c.o
 .text.nrf_gpio_pin_sense_get
                0x0000000000027962       0x2e _build/nrf52832_xxaa_nrf_drv_gpiote.c.o
 .text.nrf_gpio_port_in_read
                0x0000000000027990       0x1a _build/nrf52832_xxaa_nrf_drv_gpiote.c.o
 .text.nrf_gpio_ports_read
                0x00000000000279aa       0x52 _build/nrf52832_xxaa_nrf_drv_gpiote.c.o
 .text.nrf_bitmask_bit_is_set
                0x00000000000279fc       0x3a _build/nrf52832_xxaa_nrf_drv_gpiote.c.o
 .text.nrf_bitmask_bit_set
                0x0000000000027a36       0x4a _build/nrf52832_xxaa_nrf_drv_gpiote.c.o
 .text.pin_in_use_by_te
                0x0000000000027a80       0x44 _build/nrf52832_xxaa_nrf_drv_gpiote.c.o
 .text.pin_in_use_by_port
                0x0000000000027ac4       0x30 _build/nrf52832_xxaa_nrf_drv_gpiote.c.o
 .text.pin_in_use_by_gpiote
                0x0000000000027af4       0x2c _build/nrf52832_xxaa_nrf_drv_gpiote.c.o
 .text.pin_in_use_by_te_set
                0x0000000000027b20       0x58 _build/nrf52832_xxaa_nrf_drv_gpiote.c.o
 .text.pin_in_use_clear
                0x0000000000027b78       0x24 _build/nrf52832_xxaa_nrf_drv_gpiote.c.o
 .text.channel_port_get
                0x0000000000027b9c       0x24 _build/nrf52832_xxaa_nrf_drv_gpiote.c.o
 .text.channel_handler_get
                0x0000000000027bc0       0x20 _build/nrf52832_xxaa_nrf_drv_gpiote.c.o
 .text.channel_port_alloc
                0x0000000000027be0       0x74 _build/nrf52832_xxaa_nrf_drv_gpiote.c.o
 .text.channel_free
                0x0000000000027c54       0x3c _build/nrf52832_xxaa_nrf_drv_gpiote.c.o
 .text.nrf_drv_gpiote_init
                0x0000000000027c90       0x80 _build/nrf52832_xxaa_nrf_drv_gpiote.c.o
                0x0000000000027c90                nrf_drv_gpiote_init
 .text.nrf_drv_gpiote_is_init
                0x0000000000027d10       0x24 _build/nrf52832_xxaa_nrf_drv_gpiote.c.o
                0x0000000000027d10                nrf_drv_gpiote_is_init
 .text.nrf_drv_gpiote_in_init
                0x0000000000027d34       0xb4 _build/nrf52832_xxaa_nrf_drv_gpiote.c.o
                0x0000000000027d34                nrf_drv_gpiote_in_init
 .text.nrf_drv_gpiote_in_event_enable
                0x0000000000027de8       0xd0 _build/nrf52832_xxaa_nrf_drv_gpiote.c.o
                0x0000000000027de8                nrf_drv_gpiote_in_event_enable
 .text.nrf_drv_gpiote_in_is_set
                0x0000000000027eb8       0x22 _build/nrf52832_xxaa_nrf_drv_gpiote.c.o
                0x0000000000027eb8                nrf_drv_gpiote_in_is_set
 *fill*         0x0000000000027eda        0x2 
 .text.GPIOTE_IRQHandler
                0x0000000000027edc      0x2e8 _build/nrf52832_xxaa_nrf_drv_gpiote.c.o
                0x0000000000027edc                GPIOTE_IRQHandler
 .text.nrf_twi_task_trigger
                0x00000000000281c4       0x22 _build/nrf52832_xxaa_nrf_drv_twi.c.o
 .text.nrf_twi_event_clear
                0x00000000000281e6       0x2e _build/nrf52832_xxaa_nrf_drv_twi.c.o
 .text.nrf_twi_event_check
                0x0000000000028214       0x2a _build/nrf52832_xxaa_nrf_drv_twi.c.o
 .text.nrf_twi_int_enable
                0x000000000002823e       0x1e _build/nrf52832_xxaa_nrf_drv_twi.c.o
 .text.nrf_twi_int_disable
                0x000000000002825c       0x1e _build/nrf52832_xxaa_nrf_drv_twi.c.o
 .text.nrf_twi_enable
                0x000000000002827a       0x1c _build/nrf52832_xxaa_nrf_drv_twi.c.o
 .text.nrf_twi_disable
                0x0000000000028296       0x1c _build/nrf52832_xxaa_nrf_drv_twi.c.o
 .text.nrf_twi_pins_set
                0x00000000000282b2       0x28 _build/nrf52832_xxaa_nrf_drv_twi.c.o
 .text.nrf_twi_frequency_set
                0x00000000000282da       0x1e _build/nrf52832_xxaa_nrf_drv_twi.c.o
 .text.nrf_twi_errorsrc_get_and_clear
                0x00000000000282f8       0x26 _build/nrf52832_xxaa_nrf_drv_twi.c.o
 .text.nrf_twi_address_set
                0x000000000002831e       0x20 _build/nrf52832_xxaa_nrf_drv_twi.c.o
 .text.nrf_twi_rxd_get
                0x000000000002833e       0x1c _build/nrf52832_xxaa_nrf_drv_twi.c.o
 .text.nrf_twi_txd_set
                0x000000000002835a       0x20 _build/nrf52832_xxaa_nrf_drv_twi.c.o
 .text.nrf_twi_shorts_set
                0x000000000002837a       0x1e _build/nrf52832_xxaa_nrf_drv_twi.c.o
 .text.nrf_drv_get_IRQn
                0x0000000000028398       0x1e _build/nrf52832_xxaa_nrf_drv_twi.c.o
 .text.nrf_gpio_pin_port_decode
                0x00000000000283b6       0x18 _build/nrf52832_xxaa_nrf_drv_twi.c.o
 .text.nrf_gpio_pin_set
                0x00000000000283ce       0x2a _build/nrf52832_xxaa_nrf_drv_twi.c.o
 .text.nrf_gpio_pin_clear
                0x00000000000283f8       0x2a _build/nrf52832_xxaa_nrf_drv_twi.c.o
 .text.nrf_gpio_pin_read
                0x0000000000028422       0x2c _build/nrf52832_xxaa_nrf_drv_twi.c.o
 .text.nrf_gpio_port_in_read
                0x000000000002844e       0x1a _build/nrf52832_xxaa_nrf_drv_twi.c.o
 .text.nrf_gpio_port_out_set
                0x0000000000028468       0x1e _build/nrf52832_xxaa_nrf_drv_twi.c.o
 .text.nrf_gpio_port_out_clear
                0x0000000000028486       0x1e _build/nrf52832_xxaa_nrf_drv_twi.c.o
 .text.nrf_delay_us
                0x00000000000284a4       0xa8 _build/nrf52832_xxaa_nrf_drv_twi.c.o
 .text.twi_process_error
                0x000000000002854c       0x4a _build/nrf52832_xxaa_nrf_drv_twi.c.o
 .text.twi_clear_bus
                0x0000000000028596       0xe0 _build/nrf52832_xxaa_nrf_drv_twi.c.o
 *fill*         0x0000000000028676        0x2 
 .text.nrf_drv_twi_init
                0x0000000000028678       0xf4 _build/nrf52832_xxaa_nrf_drv_twi.c.o
                0x0000000000028678                nrf_drv_twi_init
 .text.nrf_drv_twi_enable
                0x000000000002876c       0x3c _build/nrf52832_xxaa_nrf_drv_twi.c.o
                0x000000000002876c                nrf_drv_twi_enable
 .text.twi_send_byte
                0x00000000000287a8       0x60 _build/nrf52832_xxaa_nrf_drv_twi.c.o
 .text.twi_receive_byte
                0x0000000000028808       0x6e _build/nrf52832_xxaa_nrf_drv_twi.c.o
 .text.twi_transfer
                0x0000000000028876      0x16c _build/nrf52832_xxaa_nrf_drv_twi.c.o
 .text.twi_tx_start_transfer
                0x00000000000289e2      0x10e _build/nrf52832_xxaa_nrf_drv_twi.c.o
 .text.twi_rx_start_transfer
                0x0000000000028af0      0x104 _build/nrf52832_xxaa_nrf_drv_twi.c.o
 .text.twi_xfer
                0x0000000000028bf4      0x112 _build/nrf52832_xxaa_nrf_drv_twi.c.o
 *fill*         0x0000000000028d06        0x2 
 .text.nrf_drv_twi_xfer
                0x0000000000028d08       0x54 _build/nrf52832_xxaa_nrf_drv_twi.c.o
                0x0000000000028d08                nrf_drv_twi_xfer
 .text.nrf_drv_twi_tx
                0x0000000000028d5c       0x50 _build/nrf52832_xxaa_nrf_drv_twi.c.o
                0x0000000000028d5c                nrf_drv_twi_tx
 .text.nrf_drv_twi_rx
                0x0000000000028dac       0x48 _build/nrf52832_xxaa_nrf_drv_twi.c.o
                0x0000000000028dac                nrf_drv_twi_rx
 .text.irq_handler_twi
                0x0000000000028df4      0x13c _build/nrf52832_xxaa_nrf_drv_twi.c.o
 .text.SPIM0_SPIS0_TWIM0_TWIS0_SPI0_TWI0_IRQHandler
                0x0000000000028f30       0x18 _build/nrf52832_xxaa_nrf_drv_twi.c.o
                0x0000000000028f30                SPIM0_SPIS0_TWIM0_TWIS0_SPI0_TWI0_IRQHandler
 .text.nrf_uart_event_clear
                0x0000000000028f48       0x2e _build/nrf52832_xxaa_nrf_drv_uart.c.o
 .text.nrf_uart_event_check
                0x0000000000028f76       0x2a _build/nrf52832_xxaa_nrf_drv_uart.c.o
 .text.nrf_uart_int_enable_check
                0x0000000000028fa0       0x2a _build/nrf52832_xxaa_nrf_drv_uart.c.o
 .text.nrf_uart_int_disable
                0x0000000000028fca       0x1e _build/nrf52832_xxaa_nrf_drv_uart.c.o
 .text.nrf_uart_errorsrc_get_and_clear
                0x0000000000028fe8       0x26 _build/nrf52832_xxaa_nrf_drv_uart.c.o
 .text.nrf_uart_rxd_get
                0x000000000002900e       0x1c _build/nrf52832_xxaa_nrf_drv_uart.c.o
 .text.nrf_uart_txd_set
                0x000000000002902a       0x20 _build/nrf52832_xxaa_nrf_drv_uart.c.o
 .text.nrf_uart_task_trigger
                0x000000000002904a       0x22 _build/nrf52832_xxaa_nrf_drv_uart.c.o
 .text.nrf_uarte_event_clear
                0x000000000002906c       0x2e _build/nrf52832_xxaa_nrf_drv_uart.c.o
 .text.nrf_uarte_event_check
                0x000000000002909a       0x2a _build/nrf52832_xxaa_nrf_drv_uart.c.o
 .text.nrf_uarte_shorts_disable
                0x00000000000290c4       0x28 _build/nrf52832_xxaa_nrf_drv_uart.c.o
 .text.nrf_uarte_errorsrc_get_and_clear
                0x00000000000290ec       0x26 _build/nrf52832_xxaa_nrf_drv_uart.c.o
 .text.nrf_uarte_tx_amount_get
                0x0000000000029112       0x1a _build/nrf52832_xxaa_nrf_drv_uart.c.o
 .text.nrf_uarte_rx_amount_get
                0x000000000002912c       0x1a _build/nrf52832_xxaa_nrf_drv_uart.c.o
 .text.tx_byte  0x0000000000029146       0x44 _build/nrf52832_xxaa_nrf_drv_uart.c.o
 .text.rx_byte  0x000000000002918a       0x58 _build/nrf52832_xxaa_nrf_drv_uart.c.o
 .text.rx_done_event
                0x00000000000291e2       0x32 _build/nrf52832_xxaa_nrf_drv_uart.c.o
 .text.tx_done_event
                0x0000000000029214       0x38 _build/nrf52832_xxaa_nrf_drv_uart.c.o
 .text.uart_irq_handler
                0x000000000002924c      0x1d0 _build/nrf52832_xxaa_nrf_drv_uart.c.o
 .text.uarte_irq_handler
                0x000000000002941c      0x158 _build/nrf52832_xxaa_nrf_drv_uart.c.o
 .text.UARTE0_UART0_IRQHandler
                0x0000000000029574       0x2c _build/nrf52832_xxaa_nrf_drv_uart.c.o
                0x0000000000029574                UARTE0_UART0_IRQHandler
 .text.nrf_saadc_task_trigger
                0x00000000000295a0       0x24 _build/nrf52832_xxaa_nrf_drv_saadc.c.o
 .text.nrf_saadc_event_check
                0x00000000000295c4       0x2c _build/nrf52832_xxaa_nrf_drv_saadc.c.o
 .text.nrf_saadc_event_clear
                0x00000000000295f0       0x34 _build/nrf52832_xxaa_nrf_drv_saadc.c.o
 .text.nrf_saadc_channel_input_set
                0x0000000000029624       0x40 _build/nrf52832_xxaa_nrf_drv_saadc.c.o
 .text.nrf_saadc_int_enable
                0x0000000000029664       0x20 _build/nrf52832_xxaa_nrf_drv_saadc.c.o
 .text.nrf_saadc_int_disable
                0x0000000000029684       0x20 _build/nrf52832_xxaa_nrf_drv_saadc.c.o
 .text.nrf_saadc_enable
                0x00000000000296a4       0x1c _build/nrf52832_xxaa_nrf_drv_saadc.c.o
 .text.nrf_saadc_disable
                0x00000000000296c0       0x1c _build/nrf52832_xxaa_nrf_drv_saadc.c.o
 .text.nrf_saadc_buffer_init
                0x00000000000296dc       0x2c _build/nrf52832_xxaa_nrf_drv_saadc.c.o
 .text.nrf_saadc_resolution_set
                0x0000000000029708       0x24 _build/nrf52832_xxaa_nrf_drv_saadc.c.o
 .text.nrf_saadc_oversample_set
                0x000000000002972c       0x24 _build/nrf52832_xxaa_nrf_drv_saadc.c.o
 .text.SAADC_IRQHandler
                0x0000000000029750      0x240 _build/nrf52832_xxaa_nrf_drv_saadc.c.o
                0x0000000000029750                SAADC_IRQHandler
 .text.nrf_drv_saadc_init
                0x0000000000029990       0xd0 _build/nrf52832_xxaa_nrf_drv_saadc.c.o
                0x0000000000029990                nrf_drv_saadc_init
 .text.nrf_drv_saadc_channel_init
                0x0000000000029a60       0xb8 _build/nrf52832_xxaa_nrf_drv_saadc.c.o
                0x0000000000029a60                nrf_drv_saadc_channel_init
 .text.nrf_drv_saadc_buffer_convert
                0x0000000000029b18      0x104 _build/nrf52832_xxaa_nrf_drv_saadc.c.o
                0x0000000000029b18                nrf_drv_saadc_buffer_convert
 .text.nrf_drv_saadc_sample
                0x0000000000029c1c       0x44 _build/nrf52832_xxaa_nrf_drv_saadc.c.o
                0x0000000000029c1c                nrf_drv_saadc_sample
 .text.nrf_saadc_channel_input_set
                0x0000000000029c60       0x40 _build/nrf52832_xxaa_nrf_saadc.c.o
 .text.nrf_saadc_channel_init
                0x0000000000029ca0       0x88 _build/nrf52832_xxaa_nrf_saadc.c.o
                0x0000000000029ca0                nrf_saadc_channel_init
 .text.nrf_timer_event_clear
                0x0000000000029d28       0x2e _build/nrf52832_xxaa_nrf_drv_timer.c.o
 .text.nrf_timer_event_check
                0x0000000000029d56       0x2a _build/nrf52832_xxaa_nrf_drv_timer.c.o
 .text.nrf_timer_int_enable_check
                0x0000000000029d80       0x2a _build/nrf52832_xxaa_nrf_drv_timer.c.o
 .text.nrf_timer_compare_event_get
                0x0000000000029daa       0x20 _build/nrf52832_xxaa_nrf_drv_timer.c.o
 .text.nrf_timer_compare_int_get
                0x0000000000029dca       0x1e _build/nrf52832_xxaa_nrf_drv_timer.c.o
 .text.irq_handler
                0x0000000000029de8       0x76 _build/nrf52832_xxaa_nrf_drv_timer.c.o
 *fill*         0x0000000000029e5e        0x2 
 .text.TIMER0_IRQHandler
                0x0000000000029e60       0x1c _build/nrf52832_xxaa_nrf_drv_timer.c.o
                0x0000000000029e60                TIMER0_IRQHandler
 .text.sd_ble_gap_adv_start
                0x0000000000029e7c        0x8 _build/nrf52832_xxaa_ble_advertising.c.o
 .text.sd_ble_gap_adv_stop
                0x0000000000029e84        0x8 _build/nrf52832_xxaa_ble_advertising.c.o
 .text.whitelist_has_entries
                0x0000000000029e8c       0x18 _build/nrf52832_xxaa_ble_advertising.c.o
 .text.addr_is_valid
                0x0000000000029ea4       0x38 _build/nrf52832_xxaa_ble_advertising.c.o
 .text.adv_mode_next_get
                0x0000000000029edc       0x34 _build/nrf52832_xxaa_ble_advertising.c.o
 .text.on_connected
                0x0000000000029f10       0x28 _build/nrf52832_xxaa_ble_advertising.c.o
 .text.on_disconnected
                0x0000000000029f38       0x4c _build/nrf52832_xxaa_ble_advertising.c.o
 .text.on_timeout
                0x0000000000029f84       0x4c _build/nrf52832_xxaa_ble_advertising.c.o
 .text.flash_access_in_progress
                0x0000000000029fd0       0x22 _build/nrf52832_xxaa_ble_advertising.c.o
 *fill*         0x0000000000029ff2        0x2 
 .text.adv_mode_next_avail_get
                0x0000000000029ff4       0x84 _build/nrf52832_xxaa_ble_advertising.c.o
 .text.set_adv_mode_directed
                0x000000000002a078       0x3c _build/nrf52832_xxaa_ble_advertising.c.o
 .text.set_adv_mode_directed_slow
                0x000000000002a0b4       0x48 _build/nrf52832_xxaa_ble_advertising.c.o
 .text.set_adv_mode_fast
                0x000000000002a0fc       0x84 _build/nrf52832_xxaa_ble_advertising.c.o
 .text.set_adv_mode_slow
                0x000000000002a180       0x84 _build/nrf52832_xxaa_ble_advertising.c.o
 .text.ble_advertising_conn_cfg_tag_set
                0x000000000002a204       0x20 _build/nrf52832_xxaa_ble_advertising.c.o
                0x000000000002a204                ble_advertising_conn_cfg_tag_set
 .text.ble_advertising_init
                0x000000000002a224      0x20c _build/nrf52832_xxaa_ble_advertising.c.o
                0x000000000002a224                ble_advertising_init
 .text.ble_advertising_start
                0x000000000002a430      0x1d4 _build/nrf52832_xxaa_ble_advertising.c.o
                0x000000000002a430                ble_advertising_start
 .text.ble_advertising_on_ble_evt
                0x000000000002a604       0x3a _build/nrf52832_xxaa_ble_advertising.c.o
                0x000000000002a604                ble_advertising_on_ble_evt
 *fill*         0x000000000002a63e        0x2 
 .text.ble_advertising_on_sys_evt
                0x000000000002a640       0x5c _build/nrf52832_xxaa_ble_advertising.c.o
                0x000000000002a640                ble_advertising_on_sys_evt
 .text.ble_advertising_restart_without_whitelist
                0x000000000002a69c       0x70 _build/nrf52832_xxaa_ble_advertising.c.o
                0x000000000002a69c                ble_advertising_restart_without_whitelist
 .text.sd_ble_gap_addr_get
                0x000000000002a70c        0x8 _build/nrf52832_xxaa_ble_advdata.c.o
 .text.sd_ble_gap_adv_data_set
                0x000000000002a714        0x8 _build/nrf52832_xxaa_ble_advdata.c.o
 .text.sd_ble_gap_appearance_get
                0x000000000002a71c        0x8 _build/nrf52832_xxaa_ble_advdata.c.o
 .text.sd_ble_gap_device_name_get
                0x000000000002a724        0x8 _build/nrf52832_xxaa_ble_advdata.c.o
 .text.sd_ble_uuid_encode
                0x000000000002a72c        0x8 _build/nrf52832_xxaa_ble_advdata.c.o
 .text.uint16_encode
                0x000000000002a734       0x30 _build/nrf52832_xxaa_ble_advdata.c.o
 .text.ble_device_addr_encode
                0x000000000002a764       0xce _build/nrf52832_xxaa_ble_advdata.c.o
 .text.name_encode
                0x000000000002a832      0x11a _build/nrf52832_xxaa_ble_advdata.c.o
 .text.appearance_encode
                0x000000000002a94c       0x98 _build/nrf52832_xxaa_ble_advdata.c.o
 .text.flags_encode
                0x000000000002a9e4       0x80 _build/nrf52832_xxaa_ble_advdata.c.o
 .text.tx_power_level_encode
                0x000000000002aa64       0x80 _build/nrf52832_xxaa_ble_advdata.c.o
 .text.uuid_list_sized_encode
                0x000000000002aae4      0x138 _build/nrf52832_xxaa_ble_advdata.c.o
 .text.uuid_list_encode
                0x000000000002ac1c       0x5c _build/nrf52832_xxaa_ble_advdata.c.o
 .text.conn_int_check
                0x000000000002ac78       0x82 _build/nrf52832_xxaa_ble_advdata.c.o
 .text.conn_int_encode
                0x000000000002acfa       0xbe _build/nrf52832_xxaa_ble_advdata.c.o
 .text.manuf_specific_data_encode
                0x000000000002adb8       0xde _build/nrf52832_xxaa_ble_advdata.c.o
 .text.service_data_encode
                0x000000000002ae96       0xfe _build/nrf52832_xxaa_ble_advdata.c.o
 .text.adv_data_encode
                0x000000000002af94      0x1bc _build/nrf52832_xxaa_ble_advdata.c.o
                0x000000000002af94                adv_data_encode
 .text.advdata_check
                0x000000000002b150       0x26 _build/nrf52832_xxaa_ble_advdata.c.o
 .text.srdata_check
                0x000000000002b176       0x22 _build/nrf52832_xxaa_ble_advdata.c.o
 .text.ble_advdata_set
                0x000000000002b198       0xc0 _build/nrf52832_xxaa_ble_advdata.c.o
                0x000000000002b198                ble_advdata_set
 .text.sd_ble_gap_conn_param_update
                0x000000000002b258        0x8 _build/nrf52832_xxaa_ble_conn_params.c.o
 .text.sd_ble_gap_disconnect
                0x000000000002b260        0x8 _build/nrf52832_xxaa_ble_conn_params.c.o
 .text.sd_ble_gap_ppcp_set
                0x000000000002b268        0x8 _build/nrf52832_xxaa_ble_conn_params.c.o
 .text.sd_ble_gap_ppcp_get
                0x000000000002b270        0x8 _build/nrf52832_xxaa_ble_conn_params.c.o
 .text.is_conn_params_ok
                0x000000000002b278       0x38 _build/nrf52832_xxaa_ble_conn_params.c.o
 .text.update_timeout_handler
                0x000000000002b2b0       0xb4 _build/nrf52832_xxaa_ble_conn_params.c.o
 .text.ble_conn_params_init
                0x000000000002b364       0x98 _build/nrf52832_xxaa_ble_conn_params.c.o
                0x000000000002b364                ble_conn_params_init
 .text.conn_params_negotiation
                0x000000000002b3fc       0xac _build/nrf52832_xxaa_ble_conn_params.c.o
 .text.on_connect
                0x000000000002b4a8       0x48 _build/nrf52832_xxaa_ble_conn_params.c.o
 .text.on_disconnect
                0x000000000002b4f0       0x50 _build/nrf52832_xxaa_ble_conn_params.c.o
 .text.on_write
                0x000000000002b540       0x68 _build/nrf52832_xxaa_ble_conn_params.c.o
 .text.on_conn_params_update
                0x000000000002b5a8       0x28 _build/nrf52832_xxaa_ble_conn_params.c.o
 .text.ble_conn_params_on_ble_evt
                0x000000000002b5d0       0x4c _build/nrf52832_xxaa_ble_conn_params.c.o
                0x000000000002b5d0                ble_conn_params_on_ble_evt
 .text.record_activate
                0x000000000002b61c       0x68 _build/nrf52832_xxaa_ble_conn_state.c.o
 .text.record_invalidate
                0x000000000002b684       0x2c _build/nrf52832_xxaa_ble_conn_state.c.o
 .text.record_set_disconnected
                0x000000000002b6b0       0x28 _build/nrf52832_xxaa_ble_conn_state.c.o
 .text.record_purge_disconnected
                0x000000000002b6d8       0x6c _build/nrf52832_xxaa_ble_conn_state.c.o
 .text.user_flag_is_acquired
                0x000000000002b744       0x34 _build/nrf52832_xxaa_ble_conn_state.c.o
 .text.user_flag_acquire
                0x000000000002b778       0x2c _build/nrf52832_xxaa_ble_conn_state.c.o
 .text.ble_conn_state_on_ble_evt
                0x000000000002b7a4       0xc0 _build/nrf52832_xxaa_ble_conn_state.c.o
                0x000000000002b7a4                ble_conn_state_on_ble_evt
 .text.ble_conn_state_role
                0x000000000002b864       0x54 _build/nrf52832_xxaa_ble_conn_state.c.o
                0x000000000002b864                ble_conn_state_role
 .text.ble_conn_state_encrypted
                0x000000000002b8b8       0x2c _build/nrf52832_xxaa_ble_conn_state.c.o
                0x000000000002b8b8                ble_conn_state_encrypted
 .text.ble_conn_state_mitm_protected
                0x000000000002b8e4       0x2c _build/nrf52832_xxaa_ble_conn_state.c.o
                0x000000000002b8e4                ble_conn_state_mitm_protected
 .text.ble_conn_state_conn_handles
                0x000000000002b910       0x28 _build/nrf52832_xxaa_ble_conn_state.c.o
                0x000000000002b910                ble_conn_state_conn_handles
 .text.ble_conn_state_user_flag_acquire
                0x000000000002b938       0x42 _build/nrf52832_xxaa_ble_conn_state.c.o
                0x000000000002b938                ble_conn_state_user_flag_acquire
 *fill*         0x000000000002b97a        0x2 
 .text.ble_conn_state_user_flag_get
                0x000000000002b97c       0x4c _build/nrf52832_xxaa_ble_conn_state.c.o
                0x000000000002b97c                ble_conn_state_user_flag_get
 .text.ble_conn_state_user_flag_set
                0x000000000002b9c8       0x48 _build/nrf52832_xxaa_ble_conn_state.c.o
                0x000000000002b9c8                ble_conn_state_user_flag_set
 .text.ble_conn_state_user_flag_collection
                0x000000000002ba10       0x34 _build/nrf52832_xxaa_ble_conn_state.c.o
                0x000000000002ba10                ble_conn_state_user_flag_collection
 .text.uint16_decode
                0x000000000002ba44       0x2a _build/nrf52832_xxaa_ble_srv_common.c.o
 .text.ble_srv_is_notification_enabled
                0x000000000002ba6e       0x2a _build/nrf52832_xxaa_ble_srv_common.c.o
                0x000000000002ba6e                ble_srv_is_notification_enabled
 .text.ble_srv_report_ref_encode
                0x000000000002ba98       0x56 _build/nrf52832_xxaa_ble_srv_common.c.o
                0x000000000002ba98                ble_srv_report_ref_encode
 .text.ble_srv_ascii_to_utf8
                0x000000000002baee       0x26 _build/nrf52832_xxaa_ble_srv_common.c.o
                0x000000000002baee                ble_srv_ascii_to_utf8
 .text.sdk_mapped_flags_any_set
                0x000000000002bb14       0x20 _build/nrf52832_xxaa_gatt_cache_manager.c.o
 .text.internal_state_reset
                0x000000000002bb34       0x18 _build/nrf52832_xxaa_gatt_cache_manager.c.o
 .text.evt_send
                0x000000000002bb4c       0x34 _build/nrf52832_xxaa_gatt_cache_manager.c.o
 .text.cccd_written
                0x000000000002bb80       0x3c _build/nrf52832_xxaa_gatt_cache_manager.c.o
 .text.local_db_apply_in_evt
                0x000000000002bbbc       0xc8 _build/nrf52832_xxaa_gatt_cache_manager.c.o
 .text.local_db_update_in_evt
                0x000000000002bc84       0xe0 _build/nrf52832_xxaa_gatt_cache_manager.c.o
 .text.service_changed_send_in_evt
                0x000000000002bd64       0xe0 _build/nrf52832_xxaa_gatt_cache_manager.c.o
 .text.gcm_gscm_evt_handler
                0x000000000002be44       0x98 _build/nrf52832_xxaa_gatt_cache_manager.c.o
                0x000000000002be44                gcm_gscm_evt_handler
 .text.gcm_im_evt_handler
                0x000000000002bedc       0x4c _build/nrf52832_xxaa_gatt_cache_manager.c.o
                0x000000000002bedc                gcm_im_evt_handler
 .text.gcm_smd_evt_handler
                0x000000000002bf28       0x26 _build/nrf52832_xxaa_gatt_cache_manager.c.o
                0x000000000002bf28                gcm_smd_evt_handler
 *fill*         0x000000000002bf4e        0x2 
 .text.gcm_init
                0x000000000002bf50       0x7c _build/nrf52832_xxaa_gatt_cache_manager.c.o
                0x000000000002bf50                gcm_init
 .text.apply_pending_flags_check
                0x000000000002bfcc       0x98 _build/nrf52832_xxaa_gatt_cache_manager.c.o
 .text.update_pending_flags_check
                0x000000000002c064       0x98 _build/nrf52832_xxaa_gatt_cache_manager.c.o
 .text.service_changed_pending_flags_check
                0x000000000002c0fc       0xc4 _build/nrf52832_xxaa_gatt_cache_manager.c.o
 .text.gcm_ble_evt_handler
                0x000000000002c1c0       0x98 _build/nrf52832_xxaa_gatt_cache_manager.c.o
                0x000000000002c1c0                gcm_ble_evt_handler
 .text.gcm_local_database_has_changed
                0x000000000002c258       0x7c _build/nrf52832_xxaa_gatt_cache_manager.c.o
                0x000000000002c258                gcm_local_database_has_changed
 .text.sd_ble_gatts_service_changed
                0x000000000002c2d4        0x8 _build/nrf52832_xxaa_gatts_cache_manager.c.o
 .text.sd_ble_gatts_sys_attr_set
                0x000000000002c2dc        0x8 _build/nrf52832_xxaa_gatts_cache_manager.c.o
 .text.sd_ble_gatts_sys_attr_get
                0x000000000002c2e4        0x8 _build/nrf52832_xxaa_gatts_cache_manager.c.o
 .text.internal_state_reset
                0x000000000002c2ec       0x24 _build/nrf52832_xxaa_gatts_cache_manager.c.o
 .text.evt_send
                0x000000000002c310       0x34 _build/nrf52832_xxaa_gatts_cache_manager.c.o
 .text.service_changed_pending_set
                0x000000000002c344       0x68 _build/nrf52832_xxaa_gatts_cache_manager.c.o
 .text.gscm_pdb_evt_handler
                0x000000000002c3ac       0x64 _build/nrf52832_xxaa_gatts_cache_manager.c.o
                0x000000000002c3ac                gscm_pdb_evt_handler
 .text.gscm_init
                0x000000000002c410       0x18 _build/nrf52832_xxaa_gatts_cache_manager.c.o
                0x000000000002c410                gscm_init
 .text.gscm_local_db_cache_update
                0x000000000002c428       0xd0 _build/nrf52832_xxaa_gatts_cache_manager.c.o
                0x000000000002c428                gscm_local_db_cache_update
 .text.gscm_local_db_cache_apply
                0x000000000002c4f8       0xda _build/nrf52832_xxaa_gatts_cache_manager.c.o
                0x000000000002c4f8                gscm_local_db_cache_apply
 *fill*         0x000000000002c5d2        0x2 
 .text.gscm_local_database_has_changed
                0x000000000002c5d4       0x20 _build/nrf52832_xxaa_gatts_cache_manager.c.o
                0x000000000002c5d4                gscm_local_database_has_changed
 .text.gscm_service_changed_ind_needed
                0x000000000002c5f4       0x3c _build/nrf52832_xxaa_gatts_cache_manager.c.o
                0x000000000002c5f4                gscm_service_changed_ind_needed
 .text.gscm_service_changed_ind_send
                0x000000000002c630       0x50 _build/nrf52832_xxaa_gatts_cache_manager.c.o
                0x000000000002c630                gscm_service_changed_ind_send
 .text.gscm_db_change_notification_done
                0x000000000002c680       0x34 _build/nrf52832_xxaa_gatts_cache_manager.c.o
                0x000000000002c680                gscm_db_change_notification_done
 .text.sd_ecb_block_encrypt
                0x000000000002c6b4        0x8 _build/nrf52832_xxaa_id_manager.c.o
 .text.internal_state_reset
                0x000000000002c6bc       0x48 _build/nrf52832_xxaa_id_manager.c.o
 .text.evt_send
                0x000000000002c704       0x34 _build/nrf52832_xxaa_id_manager.c.o
 .text.get_free_connection
                0x000000000002c738       0x5c _build/nrf52832_xxaa_id_manager.c.o
                0x000000000002c738                get_free_connection
 .text.get_connection_by_conn_handle
                0x000000000002c794       0x60 _build/nrf52832_xxaa_id_manager.c.o
                0x000000000002c794                get_connection_by_conn_handle
 .text.new_connection
                0x000000000002c7f4       0xa8 _build/nrf52832_xxaa_id_manager.c.o
                0x000000000002c7f4                new_connection
 .text.is_valid_irk
                0x000000000002c89c       0x38 _build/nrf52832_xxaa_id_manager.c.o
                0x000000000002c89c                is_valid_irk
 .text.addr_compare
                0x000000000002c8d4       0x5a _build/nrf52832_xxaa_id_manager.c.o
                0x000000000002c8d4                addr_compare
 .text.im_ble_evt_handler
                0x000000000002c92e      0x120 _build/nrf52832_xxaa_id_manager.c.o
                0x000000000002c92e                im_ble_evt_handler
 .text.im_is_duplicate_bonding_data
                0x000000000002ca4e       0x76 _build/nrf52832_xxaa_id_manager.c.o
                0x000000000002ca4e                im_is_duplicate_bonding_data
 .text.im_pdb_evt_handler
                0x000000000002cac4       0xa2 _build/nrf52832_xxaa_id_manager.c.o
                0x000000000002cac4                im_pdb_evt_handler
 *fill*         0x000000000002cb66        0x2 
 .text.im_init  0x000000000002cb68       0x34 _build/nrf52832_xxaa_id_manager.c.o
                0x000000000002cb68                im_init
 .text.im_peer_id_get_by_conn_handle
                0x000000000002cb9c       0x40 _build/nrf52832_xxaa_id_manager.c.o
                0x000000000002cb9c                im_peer_id_get_by_conn_handle
 .text.im_ble_addr_get
                0x000000000002cbdc       0x50 _build/nrf52832_xxaa_id_manager.c.o
                0x000000000002cbdc                im_ble_addr_get
 .text.im_master_ids_compare
                0x000000000002cc2c       0x54 _build/nrf52832_xxaa_id_manager.c.o
                0x000000000002cc2c                im_master_ids_compare
 .text.im_peer_id_get_by_master_id
                0x000000000002cc80       0x58 _build/nrf52832_xxaa_id_manager.c.o
                0x000000000002cc80                im_peer_id_get_by_master_id
 .text.im_conn_handle_get
                0x000000000002ccd8       0x5c _build/nrf52832_xxaa_id_manager.c.o
                0x000000000002ccd8                im_conn_handle_get
 .text.im_master_id_is_valid
                0x000000000002cd34       0x46 _build/nrf52832_xxaa_id_manager.c.o
                0x000000000002cd34                im_master_id_is_valid
 *fill*         0x000000000002cd7a        0x2 
 .text.peer_id_set
                0x000000000002cd7c       0x40 _build/nrf52832_xxaa_id_manager.c.o
 .text.im_new_peer_id
                0x000000000002cdbc       0x24 _build/nrf52832_xxaa_id_manager.c.o
                0x000000000002cdbc                im_new_peer_id
 .text.im_peer_free
                0x000000000002cde0       0x46 _build/nrf52832_xxaa_id_manager.c.o
                0x000000000002cde0                im_peer_free
 .text.ah       0x000000000002ce26       0xac _build/nrf52832_xxaa_id_manager.c.o
                0x000000000002ce26                ah
 .text.im_address_resolve
                0x000000000002ced2       0x70 _build/nrf52832_xxaa_id_manager.c.o
                0x000000000002ced2                im_address_resolve
 .text.sd_ble_gap_data_length_update
                0x000000000002cf42        0x8 _build/nrf52832_xxaa_nrf_ble_gatt.c.o
 .text.sd_ble_gattc_exchange_mtu_request
                0x000000000002cf4a        0x8 _build/nrf52832_xxaa_nrf_ble_gatt.c.o
 .text.sd_ble_gatts_exchange_mtu_reply
                0x000000000002cf52        0x8 _build/nrf52832_xxaa_nrf_ble_gatt.c.o
 .text.link_init
                0x000000000002cf5a       0x38 _build/nrf52832_xxaa_nrf_ble_gatt.c.o
 .text.data_length_update
                0x000000000002cf92       0x48 _build/nrf52832_xxaa_nrf_ble_gatt.c.o
 .text.on_connected_evt
                0x000000000002cfda       0x9a _build/nrf52832_xxaa_nrf_ble_gatt.c.o
 .text.on_disconnected_evt
                0x000000000002d074       0x24 _build/nrf52832_xxaa_nrf_ble_gatt.c.o
 .text.on_exchange_mtu_rsp_evt
                0x000000000002d098       0x86 _build/nrf52832_xxaa_nrf_ble_gatt.c.o
 .text.on_exchange_mtu_request_evt
                0x000000000002d11e       0x8c _build/nrf52832_xxaa_nrf_ble_gatt.c.o
 .text.on_data_length_update_evt
                0x000000000002d1aa       0x7c _build/nrf52832_xxaa_nrf_ble_gatt.c.o
 .text.on_data_length_update_request_evt
                0x000000000002d226       0x62 _build/nrf52832_xxaa_nrf_ble_gatt.c.o
 .text.nrf_ble_gatt_init
                0x000000000002d288       0x58 _build/nrf52832_xxaa_nrf_ble_gatt.c.o
                0x000000000002d288                nrf_ble_gatt_init
 .text.nrf_ble_gatt_on_ble_evt
                0x000000000002d2e0       0xc8 _build/nrf52832_xxaa_nrf_ble_gatt.c.o
                0x000000000002d2e0                nrf_ble_gatt_on_ble_evt
 .text.pds_evt_send
                0x000000000002d3a8       0x2c _build/nrf52832_xxaa_peer_data_storage.c.o
 .text.peer_id_to_file_id
                0x000000000002d3d4       0x1e _build/nrf52832_xxaa_peer_data_storage.c.o
 .text.file_id_to_peer_id
                0x000000000002d3f2       0x1e _build/nrf52832_xxaa_peer_data_storage.c.o
 .text.peer_data_id_to_record_key
                0x000000000002d410       0x20 _build/nrf52832_xxaa_peer_data_storage.c.o
 .text.record_key_to_peer_data_id
                0x000000000002d430       0x1a _build/nrf52832_xxaa_peer_data_storage.c.o
 .text.file_id_within_pm_range
                0x000000000002d44a       0x34 _build/nrf52832_xxaa_peer_data_storage.c.o
 .text.record_key_within_pm_range
                0x000000000002d47e       0x34 _build/nrf52832_xxaa_peer_data_storage.c.o
 .text.peer_data_id_is_valid
                0x000000000002d4b2       0x46 _build/nrf52832_xxaa_peer_data_storage.c.o
 .text.peer_data_delete
                0x000000000002d4f8       0xdc _build/nrf52832_xxaa_peer_data_storage.c.o
 .text.peer_data_find
                0x000000000002d5d4       0x62 _build/nrf52832_xxaa_peer_data_storage.c.o
 .text.peer_ids_load
                0x000000000002d636       0x6a _build/nrf52832_xxaa_peer_data_storage.c.o
 .text.fds_evt_handler
                0x000000000002d6a0      0x1cc _build/nrf52832_xxaa_peer_data_storage.c.o
 .text.pds_init
                0x000000000002d86c       0x48 _build/nrf52832_xxaa_peer_data_storage.c.o
                0x000000000002d86c                pds_init
 .text.pds_peer_data_read
                0x000000000002d8b4       0xbe _build/nrf52832_xxaa_peer_data_storage.c.o
                0x000000000002d8b4                pds_peer_data_read
 *fill*         0x000000000002d972        0x2 
 .text.pds_peer_data_iterate_prepare
                0x000000000002d974       0x18 _build/nrf52832_xxaa_peer_data_storage.c.o
                0x000000000002d974                pds_peer_data_iterate_prepare
 .text.pds_peer_data_iterate
                0x000000000002d98c       0x8c _build/nrf52832_xxaa_peer_data_storage.c.o
                0x000000000002d98c                pds_peer_data_iterate
 .text.pds_space_reserve
                0x000000000002da18       0x56 _build/nrf52832_xxaa_peer_data_storage.c.o
                0x000000000002da18                pds_space_reserve
 .text.pds_space_reserve_cancel
                0x000000000002da6e       0x26 _build/nrf52832_xxaa_peer_data_storage.c.o
                0x000000000002da6e                pds_space_reserve_cancel
 .text.pds_peer_data_store
                0x000000000002da94      0x13c _build/nrf52832_xxaa_peer_data_storage.c.o
                0x000000000002da94                pds_peer_data_store
 .text.pds_peer_id_allocate
                0x000000000002dbd0       0x12 _build/nrf52832_xxaa_peer_data_storage.c.o
                0x000000000002dbd0                pds_peer_id_allocate
 .text.pds_peer_id_free
                0x000000000002dbe2       0x2a _build/nrf52832_xxaa_peer_data_storage.c.o
                0x000000000002dbe2                pds_peer_id_free
 .text.pds_peer_id_is_allocated
                0x000000000002dc0c       0x1c _build/nrf52832_xxaa_peer_data_storage.c.o
                0x000000000002dc0c                pds_peer_id_is_allocated
 .text.pds_next_peer_id_get
                0x000000000002dc28       0x1c _build/nrf52832_xxaa_peer_data_storage.c.o
                0x000000000002dc28                pds_next_peer_id_get
 .text.pds_next_deleted_peer_id_get
                0x000000000002dc44       0x1c _build/nrf52832_xxaa_peer_data_storage.c.o
                0x000000000002dc44                pds_next_deleted_peer_id_get
 .text.write_buffer_record_invalidate
                0x000000000002dc60       0x58 _build/nrf52832_xxaa_peer_database.c.o
 .text.write_buffer_record_find_next
                0x000000000002dcb8       0x58 _build/nrf52832_xxaa_peer_database.c.o
 .text.write_buffer_record_find
                0x000000000002dd10       0x56 _build/nrf52832_xxaa_peer_database.c.o
 .text.write_buffer_record_find_unused
                0x000000000002dd66       0x14 _build/nrf52832_xxaa_peer_database.c.o
 *fill*         0x000000000002dd7a        0x2 
 .text.write_buffer_record_release
                0x000000000002dd7c       0x44 _build/nrf52832_xxaa_peer_database.c.o
 .text.write_buffer_record_get
                0x000000000002ddc0       0x46 _build/nrf52832_xxaa_peer_database.c.o
 *fill*         0x000000000002de06        0x2 
 .text.pdb_evt_send
                0x000000000002de08       0x34 _build/nrf52832_xxaa_peer_database.c.o
 .text.internal_state_reset
                0x000000000002de3c       0x38 _build/nrf52832_xxaa_peer_database.c.o
 .text.pdb_pds_evt_handler
                0x000000000002de74      0x268 _build/nrf52832_xxaa_peer_database.c.o
                0x000000000002de74                pdb_pds_evt_handler
 .text.pdb_init
                0x000000000002e0dc       0x50 _build/nrf52832_xxaa_peer_database.c.o
                0x000000000002e0dc                pdb_init
 .text.pdb_peer_allocate
                0x000000000002e12c        0xe _build/nrf52832_xxaa_peer_database.c.o
                0x000000000002e12c                pdb_peer_allocate
 .text.pdb_peer_free
                0x000000000002e13a       0x94 _build/nrf52832_xxaa_peer_database.c.o
                0x000000000002e13a                pdb_peer_free
 .text.pdb_peer_data_ptr_get
                0x000000000002e1ce       0x26 _build/nrf52832_xxaa_peer_database.c.o
                0x000000000002e1ce                pdb_peer_data_ptr_get
 .text.peer_data_point_to_buffer
                0x000000000002e1f4       0x44 _build/nrf52832_xxaa_peer_database.c.o
 .text.peer_data_const_point_to_buffer
                0x000000000002e238       0x26 _build/nrf52832_xxaa_peer_database.c.o
 *fill*         0x000000000002e25e        0x2 
 .text.write_buf_length_words_set
                0x000000000002e260       0x70 _build/nrf52832_xxaa_peer_database.c.o
 .text.pdb_write_buf_get
                0x000000000002e2d0      0x188 _build/nrf52832_xxaa_peer_database.c.o
                0x000000000002e2d0                pdb_write_buf_get
 .text.pdb_write_buf_release
                0x000000000002e458       0x5a _build/nrf52832_xxaa_peer_database.c.o
                0x000000000002e458                pdb_write_buf_release
 *fill*         0x000000000002e4b2        0x2 
 .text.pdb_write_buf_store_prepare
                0x000000000002e4b4       0xb0 _build/nrf52832_xxaa_peer_database.c.o
                0x000000000002e4b4                pdb_write_buf_store_prepare
 .text.pdb_write_buf_store
                0x000000000002e564      0x15c _build/nrf52832_xxaa_peer_database.c.o
                0x000000000002e564                pdb_write_buf_store
 .text.pdb_next_peer_id_get
                0x000000000002e6c0       0x1c _build/nrf52832_xxaa_peer_database.c.o
                0x000000000002e6c0                pdb_next_peer_id_get
 .text.pdb_next_deleted_peer_id_get
                0x000000000002e6dc       0x1c _build/nrf52832_xxaa_peer_database.c.o
                0x000000000002e6dc                pdb_next_deleted_peer_id_get
 .text.pdb_raw_store
                0x000000000002e6f8       0x24 _build/nrf52832_xxaa_peer_database.c.o
                0x000000000002e6f8                pdb_raw_store
 .text.internal_state_reset
                0x000000000002e71c       0x1a _build/nrf52832_xxaa_peer_id.c.o
 *fill*         0x000000000002e736        0x2 
 .text.peer_id_init
                0x000000000002e738       0x2c _build/nrf52832_xxaa_peer_id.c.o
                0x000000000002e738                peer_id_init
 .text.claim    0x000000000002e764       0x68 _build/nrf52832_xxaa_peer_id.c.o
 .text.release  0x000000000002e7cc       0x24 _build/nrf52832_xxaa_peer_id.c.o
 .text.peer_id_allocate
                0x000000000002e7f0       0x24 _build/nrf52832_xxaa_peer_id.c.o
                0x000000000002e7f0                peer_id_allocate
 .text.peer_id_delete
                0x000000000002e814       0x40 _build/nrf52832_xxaa_peer_id.c.o
                0x000000000002e814                peer_id_delete
 .text.peer_id_free
                0x000000000002e854       0x30 _build/nrf52832_xxaa_peer_id.c.o
                0x000000000002e854                peer_id_free
 .text.peer_id_is_allocated
                0x000000000002e884       0x2c _build/nrf52832_xxaa_peer_id.c.o
                0x000000000002e884                peer_id_is_allocated
 .text.peer_id_is_deleted
                0x000000000002e8b0       0x2c _build/nrf52832_xxaa_peer_id.c.o
                0x000000000002e8b0                peer_id_is_deleted
 .text.next_id_get
                0x000000000002e8dc       0x50 _build/nrf52832_xxaa_peer_id.c.o
                0x000000000002e8dc                next_id_get
 .text.peer_id_get_next_used
                0x000000000002e92c       0x58 _build/nrf52832_xxaa_peer_id.c.o
                0x000000000002e92c                peer_id_get_next_used
 .text.peer_id_get_next_deleted
                0x000000000002e984       0x24 _build/nrf52832_xxaa_peer_id.c.o
                0x000000000002e984                peer_id_get_next_deleted
 .text.evt_send
                0x000000000002e9a8       0x3c _build/nrf52832_xxaa_peer_manager.c.o
 .text.pm_pdb_evt_handler
                0x000000000002e9e4      0x26c _build/nrf52832_xxaa_peer_manager.c.o
                0x000000000002e9e4                pm_pdb_evt_handler
 .text.pm_sm_evt_handler
                0x000000000002ec50      0x218 _build/nrf52832_xxaa_peer_manager.c.o
                0x000000000002ec50                pm_sm_evt_handler
 .text.pm_gcm_evt_handler
                0x000000000002ee68       0xdc _build/nrf52832_xxaa_peer_manager.c.o
                0x000000000002ee68                pm_gcm_evt_handler
 .text.pm_im_evt_handler
                0x000000000002ef44       0x74 _build/nrf52832_xxaa_peer_manager.c.o
                0x000000000002ef44                pm_im_evt_handler
 .text.pm_on_ble_evt
                0x000000000002efb8       0x38 _build/nrf52832_xxaa_peer_manager.c.o
                0x000000000002efb8                pm_on_ble_evt
 .text.internal_state_reset
                0x000000000002eff0       0x38 _build/nrf52832_xxaa_peer_manager.c.o
 .text.pm_init  0x000000000002f028       0xd0 _build/nrf52832_xxaa_peer_manager.c.o
                0x000000000002f028                pm_init
 .text.pm_register
                0x000000000002f0f8       0x5c _build/nrf52832_xxaa_peer_manager.c.o
                0x000000000002f0f8                pm_register
 .text.pm_sec_params_set
                0x000000000002f154       0x30 _build/nrf52832_xxaa_peer_manager.c.o
                0x000000000002f154                pm_sec_params_set
 .text.pm_conn_sec_config_reply
                0x000000000002f184       0x1e _build/nrf52832_xxaa_peer_manager.c.o
                0x000000000002f184                pm_conn_sec_config_reply
 *fill*         0x000000000002f1a2        0x2 
 .text.pm_local_database_has_changed
                0x000000000002f1a4       0x20 _build/nrf52832_xxaa_peer_manager.c.o
                0x000000000002f1a4                pm_local_database_has_changed
 .text.pm_peer_delete
                0x000000000002f1c4       0x34 _build/nrf52832_xxaa_peer_manager.c.o
                0x000000000002f1c4                pm_peer_delete
 .text.pm_peers_delete
                0x000000000002f1f8       0x9c _build/nrf52832_xxaa_peer_manager.c.o
                0x000000000002f1f8                pm_peers_delete
 .text.pm_buffer_init
                0x000000000002f294       0x7c _build/nrf52832_xxaa_pm_buffer.c.o
                0x000000000002f294                pm_buffer_init
 .text.pm_buffer_block_acquire
                0x000000000002f310       0xa4 _build/nrf52832_xxaa_pm_buffer.c.o
                0x000000000002f310                pm_buffer_block_acquire
 .text.pm_buffer_ptr_get
                0x000000000002f3b4       0x5e _build/nrf52832_xxaa_pm_buffer.c.o
                0x000000000002f3b4                pm_buffer_ptr_get
 .text.pm_buffer_release
                0x000000000002f412       0x56 _build/nrf52832_xxaa_pm_buffer.c.o
                0x000000000002f412                pm_buffer_release
 .text.lock_by_mask
                0x000000000002f468       0x54 _build/nrf52832_xxaa_pm_mutex.c.o
 .text.pm_mutex_init
                0x000000000002f4bc       0x2a _build/nrf52832_xxaa_pm_mutex.c.o
                0x000000000002f4bc                pm_mutex_init
 .text.pm_mutex_lock
                0x000000000002f4e6       0x40 _build/nrf52832_xxaa_pm_mutex.c.o
                0x000000000002f4e6                pm_mutex_lock
 .text.pm_mutex_unlock
                0x000000000002f526       0x6e _build/nrf52832_xxaa_pm_mutex.c.o
                0x000000000002f526                pm_mutex_unlock
 .text.pm_mutex_lock_first_available
                0x000000000002f594       0x5a _build/nrf52832_xxaa_pm_mutex.c.o
                0x000000000002f594                pm_mutex_lock_first_available
 .text.pm_mutex_lock_status_get
                0x000000000002f5ee       0x4a _build/nrf52832_xxaa_pm_mutex.c.o
                0x000000000002f5ee                pm_mutex_lock_status_get
 .text.sd_ble_gap_authenticate
                0x000000000002f638        0x8 _build/nrf52832_xxaa_security_dispatcher.c.o
 .text.sd_ble_gap_sec_params_reply
                0x000000000002f640        0x8 _build/nrf52832_xxaa_security_dispatcher.c.o
 .text.sd_ble_gap_encrypt
                0x000000000002f648        0x8 _build/nrf52832_xxaa_security_dispatcher.c.o
 .text.sd_ble_gap_sec_info_reply
                0x000000000002f650        0x8 _build/nrf52832_xxaa_security_dispatcher.c.o
 .text.evt_send
                0x000000000002f658       0x34 _build/nrf52832_xxaa_security_dispatcher.c.o
 .text.sec_start_send
                0x000000000002f68c       0x3a _build/nrf52832_xxaa_security_dispatcher.c.o
 .text.smd_pdb_evt_handler
                0x000000000002f6c6       0x4e _build/nrf52832_xxaa_security_dispatcher.c.o
                0x000000000002f6c6                smd_pdb_evt_handler
 .text.sec_params_request_process
                0x000000000002f714       0x2c _build/nrf52832_xxaa_security_dispatcher.c.o
 .text.sec_proc_start
                0x000000000002f740       0x8c _build/nrf52832_xxaa_security_dispatcher.c.o
 .text.sec_info_request_process
                0x000000000002f7cc      0x114 _build/nrf52832_xxaa_security_dispatcher.c.o
 .text.sec_request_process
                0x000000000002f8e0       0x5c _build/nrf52832_xxaa_security_dispatcher.c.o
 .text.auth_status_success_process
                0x000000000002f93c      0x110 _build/nrf52832_xxaa_security_dispatcher.c.o
 .text.pairing_failure
                0x000000000002fa4c       0xb4 _build/nrf52832_xxaa_security_dispatcher.c.o
 .text.encryption_failure
                0x000000000002fb00       0x54 _build/nrf52832_xxaa_security_dispatcher.c.o
 .text.link_secure_failure
                0x000000000002fb54       0x7c _build/nrf52832_xxaa_security_dispatcher.c.o
 .text.disconnect_process
                0x000000000002fbd0       0x32 _build/nrf52832_xxaa_security_dispatcher.c.o
 .text.auth_status_failure_process
                0x000000000002fc02       0x2a _build/nrf52832_xxaa_security_dispatcher.c.o
 .text.auth_status_process
                0x000000000002fc2c       0x28 _build/nrf52832_xxaa_security_dispatcher.c.o
 .text.conn_sec_update_process
                0x000000000002fc54       0x88 _build/nrf52832_xxaa_security_dispatcher.c.o
 .text.flag_id_init
                0x000000000002fcdc       0x24 _build/nrf52832_xxaa_security_dispatcher.c.o
 .text.smd_init
                0x000000000002fd00       0x50 _build/nrf52832_xxaa_security_dispatcher.c.o
                0x000000000002fd00                smd_init
 .text.smd_params_reply
                0x000000000002fd50      0x1c0 _build/nrf52832_xxaa_security_dispatcher.c.o
                0x000000000002fd50                smd_params_reply
 .text.link_secure_central_existing_peer
                0x000000000002ff10      0x154 _build/nrf52832_xxaa_security_dispatcher.c.o
 .text.link_secure_central_new_peer
                0x0000000000030064       0xae _build/nrf52832_xxaa_security_dispatcher.c.o
 .text.link_secure_central
                0x0000000000030112       0xc6 _build/nrf52832_xxaa_security_dispatcher.c.o
 .text.link_secure_peripheral
                0x00000000000301d8       0x22 _build/nrf52832_xxaa_security_dispatcher.c.o
 .text.smd_link_secure
                0x00000000000301fa       0x50 _build/nrf52832_xxaa_security_dispatcher.c.o
                0x00000000000301fa                smd_link_secure
 *fill*         0x000000000003024a        0x2 
 .text.smd_ble_evt_handler
                0x000000000003024c       0xa0 _build/nrf52832_xxaa_security_dispatcher.c.o
                0x000000000003024c                smd_ble_evt_handler
 .text.sdk_mapped_flags_any_set
                0x00000000000302ec       0x20 _build/nrf52832_xxaa_security_manager.c.o
 .text.evt_send
                0x000000000003030c       0x2c _build/nrf52832_xxaa_security_manager.c.o
 .text.flags_set_from_err_code
                0x0000000000030338       0xcc _build/nrf52832_xxaa_security_manager.c.o
 .text.events_send_from_err_code
                0x0000000000030404       0x5a _build/nrf52832_xxaa_security_manager.c.o
 *fill*         0x000000000003045e        0x2 
 .text.link_secure